Component: ARM Compiler 5.05 update 2 (build 169) Tool: armlink [4d0f33]

==============================================================================

Section Cross References

    main.o(i.HardWareInit) refers to sj_oled.o(i.OLED_Config) for OLED_Config
    main.o(i.HardWareInit) refers to sj_key.o(i.KEY_Config) for KEY_Config
    main.o(i.HardWareInit) refers to sj_led.o(i.LED_Config) for LED_Config
    main.o(i.HardWareInit) refers to sj_led.o(i.LED_Operate) for LED_Operate
    main.o(i.HardWareInit) refers to sj_pwm.o(i.PWM_Config) for PWM_Config
    main.o(i.HardWareInit) refers to sj_iic.o(i.IIC_Config) for IIC_Config
    main.o(i.HardWareInit) refers to sj_mpu9250.o(i.MPU9250_Config) for MPU9250_Config
    main.o(i.HardWareInit) refers to sj_bmp280.o(i.BMP280_Config) for BMP280_Config
    main.o(i.SoftWareInit) refers to sj_tim.o(i.TIM_Config) for TIM_Config
    main.o(i.SoftWareInit) refers to sj_uart.o(i.USART_Config) for USART_Config
    main.o(i.SoftWareInit) refers to app_dataget.o(i.CyberDataInit) for CyberDataInit
    main.o(i.SoftWareInit) refers to app_mcudeal.o(i.PidDataInit) for PidDataInit
    main.o(i.SoftWareInit) refers to app_mcudeal.o(i.ControlArithmeticInit) for ControlArithmeticInit
    main.o(i.main) refers to main.o(i.HardWareInit) for HardWareInit
    main.o(i.main) refers to main.o(i.SoftWareInit) for SoftWareInit
    main.o(i.main) refers to app_showdebug.o(i.OledShowDebugFace) for OledShowDebugFace
    main.o(i.main) refers to app_uartsend.o(i.UartDataGetAndSend) for UartDataGetAndSend
    main.o(i.main) refers to main.o(.data) for MainStatus
    stm32f10x_it.o(i.TIM2_IRQHandler) refers to stm32f10x_tim.o(i.TIM_GetITStatus) for TIM_GetITStatus
    stm32f10x_it.o(i.TIM2_IRQHandler) refers to sj_led.o(i.LED_Operate) for LED_Operate
    stm32f10x_it.o(i.TIM2_IRQHandler) refers to sj_key.o(i.Key_AddTimeAfterLast) for Key_AddTimeAfterLast
    stm32f10x_it.o(i.TIM2_IRQHandler) refers to app_dataget.o(i.ModuleDataGetAndHandle) for ModuleDataGetAndHandle
    stm32f10x_it.o(i.TIM2_IRQHandler) refers to app_mcudeal.o(i.ControlArithmeticDeal) for ControlArithmeticDeal
    stm32f10x_it.o(i.TIM2_IRQHandler) refers to app_motorctrl.o(i.MotorPwmOutputControl) for MotorPwmOutputControl
    stm32f10x_it.o(i.TIM2_IRQHandler) refers to stm32f10x_tim.o(i.TIM_ClearITPendingBit) for TIM_ClearITPendingBit
    stm32f10x_it.o(i.TIM2_IRQHandler) refers to app_dataget.o(.data) for Cyber
    stm32f10x_it.o(i.UART4_IRQHandler) refers to stm32f10x_usart.o(i.USART_GetITStatus) for USART_GetITStatus
    stm32f10x_it.o(i.UART4_IRQHandler) refers to sj_led.o(i.LED_Operate) for LED_Operate
    stm32f10x_it.o(i.UART4_IRQHandler) refers to stm32f10x_usart.o(i.USART_ReceiveData) for USART_ReceiveData
    stm32f10x_it.o(i.UART4_IRQHandler) refers to stm32f10x_it.o(.data) for i
    stm32f10x_it.o(i.UART4_IRQHandler) refers to stm32f10x_it.o(.bss) for rebuf
    stm32f10x_it.o(i.UART4_IRQHandler) refers to sj_uartmodule.o(.bss) for laserdata
    stm32f10x_it.o(i.UART4_IRQHandler) refers to sj_uartmodule.o(.data) for DistanceBuff
    stm32f10x_it.o(i.USART1_IRQHandler) refers to stm32f10x_usart.o(i.USART_GetITStatus) for USART_GetITStatus
    stm32f10x_it.o(i.USART1_IRQHandler) refers to stm32f10x_usart.o(i.USART_ReceiveData) for USART_ReceiveData
    stm32f10x_it.o(i.USART1_IRQHandler) refers to stm32f10x_usart.o(i.USART_SendData) for USART_SendData
    stm32f10x_it.o(i.USART2_IRQHandler) refers to stm32f10x_usart.o(i.USART_GetITStatus) for USART_GetITStatus
    stm32f10x_it.o(i.USART2_IRQHandler) refers to sj_led.o(i.LED_Operate) for LED_Operate
    stm32f10x_it.o(i.USART2_IRQHandler) refers to stm32f10x_usart.o(i.USART_ReceiveData) for USART_ReceiveData
    stm32f10x_it.o(i.USART2_IRQHandler) refers to memcpya.o(.text) for __aeabi_memcpy
    stm32f10x_it.o(i.USART2_IRQHandler) refers to stm32f10x_it.o(.bss) for rebuf
    stm32f10x_it.o(i.USART2_IRQHandler) refers to stm32f10x_it.o(.data) for i
    stm32f10x_it.o(i.USART2_IRQHandler) refers to sj_uartmodule.o(.bss) for remotedata
    stm32f10x_it.o(i.USART3_IRQHandler) refers to stm32f10x_usart.o(i.USART_GetITStatus) for USART_GetITStatus
    stm32f10x_it.o(i.USART3_IRQHandler) refers to sj_led.o(i.LED_Operate) for LED_Operate
    stm32f10x_it.o(i.USART3_IRQHandler) refers to stm32f10x_usart.o(i.USART_ReceiveData) for USART_ReceiveData
    stm32f10x_it.o(i.USART3_IRQHandler) refers to stm32f10x_it.o(.data) for rc_counter
    stm32f10x_it.o(i.USART3_IRQHandler) refers to sj_uartmodule.o(.bss) for Flow
    sj_led.o(i.LED_Config) refers to stm32f10x_rcc.o(i.RCC_APB2PeriphClockCmd) for RCC_APB2PeriphClockCmd
    sj_led.o(i.LED_Config) refers to stm32f10x_gpio.o(i.GPIO_Init) for GPIO_Init
    sj_led.o(i.LED_Operate) refers to stm32f10x_gpio.o(i.GPIO_ResetBits) for GPIO_ResetBits
    sj_led.o(i.LED_Operate) refers to stm32f10x_gpio.o(i.GPIO_SetBits) for GPIO_SetBits
[...]
    i.IIC_Config                             0x08001a60   Section        0  sj_iic.o(i.IIC_Config)
    i.IIC_start                              0x08001a9c   Section        0  sj_iic.o(i.IIC_start)
    i.IIC_stop                               0x08001acc   Section        0  sj_iic.o(i.IIC_stop)
    i.KEY_Config                             0x08001b00   Section        0  sj_key.o(i.KEY_Config)
    i.KeyChooseSpeed                         0x08001b6c   Section        0  sj_key.o(i.KeyChooseSpeed)
    KeyChooseSpeed                           0x08001b6d   Thumb Code    14  sj_key.o(i.KeyChooseSpeed)
    i.KeyScanfAll                            0x08001b80   Section        0  sj_key.o(i.KeyScanfAll)
    i.Key_AddTimeAfterLast                   0x08001ba8   Section        0  sj_key.o(i.Key_AddTimeAfterLast)
    i.Key_Scanf                              0x08001bc4   Section        0  sj_key.o(i.Key_Scanf)
    i.LED_Config                             0x08001bdc   Section        0  sj_led.o(i.LED_Config)
    i.LED_Operate                            0x08001c30   Section        0  sj_led.o(i.LED_Operate)
    i.LPButterworth                          0x08001d00   Section        0  sj_filter.o(i.LPButterworth)
    i.MPU9250_Config                         0x08001d74   Section        0  sj_mpu9250.o(i.MPU9250_Config)
    i.MPU9250_DataGet                        0x08001dfc   Section        0  sj_mpu9250.o(i.MPU9250_DataGet)
    i.MemManage_Handler                      0x08001e60   Section        0  stm32f10x_it.o(i.MemManage_Handler)
    i.MenuDataChange                         0x08001e64   Section        0  app_showdebug.o(i.MenuDataChange)
    i.ModuleDataGet                          0x08001f14   Section        0  app_dataget.o(i.ModuleDataGet)
    i.ModuleDataGetAndHandle                 0x08001f34   Section        0  app_dataget.o(i.ModuleDataGetAndHandle)
    i.ModuleDataHandle                       0x08001f54   Section        0  app_dataget.o(i.ModuleDataHandle)
    i.MotOutputLimit                         0x08002140   Section        0  app_mcudeal.o(i.MotOutputLimit)
    i.MotorPwmOutputControl                  0x08002154   Section        0  app_motorctrl.o(i.MotorPwmOutputControl)
    i.NMI_Handler                            0x0800221c   Section        0  stm32f10x_it.o(i.NMI_Handler)
    i.NVIC_Init                              0x08002220   Section        0  misc.o(i.NVIC_Init)
    i.NVIC_PriorityGroupConfig               0x08002290   Section        0  misc.o(i.NVIC_PriorityGroupConfig)
    i.NavigationDataCal                      0x080022a4   Section        0  app_mcudeal.o(i.NavigationDataCal)
    i.OLED_Cls                               0x0800231c   Section        0  sj_oled.o(i.OLED_Cls)
    i.OLED_Config                            0x08002354   Section        0  sj_oled.o(i.OLED_Config)
    i.OLED_DLY_ms                            0x080023f4   Section        0  sj_oled.o(i.OLED_DLY_ms)
    i.OLED_Fill                              0x0800240e   Section        0  sj_oled.o(i.OLED_Fill)
    i.OLED_P6x8Char                          0x08002448   Section        0  sj_oled.o(i.OLED_P6x8Char)
    i.OLED_P6x8Float                         0x08002498   Section        0  sj_oled.o(i.OLED_P6x8Float)
    i.OLED_P6x8Int                           0x080025e8   Section        0  sj_oled.o(i.OLED_P6x8Int)
    i.OLED_P6x8Str                           0x08002684   Section        0  sj_oled.o(i.OLED_P6x8Str)
    i.OLED_Pin_Init                          0x080026f0   Section        0  sj_oled.o(i.OLED_Pin_Init)
    i.OLED_Set_Pos                           0x0800274c   Section        0  sj_oled.o(i.OLED_Set_Pos)
    i.OLED_WrCmd                             0x08002770   Section        0  sj_oled.o(i.OLED_WrCmd)
    i.OLED_WrDat                             0x080027d0   Section        0  sj_oled.o(i.OLED_WrDat)
    i.OPTICALFLOW_DataGet                    0x08002830   Section        0  sj_uartmodule.o(i.OPTICALFLOW_DataGet)
    i.OPTICALFLOW_UART_Init                  0x08002964   Section        0  sj_uart.o(i.OPTICALFLOW_UART_Init)
    i.OffsetDataSet                          0x080029f0   Section        0  app_dataget.o(i.OffsetDataSet)
    i.OledShowDebugFace                      0x08002a50   Section        0  app_showdebug.o(i.OledShowDebugFace)
    i.OledShowMessage                        0x08002a60   Section        0  app_showdebug.o(i.OledShowMessage)
    i.PWM_Config                             0x08002db4   Section        0  sj_pwm.o(i.PWM_Config)
    i.PWM_Operate                            0x08002dc0   Section        0  sj_pwm.o(i.PWM_Operate)
    i.PendSV_Handler                         0x08002e0c   Section        0  stm32f10x_it.o(i.PendSV_Handler)
    i.PidDataInit                            0x08002e10   Section        0  app_mcudeal.o(i.PidDataInit)
    i.PostureDataCal                         0x08002f14   Section        0  app_mcudeal.o(i.PostureDataCal)
    i.RCC_APB1PeriphClockCmd                 0x08002f98   Section        0  stm32f10x_rcc.o(i.RCC_APB1PeriphClockCmd)
    i.RCC_APB2PeriphClockCmd                 0x08002fb8   Section        0  stm32f10x_rcc.o(i.RCC_APB2PeriphClockCmd)
    i.RCC_GetClocksFreq                      0x08002fd8   Section        0  stm32f10x_rcc.o(i.RCC_GetClocksFreq)
    i.REMOTEDATA_DataGet                     0x080030ac   Section        0  sj_uartmodule.o(i.REMOTEDATA_DataGet)
    i.REMOTE_UART_Init                       0x080030d4   Section        0  sj_uart.o(i.REMOTE_UART_Init)
    i.RemoteDataCheck                        0x0800315c   Section        0  sj_uartmodule.o(i.RemoteDataCheck)
    i.SCCB_WaitAck                           0x080031c0   Section        0  sj_iic.o(i.SCCB_WaitAck)
    SCCB_WaitAck                             0x080031c1   Thumb Code    64  sj_iic.o(i.SCCB_WaitAck)
    i.SVC_Handler                            0x08003204   Section        0  stm32f10x_it.o(i.SVC_Handler)
    i.ScanfKey                               0x08003208   Section        0  sj_key.o(i.ScanfKey)
    i.SetAddressingMode                      0x08003244   Section        0  sj_oled.o(i.SetAddressingMode)
    i.SetContrastControl                     0x08003256   Section        0  sj_oled.o(i.SetContrastControl)
    i.SetPosiPidParm                         0x08003268   Section        0  sj_pid.o(i.SetPosiPidParm)
    i.SetStartLine                           0x080032cc   Section        0  sj_oled.o(i.SetStartLine)
    i.SetSysClock                            0x080032da   Section        0  system_stm32f10x.o(i.SetSysClock)
    SetSysClock                              0x080032db   Thumb Code     8  system_stm32f10x.o(i.SetSysClock)
    i.SetSysClockTo72                        0x080032e4   Section        0  system_stm32f10x.o(i.SetSysClockTo72)
    SetSysClockTo72                          0x080032e5   Thumb Code   214  system_stm32f10x.o(i.SetSysClockTo72)
    i.Set_Charge_Pump                        0x080033c4   Section        0  sj_oled.o(i.Set_Charge_Pump)
    i.Set_Common_Config                      0x080033d8   Section        0  sj_oled.o(i.Set_Common_Config)
    i.Set_Common_Remap                       0x080033ec   Section        0  sj_oled.o(i.Set_Common_Remap)
    i.Set_Cutoff_Frequency                   0x080033fc   Section        0  sj_filter.o(i.Set_Cutoff_Frequency)
    i.Set_Display_Clock                      0x080034fc   Section        0  sj_oled.o(i.Set_Display_Clock)
    i.Set_Display_Offset                     0x0800350e   Section        0  sj_oled.o(i.Set_Display_Offset)
    i.Set_Display_On_Off                     0x08003520   Section        0  sj_oled.o(i.Set_Display_On_Off)
    i.Set_Entire_Display                     0x0800352e   Section        0  sj_oled.o(i.Set_Entire_Display)
    i.Set_Inverse_Display                    0x0800353c   Section        0  sj_oled.o(i.Set_Inverse_Display)
    i.Set_Multiplex_Ratio                    0x0800354a   Section        0  sj_oled.o(i.Set_Multiplex_Ratio)
    i.Set_Precharge_Period                   0x0800355c   Section        0  sj_oled.o(i.Set_Precharge_Period)
    i.Set_Segment_Remap                      0x0800356e   Section        0  sj_oled.o(i.Set_Segment_Remap)
    i.Set_VCOMH                              0x0800357c   Section        0  sj_oled.o(i.Set_VCOMH)
    i.SoftWareInit                           0x0800358e   Section        0  main.o(i.SoftWareInit)
    i.SysTick_Handler                        0x080035a6   Section        0  stm32f10x_it.o(i.SysTick_Handler)
    i.SystemInit                             0x080035a8   Section        0  system_stm32f10x.o(i.SystemInit)
    i.TIM2_IRQHandler                        0x08003608   Section        0  stm32f10x_it.o(i.TIM2_IRQHandler)
    i.TIM3_GPIO_Config                       0x0800364c   Section        0  sj_pwm.o(i.TIM3_GPIO_Config)
    TIM3_GPIO_Config                         0x0800364d   Thumb Code    88  sj_pwm.o(i.TIM3_GPIO_Config)
    i.TIM3_Mode_Config                       0x080036ac   Section        0  sj_pwm.o(i.TIM3_Mode_Config)
    TIM3_Mode_Config                         0x080036ad   Thumb Code   138  sj_pwm.o(i.TIM3_Mode_Config)
    i.TIM_ClearFlag                          0x0800373c   Section        0  stm32f10x_tim.o(i.TIM_ClearFlag)
    i.TIM_ClearITPendingBit                  0x08003742   Section        0  stm32f10x_tim.o(i.TIM_ClearITPendingBit)
    i.TIM_Cmd                                0x08003748   Section        0  stm32f10x_tim.o(i.TIM_Cmd)
    i.TIM_Config                             0x08003760   Section        0  sj_tim.o(i.TIM_Config)
    i.TIM_GetITStatus                        0x0800376c   Section        0  stm32f10x_tim.o(i.TIM_GetITStatus)
    i.TIM_ITConfig                           0x0800378e   Section        0  stm32f10x_tim.o(i.TIM_ITConfig)
    i.TIM_OC1Init                            0x080037a0   Section        0  stm32f10x_tim.o(i.TIM_OC1Init)
    i.TIM_OC1PreloadConfig                   0x08003838   Section        0  stm32f10x_tim.o(i.TIM_OC1PreloadConfig)
    i.TIM_OC2Init                            0x0800384c   Section        0  stm32f10x_tim.o(i.TIM_OC2Init)
    i.TIM_OC2PreloadConfig                   0x080038f0   Section        0  stm32f10x_tim.o(i.TIM_OC2PreloadConfig)
    i.TIM_OC3Init                            0x0800390c   Section        0  stm32f10x_tim.o(i.TIM_OC3Init)
    i.TIM_OC3PreloadConfig                   0x080039ac   Section        0  stm32f10x_tim.o(i.TIM_OC3PreloadConfig)
    i.TIM_OC4Init                            0x080039c0   Section        0  stm32f10x_tim.o(i.TIM_OC4Init)
    i.TIM_OC4PreloadConfig                   0x08003a3c   Section        0  stm32f10x_tim.o(i.TIM_OC4PreloadConfig)
    i.TIM_TimeBaseInit                       0x08003a58   Section        0  stm32f10x_tim.o(i.TIM_TimeBaseInit)
    i.UART4_IRQHandler                       0x08003afc   Section        0  stm32f10x_it.o(i.UART4_IRQHandler)
    i.UART_NVIC_Config                       0x08003bb0   Section        0  sj_uart.o(i.UART_NVIC_Config)
    UART_NVIC_Config                         0x08003bb1   Thumb Code   154  sj_uart.o(i.UART_NVIC_Config)
    i.USART1_IRQHandler                      0x08003c4c   Section        0  stm32f10x_it.o(i.USART1_IRQHandler)
    i.USART2_IRQHandler                      0x08003c70   Section        0  stm32f10x_it.o(i.USART2_IRQHandler)
    i.USART3_IRQHandler                      0x08003cf0   Section        0  stm32f10x_it.o(i.USART3_IRQHandler)
    i.USART_Cmd                              0x08003db8   Section        0  stm32f10x_usart.o(i.USART_Cmd)
    i.USART_Config                           0x08003dd0   Section        0  sj_uart.o(i.USART_Config)
    i.USART_GetFlagStatus                    0x08003de8   Section        0  stm32f10x_usart.o(i.USART_GetFlagStatus)
    i.USART_GetITStatus                      0x08003e02   Section        0  stm32f10x_usart.o(i.USART_GetITStatus)
    i.USART_ITConfig                         0x08003e56   Section        0  stm32f10x_usart.o(i.USART_ITConfig)
    i.USART_Init                             0x08003ea0   Section        0  stm32f10x_usart.o(i.USART_Init)
    i.USART_ReceiveData                      0x08003f78   Section        0  stm32f10x_usart.o(i.USART_ReceiveData)
    i.USART_SendData                         0x08003f82   Section        0  stm32f10x_usart.o(i.USART_SendData)
    i.UartDataGetAndSend                     0x08003f8c   Section        0  app_uartsend.o(i.UartDataGetAndSend)
    i.UsageFault_Handler                     0x08003fc4   Section        0  stm32f10x_it.o(i.UsageFault_Handler)
    i.__ARM_fpclassify                       0x08003fc8   Section        0  fpclassify.o(i.__ARM_fpclassify)
    i.__ARM_fpclassifyf                      0x08003ff0   Section        0  fpclassifyf.o(i.__ARM_fpclassifyf)
    i.__aeabi_errno_addr                     0x08004018   Section        0  errno.o(i.__aeabi_errno_addr)
    i.__kernel_poly                          0x08004020   Section        0  poly.o(i.__kernel_poly)
    i.__mathlib_dbl_divzero                  0x080040cc   Section        0  dunder.o(i.__mathlib_dbl_divzero)
    i.__mathlib_dbl_infnan                   0x080040dc   Section        0  dunder.o(i.__mathlib_dbl_infnan)
    i.__mathlib_dbl_infnan2                  0x080040e2   Section        0  dunder.o(i.__mathlib_dbl_infnan2)
    i.__mathlib_dbl_invalid                  0x080040e6   Section        0  dunder.o(i.__mathlib_dbl_invalid)
    i.__mathlib_dbl_overflow                 0x080040f2   Section        0  dunder.o(i.__mathlib_dbl_overflow)
    i.__mathlib_dbl_underflow                0x08004100   Section        0  dunder.o(i.__mathlib_dbl_underflow)
    i.__mathlib_flt_infnan                   0x08004110   Section        0  funder.o(i.__mathlib_flt_infnan)
    i.__mathlib_flt_invalid                  0x08004116   Section        0  funder.o(i.__mathlib_flt_invalid)
    i.__mathlib_flt_underflow                0x0800411e   Section        0  funder.o(i.__mathlib_flt_underflow)
    i.__mathlib_rredf2                       0x08004128   Section        0  rredf.o(i.__mathlib_rredf2)
    i.__scatterload_copy                     0x08004290   Section       14  handlers.o(i.__scatterload_copy)
    i.__scatterload_null                     0x0800429e   Section        2  handlers.o(i.__scatterload_null)
    i.__scatterload_zeroinit                 0x080042a0   Section       14  handlers.o(i.__scatterload_zeroinit)
    i.__set_errno                            0x080042b0   Section        0  errno.o(i.__set_errno)
    i.atan                                   0x080042bc   Section        0  atan.o(i.atan)
    i.bmp280CompensateP                      0x080044dc   Section        0  sj_bmp280.o(i.bmp280CompensateP)
    bmp280CompensateP                        0x080044dd   Thumb Code   412  sj_bmp280.o(i.bmp280CompensateP)
    i.bmp280CompensateT                      0x0800467c   Section        0  sj_bmp280.o(i.bmp280CompensateT)
    bmp280CompensateT                        0x0800467d   Thumb Code   272  sj_bmp280.o(i.bmp280CompensateT)
    i.bmp280GetPressure                      0x0800479c   Section        0  sj_bmp280.o(i.bmp280GetPressure)
    bmp280GetPressure                        0x0800479d   Thumb Code    64  sj_bmp280.o(i.bmp280GetPressure)
    i.bmp280PressureToAltitude               0x080047e4   Section        0  sj_bmp280.o(i.bmp280PressureToAltitude)
    bmp280PressureToAltitude                 0x080047e5   Thumb Code    76  sj_bmp280.o(i.bmp280PressureToAltitude)
    i.cosf                                   0x08004840   Section        0  cosf.o(i.cosf)
    i.digits                                 0x080049bc   Section        0  sj_oled.o(i.digits)
    digits                                   0x080049bd   Thumb Code    34  sj_oled.o(i.digits)
    i.highspeeddatafuse                      0x080049e0   Section        0  sj_uartmodule.o(i.highspeeddatafuse)
    i.invSqrt                                0x08004af8   Section        0  sj_mpu9250.o(i.invSqrt)
    i.main                                   0x08004b44   Section        0  main.o(i.main)
    i.my_power                               0x08004b98   Section        0  sj_oled.o(i.my_power)
    my_power                                 0x08004b99   Thumb Code    20  sj_oled.o(i.my_power)
    i.pow                                    0x08004bac   Section        0  pow.o(i.pow)
    i.presssureFilter                        0x08005564   Section        0  sj_bmp280.o(i.presssureFilter)
    presssureFilter                          0x08005565   Thumb Code   232  sj_bmp280.o(i.presssureFilter)
    i.read_ch                                0x0800565c   Section        0  sj_iic.o(i.read_ch)
    i.send_ch                                0x080056cc   Section        0  sj_iic.o(i.send_ch)
    i.simiic_delay                           0x0800571c   Section        0  sj_iic.o(i.simiic_delay)
    i.simiic_read_reg                        0x0800572c   Section        0  sj_iic.o(i.simiic_read_reg)
    i.simiic_read_regs                       0x08005776   Section        0  sj_iic.o(i.simiic_read_regs)
    i.simiic_write_reg                       0x080057d8   Section        0  sj_iic.o(i.simiic_write_reg)
    i.sqrt                                   0x08005802   Section        0  sqrt.o(i.sqrt)
    i.tanf                                   0x08005850   Section        0  tanf.o(i.tanf)
    i.uart_putbuff                           0x080059c4   Section        0  app_uartsend.o(i.uart_putbuff)
    i.uart_send_char                         0x080059e2   Section        0  app_uartsend.o(i.uart_send_char)
    i.vcan_sendware                          0x08005a00   Section        0  app_uartsend.o(i.vcan_sendware)
    .constdata                               0x08005a3c   Section      615  sj_oled.o(.constdata)
    .constdata                               0x08005ca8   Section      152  atan.o(.constdata)
    atanhi                                   0x08005ca8   Data          32  atan.o(.constdata)
    atanlo                                   0x08005cc8   Data          32  atan.o(.constdata)
    aTodd                                    0x08005ce8   Data          40  atan.o(.constdata)
    aTeven                                   0x08005d10   Data          48  atan.o(.constdata)
    .constdata                               0x08005d40   Section      136  pow.o(.constdata)
    bp                                       0x08005d40   Data          16  pow.o(.constdata)
    dp_h                                     0x08005d50   Data          16  pow.o(.constdata)
    dp_l                                     0x08005d60   Data          16  pow.o(.constdata)
    L                                        0x08005d70   Data          48  pow.o(.constdata)
    P                                        0x08005da0   Data          40  pow.o(.constdata)
    .constdata                               0x08005dc8   Section        8  qnan.o(.constdata)
    .constdata                               0x08005dd0   Section       32  rredf.o(.constdata)
    twooverpi                                0x08005dd0   Data          32  rredf.o(.constdata)
    .constdata                               0x08005df0   Section      129  ctype_o.o(.constdata)
    .constdata                               0x08005e74   Section        4  ctype_o.o(.constdata)
    table                                    0x08005e74   Data           4  ctype_o.o(.constdata)
    .data                                    0x20000000   Section        1  main.o(.data)
    .data                                    0x20000004   Section       12  stm32f10x_it.o(.data)
    i                                        0x20000004   Data           4  stm32f10x_it.o(.data)
    i                                        0x20000008   Data           1  stm32f10x_it.o(.data)
    rc_counter                               0x2000000c   Data           4  stm32f10x_it.o(.data)
    .data                                    0x20000010   Section       10  sj_key.o(.data)
    key                                      0x20000010   Data           6  sj_key.o(.data)
    delt                                     0x20000018   Data           2  sj_key.o(.data)
    .data                                    0x2000001c   Section       72  sj_filter.o(.data)
    .data                                    0x20000064   Section       12  sj_mpu9250.o(.data)
    .data                                    0x20000070   Section       24  sj_bmp280.o(.data)
    bmp280ID                                 0x20000070   Data           4  sj_bmp280.o(.data)
    bmp280RawPressure                        0x20000074   Data           4  sj_bmp280.o(.data)
    bmp280RawTemperature                     0x20000078   Data           4  sj_bmp280.o(.data)
    i                                        0x2000007c   Data           4  sj_bmp280.o(.data)
    t                                        0x20000080   Data           4  sj_bmp280.o(.data)
    p                                        0x20000084   Data           4  sj_bmp280.o(.data)
    .data                                    0x20000088   Section       48  sj_uartmodule.o(.data)
    last_laser                               0x200000a0   Data           4  sj_uartmodule.o(.data)
    last_laserspeed                          0x200000a4   Data           4  sj_uartmodule.o(.data)
    last_anglep                              0x200000a8   Data           4  sj_uartmodule.o(.data)
    last_angler                              0x200000ac   Data           4  sj_uartmodule.o(.data)
    last_deltax                              0x200000b0   Data           4  sj_uartmodule.o(.data)
    last_deltay                              0x200000b4   Data           4  sj_uartmodule.o(.data)
    .data                                    0x200000b8   Section        8  app_dataget.o(.data)
    .data                                    0x200000c0   Section        4  app_mcudeal.o(.data)
    cc                                       0x200000c0   Data           4  app_mcudeal.o(.data)
    .data                                    0x200000c4   Section        8  app_showdebug.o(.data)
    menus                                    0x200000c4   Data           4  app_showdebug.o(.data)
    lines                                    0x200000c8   Data           4  app_showdebug.o(.data)
    .data                                    0x200000cc   Section       20  stm32f10x_rcc.o(.data)
    APBAHBPrescTable                         0x200000cc   Data          16  stm32f10x_rcc.o(.data)
    ADCPrescTable                            0x200000dc   Data           4  stm32f10x_rcc.o(.data)
    .data                                    0x200000e0   Section        4  errno.o(.data)
    _errno                                   0x200000e0   Data           4  errno.o(.data)
    .bss                                     0x200000e4   Section       50  stm32f10x_it.o(.bss)
    rebuf                                    0x200000e4   Data          30  stm32f10x_it.o(.bss)
    rebuf                                    0x20000102   Data          20  stm32f10x_it.o(.bss)
    .bss                                     0x20000118   Section      504  sj_mpu9250.o(.bss)
    .bss                                     0x20000310   Section       84  sj_bmp280.o(.bss)
    filter_buf                               0x20000350   Data          20  sj_bmp280.o(.bss)
    .bss                                     0x20000364   Section      190  sj_uartmodule.o(.bss)
    .bss                                     0x20000424   Section      180  app_dataget.o(.bss)
    .bss                                     0x200004d8   Section     1080  app_mcudeal.o(.bss)
    .bss                                     0x20000910   Section       16  app_uartsend.o(.bss)
    STACK                                    0x20000920   Section     1024  startup_stm32f10x_hd.o(STACK)

    Global Symbols

    Symbol Name                              Value     Ov Type        Size  Object(Section)

    BuildAttributes$$THM_ISAv4$P$D$K$B$S$PE$A:L22UL41UL21$X:L11$S22US41US21$IEEE1$IW$USESV6$~STKCKD$USESV7$~SHL$OTIME$ROPI$IEEEX$EBA8$MICROLIB$REQ8$PRES8$EABIv2 0x00000000   Number         0  anon$$obj.o ABSOLUTE
    __ARM_use_no_argv                        0x00000000   Number         0  main.o ABSOLUTE
    __cpp_initialize__aeabi_                  - Undefined Weak Reference
    __cxa_finalize                            - Undefined Weak Reference
    __decompress                              - Undefined Weak Reference
    _clock_init                               - Undefined Weak Reference
    _microlib_exit                            - Undefined Weak Reference
    __Vectors_Size                           0x00000130   Number         0  startup_stm32f10x_hd.o ABSOLUTE
    __Vectors                                0x08000000   Data           4  startup_stm32f10x_hd.o(RESET)
    __Vectors_End                            0x08000130   Data           0  startup_stm32f10x_hd.o(RESET)
    __main                                   0x08000131   Thumb Code     0  entry.o(.ARM.Collect$$$$00000000)
    _main_stk                                0x08000131   Thumb Code     0  entry2.o(.ARM.Collect$$$$00000001)
    _main_scatterload                        0x08000135   Thumb Code     0  entry5.o(.ARM.Collect$$$$00000004)
    __main_after_scatterload                 0x08000139   Thumb Code     0  entry5.o(.ARM.Collect$$$$00000004)
    _main_clock                              0x08000139   Thumb Code     0  entry7b.o(.ARM.Collect$$$$00000008)
    _main_cpp_init                           0x08000139   Thumb Code     0  entry8b.o(.ARM.Collect$$$$0000000A)
    _main_init                               0x08000139   Thumb Code     0  entry9a.o(.ARM.Collect$$$$0000000B)
    __rt_final_cpp                           0x08000141   Thumb Code     0  entry10a.o(.ARM.Collect$$$$0000000D)
    __rt_final_exit                          0x08000141   Thumb Code     0  entry11a.o(.ARM.Collect$$$$0000000F)
    Reset_Handler                            0x08000145   Thumb Code     8  startup_stm32f10x_hd.o(.text)
    ADC1_2_IRQHandler                        0x0800015f   Thumb Code     0  startup_stm32f10x_hd.o(.text)
    ADC3_IRQHandler                          0x0800015f   Thumb Code     0  startup_stm32f10x_hd.o(.text)
    CAN1_RX1_IRQHandler                      0x0800015f   Thumb Code     0  startup_stm32f10x_hd.o(.text)
    CAN1_SCE_IRQHandler                      0x0800015f   Thumb Code     0  startup_stm32f10x_hd.o(.text)
    DMA1_Channel1_IRQHandler                 0x0800015f   Thumb Code     0  startup_stm32f10x_hd.o(.text)
    DMA1_Channel2_IRQHandler                 0x0800015f   Thumb Code     0  startup_stm32f10x_hd.o(.text)
    DMA1_Channel3_IRQHandler                 0x0800015f   Thumb Code     0  startup_stm32f10x_hd.o(.text)
    DMA1_Channel4_IRQHandler                 0x0800015f   Thumb Code     0  startup_stm32f10x_hd.o(.text)
    DMA1_Channel5_IRQHandler                 0x0800015f   Thumb Code     0  startup_stm32f10x_hd.o(.text)
    DMA1_Channel6_IRQHandler                 0x0800015f   Thumb Code     0  startup_stm32f10x_hd.o(.text)
    DMA1_Channel7_IRQHandler                 0x0800015f   Thumb Code     0  startup_stm32f10x_hd.o(.text)
    DMA2_Channel1_IRQHandler                 0x0800015f   Thumb Code     0  startup_stm32f10x_hd.o(.text)
    DMA2_Channel2_IRQHandler                 0x0800015f   Thumb Code     0  startup_stm32f10x_hd.o(.text)
    DMA2_Channel3_IRQHandler                 0x0800015f   Thumb Code     0  startup_stm32f10x_hd.o(.text)
    DMA2_Channel4_5_IRQHandler               0x0800015f   Thumb Code     0  startup_stm32f10x_hd.o(.text)
    EXTI0_IRQHandler                         0x0800015f   Thumb Code     0  startup_stm32f10x_hd.o(.text)
    EXTI15_10_IRQHandler                     0x0800015f   Thumb Code     0  startup_stm32f10x_hd.o(.text)
    EXTI1_IRQHandler                         0x0800015f   Thumb Code     0  startup_stm32f10x_hd.o(.text)
    EXTI2_IRQHandler                         0x0800015f   Thumb Code     0  startup_stm32f10x_hd.o(.text)
    EXTI3_IRQHandler                         0x0800015f   Thumb Code     0  startup_stm32f10x_hd.o(.text)
    EXTI4_IRQHandler                         0x0800015f   Thumb Code     0  startup_stm32f10x_hd.o(.text)
    EXTI9_5_IRQHandler                       0x0800015f   Thumb Code     0  startup_stm32f10x_hd.o(.text)
    FLASH_IRQHandler                         0x0800015f   Thumb Code     0  startup_stm32f10x_hd.o(.text)
    FSMC_IRQHandler                          0x0800015f   Thumb Code     0  startup_stm32f10x_hd.o(.text)
    I2C1_ER_IRQHandler                       0x0800015f   Thumb Code     0  startup_stm32f10x_hd.o(.text)
    I2C1_EV_IRQHandler                       0x0800015f   Thumb Code     0  startup_stm32f10x_hd.o(.text)
    I2C2_ER_IRQHandler                       0x0800015f   Thumb Code     0  startup_stm32f10x_hd.o(.text)
    I2C2_EV_IRQHandler                       0x0800015f   Thumb Code     0  startup_stm32f10x_hd.o(.text)
    PVD_IRQHandler                           0x0800015f   Thumb Code     0  startup_stm32f10x_hd.o(.text)
    RCC_IRQHandler                           0x0800015f   Thumb Code     0  startup_stm32f10x_hd.o(.text)
    RTCAlarm_IRQHandler                      0x0800015f   Thumb Code     0  startup_stm32f10x_hd.o(.text)
    RTC_IRQHandler                           0x0800015f   Thumb Code     0  startup_stm32f10x_hd.o(.text)
    SDIO_IRQHandler                          0x0800015f   Thumb Code     0  startup_stm32f10x_hd.o(.text)
    SPI1_IRQHandler                          0x0800015f   Thumb Code     0  startup_stm32f10x_hd.o(.text)
    SPI2_IRQHandler                          0x0800015f   Thumb Code     0  startup_stm32f10x_hd.o(.text)
    SPI3_IRQHandler                          0x0800015f   Thumb Code     0  startup_stm32f10x_hd.o(.text)
    TAMPER_IRQHandler                        0x0800015f   Thumb Code     0  startup_stm32f10x_hd.o(.text)
    TIM1_BRK_IRQHandler                      0x0800015f   Thumb Code     0  startup_stm32f10x_hd.o(.text)
    TIM1_CC_IRQHandler                       0x0800015f   Thumb Code     0  startup_stm32f10x_hd.o(.text)
    TIM1_TRG_COM_IRQHandler                  0x0800015f   Thumb Code     0  startup_stm32f10x_hd.o(.text)
    TIM1_UP_IRQHandler                       0x0800015f   Thumb Code     0  startup_stm32f10x_hd.o(.text)
    TIM3_IRQHandler                          0x0800015f   Thumb Code     0  startup_stm32f10x_hd.o(.text)
    TIM4_IRQHandler                          0x0800015f   Thumb Code     0  startup_stm32f10x_hd.o(.text)
    TIM5_IRQHandler                          0x0800015f   Thumb Code     0  startup_stm32f10x_hd.o(.text)
    TIM6_IRQHandler                          0x0800015f   Thumb Code     0  startup_stm32f10x_hd.o(.text)
    TIM7_IRQHandler                          0x0800015f   Thumb Code     0  startup_stm32f10x_hd.o(.text)
    TIM8_BRK_IRQHandler                      0x0800015f   Thumb Code     0  startup_stm32f10x_hd.o(.text)
    TIM8_CC_IRQHandler                       0x0800015f   Thumb Code     0  startup_stm32f10x_hd.o(.text)
    TIM8_TRG_COM_IRQHandler                  0x0800015f   Thumb Code     0  startup_stm32f10x_hd.o(.text)
    TIM8_UP_IRQHandler                       0x0800015f   Thumb Code     0  startup_stm32f10x_hd.o(.text)
    UART5_IRQHandler                         0x0800015f   Thumb Code     0  startup_stm32f10x_hd.o(.text)
    USBWakeUp_IRQHandler                     0x0800015f   Thumb Code     0  startup_stm32f10x_hd.o(.text)
    USB_HP_CAN1_TX_IRQHandler                0x0800015f   Thumb Code     0  startup_stm32f10x_hd.o(.text)
    USB_LP_CAN1_RX0_IRQHandler               0x0800015f   Thumb Code     0  startup_stm32f10x_hd.o(.text)
    WWDG_IRQHandler                          0x0800015f   Thumb Code     0  startup_stm32f10x_hd.o(.text)
    __aeabi_ldivmod                          0x08000169   Thumb Code    98  ldiv.o(.text)
    __aeabi_memcpy                           0x080001cb   Thumb Code    36  memcpya.o(.text)
    __aeabi_memcpy4                          0x080001cb   Thumb Code     0  memcpya.o(.text)
    __aeabi_memcpy8                          0x080001cb   Thumb Code     0  memcpya.o(.text)
    strlen                                   0x080001ef   Thumb Code    14  strlen.o(.text)
    atoi                                     0x080001fd   Thumb Code    26  atoi.o(.text)
    __aeabi_fadd                             0x08000217   Thumb Code   164  fadd.o(.text)
    __aeabi_fsub                             0x080002bb   Thumb Code     6  fadd.o(.text)
    __aeabi_frsub                            0x080002c1   Thumb Code     6  fadd.o(.text)
    __aeabi_fmul                             0x080002c7   Thumb Code   100  fmul.o(.text)
    __aeabi_fdiv                             0x0800032b   Thumb Code   124  fdiv.o(.text)
    __aeabi_dadd                             0x080003a7   Thumb Code   322  dadd.o(.text)
    __aeabi_dsub                             0x080004e9   Thumb Code     6  dadd.o(.text)
    __aeabi_drsub                            0x080004ef   Thumb Code     6  dadd.o(.text)
    __aeabi_dmul                             0x080004f5   Thumb Code   228  dmul.o(.text)
    __aeabi_ddiv                             0x080005d9   Thumb Code   222  ddiv.o(.text)
    __aeabi_i2f                              0x080006b7   Thumb Code    18  fflti.o(.text)
    __aeabi_ui2f                             0x080006c9   Thumb Code    10  ffltui.o(.text)
    __aeabi_i2d                              0x080006d3   Thumb Code    34  dflti.o(.text)
    __aeabi_f2iz                             0x080006f5   Thumb Code    50  ffixi.o(.text)
    __aeabi_f2uiz                            0x08000727   Thumb Code    40  ffixui.o(.text)
    __aeabi_d2iz                             0x0800074f   Thumb Code    62  dfixi.o(.text)
    __aeabi_f2d                              0x0800078d   Thumb Code    38  f2d.o(.text)
    __aeabi_cdcmpeq                          0x080007b5   Thumb Code     0  cdcmple.o(.text)
    __aeabi_cdcmple                          0x080007b5   Thumb Code    48  cdcmple.o(.text)
    __aeabi_cdrcmple                         0x080007e5   Thumb Code    48  cdrcmple.o(.text)
    __aeabi_d2f                              0x08000815   Thumb Code    56  d2f.o(.text)
    __aeabi_cfcmpeq                          0x0800084d   Thumb Code     0  cfcmple.o(.text)
    __aeabi_cfcmple                          0x0800084d   Thumb Code    20  cfcmple.o(.text)
    __aeabi_cfrcmple                         0x08000861   Thumb Code    20  cfrcmple.o(.text)
    __aeabi_uldivmod                         0x08000875   Thumb Code    98  uldiv.o(.text)
    __aeabi_llsl                             0x080008d7   Thumb Code    30  llshl.o(.text)
    _ll_shift_l                              0x080008d7   Thumb Code     0  llshl.o(.text)
    __aeabi_llsr                             0x080008f5   Thumb Code    32  llushr.o(.text)
    _ll_ushift_r                             0x080008f5   Thumb Code     0  llushr.o(.text)
    __aeabi_lasr                             0x08000915   Thumb Code    36  llsshr.o(.text)
    _ll_sshift_r                             0x08000915   Thumb Code     0  llsshr.o(.text)
    strtol                                   0x08000939   Thumb Code   112  strtol.o(.text)
    __I$use$fp                               0x080009a9   Thumb Code     0  iusefp.o(.text)
    _float_round                             0x080009a9   Thumb Code    18  fepilogue.o(.text)
    _float_epilogue                          0x080009bb   Thumb Code    92  fepilogue.o(.text)
    _frnd                                    0x08000a17   Thumb Code    60  frnd.o(.text)
    _double_round                            0x08000a53   Thumb Code    30  depilogue.o(.text)
    _double_epilogue                         0x08000a71   Thumb Code   156  depilogue.o(.text)
    __ARM_scalbn                             0x08000b0d   Thumb Code    46  dscalb.o(.text)
    scalbn                                   0x08000b0d   Thumb Code     0  dscalb.o(.text)
    _dsqrt                                   0x08000b3b   Thumb Code   162  dsqrt.o(.text)
    __scatterload                            0x08000bdd   Thumb Code    28  init.o(.text)
    __scatterload_rt2                        0x08000bdd   Thumb Code     0  init.o(.text)
    __rt_ctype_table                         0x08000c01   Thumb Code     4  ctype_o.o(.text)
    _strtoul                                 0x08000c09   Thumb Code   158  _strtoul.o(.text)
    __ARM_scalbnf                            0x08000ca7   Thumb Code    24  fscalb.o(.text)
    scalbnf                                  0x08000ca7   Thumb Code     0  fscalb.o(.text)
    _chval                                   0x08000cbf   Thumb Code    28  _chval.o(.text)
    AnalysisRemoteData                       0x08000cdb   Thumb Code   192  sj_uartmodule.o(i.AnalysisRemoteData)
    BMP280_Config                            0x08000d9d   Thumb Code   490  sj_bmp280.o(i.BMP280_Config)
    BMP280_DataGet                           0x08000f9d   Thumb Code   116  sj_bmp280.o(i.BMP280_DataGet)
    BusFault_Handler                         0x08001031   Thumb Code     4  stm32f10x_it.o(i.BusFault_Handler)
    CalcPosiPidOut                           0x08001035   Thumb Code   240  sj_pid.o(i.CalcPosiPidOut)
    ControlArithmeticDeal                    0x0800112d   Thumb Code   392  app_mcudeal.o(i.ControlArithmeticDeal)
    ControlArithmeticInit                    0x080012cd   Thumb Code     2  app_mcudeal.o(i.ControlArithmeticInit)
    CountAngleGyro                           0x080012d1   Thumb Code   420  sj_mpu9250.o(i.CountAngleGyro)
    CyberDataInit                            0x0800149d   Thumb Code    12  app_dataget.o(i.CyberDataInit)
    DEBUG_UART_Init                          0x080014ad   Thumb Code   132  sj_uart.o(i.DEBUG_UART_Init)
    DISTANCEDATA_DataGet                     0x08001539   Thumb Code    80  sj_uartmodule.o(i.DISTANCEDATA_DataGet)
    DISTANCE_UART_Init                       0x08001591   Thumb Code   132  sj_uart.o(i.DISTANCE_UART_Init)
    DebugDataPart                            0x0800161d   Thumb Code    36  app_showdebug.o(i.DebugDataPart)
    DebugMon_Handler                         0x08001645   Thumb Code     2  stm32f10x_it.o(i.DebugMon_Handler)
    GPIO_Init                                0x080016bd   Thumb Code   278  stm32f10x_gpio.o(i.GPIO_Init)
    GPIO_ReadInputDataBit                    0x080017d3   Thumb Code    18  stm32f10x_gpio.o(i.GPIO_ReadInputDataBit)
    GPIO_ResetBits                           0x080017e5   Thumb Code     4  stm32f10x_gpio.o(i.GPIO_ResetBits)
    GPIO_SetBits                             0x080017e9   Thumb Code     4  stm32f10x_gpio.o(i.GPIO_SetBits)
    GetAccData                               0x080017ed   Thumb Code   206  sj_mpu9250.o(i.GetAccData)
    GetGyroData                              0x080018d5   Thumb Code   218  sj_mpu9250.o(i.GetGyroData)
    GetTempData                              0x080019c9   Thumb Code    34  sj_mpu9250.o(i.GetTempData)
    HardFault_Handler                        0x080019f1   Thumb Code     4  stm32f10x_it.o(i.HardFault_Handler)
    HardWareInit                             0x080019f5   Thumb Code    40  main.o(i.HardWareInit)
    I2C_SendACK                              0x08001a1d   Thumb Code    62  sj_iic.o(i.I2C_SendACK)
    IIC_Config                               0x08001a61   Thumb Code    56  sj_iic.o(i.IIC_Config)
    IIC_start                                0x08001a9d   Thumb Code    44  sj_iic.o(i.IIC_start)
    IIC_stop                                 0x08001acd   Thumb Code    48  sj_iic.o(i.IIC_stop)
    KEY_Config                               0x08001b01   Thumb Code   102  sj_key.o(i.KEY_Config)
    KeyScanfAll                              0x08001b81   Thumb Code    34  sj_key.o(i.KeyScanfAll)
    Key_AddTimeAfterLast                     0x08001ba9   Thumb Code    24  sj_key.o(i.Key_AddTimeAfterLast)
    Key_Scanf                                0x08001bc5   Thumb Code    20  sj_key.o(i.Key_Scanf)
    LED_Config                               0x08001bdd   Thumb Code    80  sj_led.o(i.LED_Config)
    LED_Operate                              0x08001c31   Thumb Code   202  sj_led.o(i.LED_Operate)
    LPButterworth                            0x08001d01   Thumb Code   116  sj_filter.o(i.LPButterworth)
    MPU9250_Config                           0x08001d75   Thumb Code   116  sj_mpu9250.o(i.MPU9250_Config)
    MPU9250_DataGet                          0x08001dfd   Thumb Code    76  sj_mpu9250.o(i.MPU9250_DataGet)
    MemManage_Handler                        0x08001e61   Thumb Code     4  stm32f10x_it.o(i.MemManage_Handler)
    MenuDataChange                           0x08001e65   Thumb Code   164  app_showdebug.o(i.MenuDataChange)
    ModuleDataGet                            0x08001f15   Thumb Code    24  app_dataget.o(i.ModuleDataGet)
    ModuleDataGetAndHandle                   0x08001f35   Thumb Code    26  app_dataget.o(i.ModuleDataGetAndHandle)
    ModuleDataHandle                         0x08001f55   Thumb Code   460  app_dataget.o(i.ModuleDataHandle)
    MotOutputLimit                           0x08002141   Thumb Code    20  app_mcudeal.o(i.MotOutputLimit)
    MotorPwmOutputControl                    0x08002155   Thumb Code   180  app_motorctrl.o(i.MotorPwmOutputControl)
    NMI_Handler                              0x0800221d   Thumb Code     2  stm32f10x_it.o(i.NMI_Handler)
    NVIC_Init                                0x08002221   Thumb Code   100  misc.o(i.NVIC_Init)
    NVIC_PriorityGroupConfig                 0x08002291   Thumb Code    10  misc.o(i.NVIC_PriorityGroupConfig)
    NavigationDataCal                        0x080022a5   Thumb Code    90  app_mcudeal.o(i.NavigationDataCal)
    OLED_Cls                                 0x0800231d   Thumb Code    56  sj_oled.o(i.OLED_Cls)
    OLED_Config                              0x08002355   Thumb Code   154  sj_oled.o(i.OLED_Config)
    OLED_DLY_ms                              0x080023f5   Thumb Code    26  sj_oled.o(i.OLED_DLY_ms)
    OLED_Fill                                0x0800240f   Thumb Code    58  sj_oled.o(i.OLED_Fill)
    OLED_P6x8Char                            0x08002449   Thumb Code    74  sj_oled.o(i.OLED_P6x8Char)
    OLED_P6x8Float                           0x08002499   Thumb Code   336  sj_oled.o(i.OLED_P6x8Float)
    OLED_P6x8Int                             0x080025e9   Thumb Code   154  sj_oled.o(i.OLED_P6x8Int)
    OLED_P6x8Str                             0x08002685   Thumb Code   104  sj_oled.o(i.OLED_P6x8Str)
    OLED_Pin_Init                            0x080026f1   Thumb Code    88  sj_oled.o(i.OLED_Pin_Init)
    OLED_Set_Pos                             0x0800274d   Thumb Code    36  sj_oled.o(i.OLED_Set_Pos)
    OLED_WrCmd                               0x08002771   Thumb Code    90  sj_oled.o(i.OLED_WrCmd)
    OLED_WrDat                               0x080027d1   Thumb Code    90  sj_oled.o(i.OLED_WrDat)
    OPTICALFLOW_DataGet                      0x08002831   Thumb Code   272  sj_uartmodule.o(i.OPTICALFLOW_DataGet)
    OPTICALFLOW_UART_Init                    0x08002965   Thumb Code   132  sj_uart.o(i.OPTICALFLOW_UART_Init)
    OffsetDataSet                            0x080029f1   Thumb Code    76  app_dataget.o(i.OffsetDataSet)
    OledShowDebugFace                        0x08002a51   Thumb Code    16  app_showdebug.o(i.OledShowDebugFace)
    OledShowMessage                          0x08002a61   Thumb Code   648  app_showdebug.o(i.OledShowMessage)
    PWM_Config                               0x08002db5   Thumb Code    12  sj_pwm.o(i.PWM_Config)
    PWM_Operate                              0x08002dc1   Thumb Code    70  sj_pwm.o(i.PWM_Operate)
    PendSV_Handler                           0x08002e0d   Thumb Code     2  stm32f10x_it.o(i.PendSV_Handler)
    PidDataInit                              0x08002e11   Thumb Code   192  app_mcudeal.o(i.PidDataInit)
    PostureDataCal                           0x08002f15   Thumb Code   106  app_mcudeal.o(i.PostureDataCal)
    RCC_APB1PeriphClockCmd                   0x08002f99   Thumb Code    26  stm32f10x_rcc.o(i.RCC_APB1PeriphClockCmd)
    RCC_APB2PeriphClockCmd                   0x08002fb9   Thumb Code    26  stm32f10x_rcc.o(i.RCC_APB2PeriphClockCmd)
    RCC_GetClocksFreq                        0x08002fd9   Thumb Code   192  stm32f10x_rcc.o(i.RCC_GetClocksFreq)
    REMOTEDATA_DataGet                       0x080030ad   Thumb Code    34  sj_uartmodule.o(i.REMOTEDATA_DataGet)
    REMOTE_UART_Init                         0x080030d5   Thumb Code   128  sj_uart.o(i.REMOTE_UART_Init)
    RemoteDataCheck                          0x0800315d   Thumb Code    98  sj_uartmodule.o(i.RemoteDataCheck)
    SVC_Handler                              0x08003205   Thumb Code     2  stm32f10x_it.o(i.SVC_Handler)
    ScanfKey                                 0x08003209   Thumb Code    54  sj_key.o(i.ScanfKey)
    SetAddressingMode                        0x08003245   Thumb Code    18  sj_oled.o(i.SetAddressingMode)
    SetContrastControl                       0x08003257   Thumb Code    18  sj_oled.o(i.SetContrastControl)
    SetPosiPidParm                           0x08003269   Thumb Code    86  sj_pid.o(i.SetPosiPidParm)
    SetStartLine                             0x080032cd   Thumb Code    14  sj_oled.o(i.SetStartLine)
    Set_Charge_Pump                          0x080033c5   Thumb Code    20  sj_oled.o(i.Set_Charge_Pump)
    Set_Common_Config                        0x080033d9   Thumb Code    20  sj_oled.o(i.Set_Common_Config)
    Set_Common_Remap                         0x080033ed   Thumb Code    14  sj_oled.o(i.Set_Common_Remap)
    Set_Cutoff_Frequency                     0x080033fd   Thumb Code   248  sj_filter.o(i.Set_Cutoff_Frequency)
    Set_Display_Clock                        0x080034fd   Thumb Code    18  sj_oled.o(i.Set_Display_Clock)
    Set_Display_Offset                       0x0800350f   Thumb Code    18  sj_oled.o(i.Set_Display_Offset)
    Set_Display_On_Off                       0x08003521   Thumb Code    14  sj_oled.o(i.Set_Display_On_Off)
    Set_Entire_Display                       0x0800352f   Thumb Code    14  sj_oled.o(i.Set_Entire_Display)
    Set_Inverse_Display                      0x0800353d   Thumb Code    14  sj_oled.o(i.Set_Inverse_Display)
    Set_Multiplex_Ratio                      0x0800354b   Thumb Code    18  sj_oled.o(i.Set_Multiplex_Ratio)
    Set_Precharge_Period                     0x0800355d   Thumb Code    18  sj_oled.o(i.Set_Precharge_Period)
    Set_Segment_Remap                        0x0800356f   Thumb Code    14  sj_oled.o(i.Set_Segment_Remap)
    Set_VCOMH                                0x0800357d   Thumb Code    18  sj_oled.o(i.Set_VCOMH)
    SoftWareInit                             0x0800358f   Thumb Code    24  main.o(i.SoftWareInit)
    SysTick_Handler                          0x080035a7   Thumb Code     2  stm32f10x_it.o(i.SysTick_Handler)
    SystemInit                               0x080035a9   Thumb Code    78  system_stm32f10x.o(i.SystemInit)
    TIM2_IRQHandler                          0x08003609   Thumb Code    64  stm32f10x_it.o(i.TIM2_IRQHandler)
    TIM_ClearFlag                            0x0800373d   Thumb Code     6  stm32f10x_tim.o(i.TIM_ClearFlag)
    TIM_ClearITPendingBit                    0x08003743   Thumb Code     6  stm32f10x_tim.o(i.TIM_ClearITPendingBit)
    TIM_Cmd                                  0x08003749   Thumb Code    24  stm32f10x_tim.o(i.TIM_Cmd)
    TIM_Config                               0x08003761   Thumb Code    12  sj_tim.o(i.TIM_Config)
    TIM_GetITStatus                          0x0800376d   Thumb Code    34  stm32f10x_tim.o(i.TIM_GetITStatus)
    TIM_ITConfig                             0x0800378f   Thumb Code    18  stm32f10x_tim.o(i.TIM_ITConfig)
    TIM_OC1Init                              0x080037a1   Thumb Code   132  stm32f10x_tim.o(i.TIM_OC1Init)
    TIM_OC1PreloadConfig                     0x08003839   Thumb Code    18  stm32f10x_tim.o(i.TIM_OC1PreloadConfig)
    TIM_OC2Init                              0x0800384d   Thumb Code   154  stm32f10x_tim.o(i.TIM_OC2Init)
    TIM_OC2PreloadConfig                     0x080038f1   Thumb Code    26  stm32f10x_tim.o(i.TIM_OC2PreloadConfig)
    TIM_OC3Init                              0x0800390d   Thumb Code   150  stm32f10x_tim.o(i.TIM_OC3Init)
    TIM_OC3PreloadConfig                     0x080039ad   Thumb Code    18  stm32f10x_tim.o(i.TIM_OC3PreloadConfig)
    TIM_OC4Init                              0x080039c1   Thumb Code   114  stm32f10x_tim.o(i.TIM_OC4Init)
    TIM_OC4PreloadConfig                     0x08003a3d   Thumb Code    26  stm32f10x_tim.o(i.TIM_OC4PreloadConfig)
    TIM_TimeBaseInit                         0x08003a59   Thumb Code   122  stm32f10x_tim.o(i.TIM_TimeBaseInit)
    UART4_IRQHandler                         0x08003afd   Thumb Code   160  stm32f10x_it.o(i.UART4_IRQHandler)
    USART1_IRQHandler                        0x08003c4d   Thumb Code    32  stm32f10x_it.o(i.USART1_IRQHandler)
    USART2_IRQHandler                        0x08003c71   Thumb Code   106  stm32f10x_it.o(i.USART2_IRQHandler)
    USART3_IRQHandler                        0x08003cf1   Thumb Code   180  stm32f10x_it.o(i.USART3_IRQHandler)
    USART_Cmd                                0x08003db9   Thumb Code    24  stm32f10x_usart.o(i.USART_Cmd)
    USART_Config                             0x08003dd1   Thumb Code    24  sj_uart.o(i.USART_Config)
    USART_GetFlagStatus                      0x08003de9   Thumb Code    26  stm32f10x_usart.o(i.USART_GetFlagStatus)
    USART_GetITStatus                        0x08003e03   Thumb Code    84  stm32f10x_usart.o(i.USART_GetITStatus)
    USART_ITConfig                           0x08003e57   Thumb Code    74  stm32f10x_usart.o(i.USART_ITConfig)
    USART_Init                               0x08003ea1   Thumb Code   210  stm32f10x_usart.o(i.USART_Init)
    USART_ReceiveData                        0x08003f79   Thumb Code    10  stm32f10x_usart.o(i.USART_ReceiveData)
    USART_SendData                           0x08003f83   Thumb Code     8  stm32f10x_usart.o(i.USART_SendData)
    UartDataGetAndSend                       0x08003f8d   Thumb Code    38  app_uartsend.o(i.UartDataGetAndSend)
    UsageFault_Handler                       0x08003fc5   Thumb Code     4  stm32f10x_it.o(i.UsageFault_Handler)
    __ARM_fpclassify                         0x08003fc9   Thumb Code    40  fpclassify.o(i.__ARM_fpclassify)
    __ARM_fpclassifyf                        0x08003ff1   Thumb Code    38  fpclassifyf.o(i.__ARM_fpclassifyf)
    __aeabi_errno_addr                       0x08004019   Thumb Code     4  errno.o(i.__aeabi_errno_addr)
    __rt_errno_addr                          0x08004019   Thumb Code     0  errno.o(i.__aeabi_errno_addr)
    __kernel_poly                            0x08004021   Thumb Code   170  poly.o(i.__kernel_poly)
    __mathlib_dbl_divzero                    0x080040cd   Thumb Code    12  dunder.o(i.__mathlib_dbl_divzero)
    __mathlib_dbl_infnan                     0x080040dd   Thumb Code     6  dunder.o(i.__mathlib_dbl_infnan)
    __mathlib_dbl_infnan2                    0x080040e3   Thumb Code     4  dunder.o(i.__mathlib_dbl_infnan2)
    __mathlib_dbl_invalid                    0x080040e7   Thumb Code    12  dunder.o(i.__mathlib_dbl_invalid)
    __mathlib_dbl_overflow                   0x080040f3   Thumb Code    14  dunder.o(i.__mathlib_dbl_overflow)
    __mathlib_dbl_underflow                  0x08004101   Thumb Code    10  dunder.o(i.__mathlib_dbl_underflow)
    __mathlib_flt_infnan                     0x08004111   Thumb Code     6  funder.o(i.__mathlib_flt_infnan)
    __mathlib_flt_invalid                    0x08004117   Thumb Code     8  funder.o(i.__mathlib_flt_invalid)
    __mathlib_flt_underflow                  0x0800411f   Thumb Code    10  funder.o(i.__mathlib_flt_underflow)
    __mathlib_rredf2                         0x08004129   Thumb Code   344  rredf.o(i.__mathlib_rredf2)
    __scatterload_copy                       0x08004291   Thumb Code    14  handlers.o(i.__scatterload_copy)
    __scatterload_null                       0x0800429f   Thumb Code     2  handlers.o(i.__scatterload_null)
    __scatterload_zeroinit                   0x080042a1   Thumb Code    14  handlers.o(i.__scatterload_zeroinit)
    __set_errno                              0x080042b1   Thumb Code     6  errno.o(i.__set_errno)
    atan                                     0x080042bd   Thumb Code   474  atan.o(i.atan)
    cosf                                     0x08004841   Thumb Code   328  cosf.o(i.cosf)
    highspeeddatafuse                        0x080049e1   Thumb Code   242  sj_uartmodule.o(i.highspeeddatafuse)
    invSqrt                                  0x08004af9   Thumb Code    72  sj_mpu9250.o(i.invSqrt)
    main                                     0x08004b45   Thumb Code    80  main.o(i.main)
    pow                                      0x08004bad   Thumb Code  2478  pow.o(i.pow)
    read_ch                                  0x0800565d   Thumb Code   106  sj_iic.o(i.read_ch)
    send_ch                                  0x080056cd   Thumb Code    76  sj_iic.o(i.send_ch)
    simiic_delay                             0x0800571d   Thumb Code    16  sj_iic.o(i.simiic_delay)
    simiic_read_reg                          0x0800572d   Thumb Code    74  sj_iic.o(i.simiic_read_reg)
    simiic_read_regs                         0x08005777   Thumb Code    98  sj_iic.o(i.simiic_read_regs)
    simiic_write_reg                         0x080057d9   Thumb Code    42  sj_iic.o(i.simiic_write_reg)
    sqrt                                     0x08005803   Thumb Code    76  sqrt.o(i.sqrt)
    tanf                                     0x08005851   Thumb Code   314  tanf.o(i.tanf)
    uart_putbuff                             0x080059c5   Thumb Code    30  app_uartsend.o(i.uart_putbuff)
    uart_send_char                           0x080059e3   Thumb Code    30  app_uartsend.o(i.uart_send_char)
    vcan_sendware                            0x08005a01   Thumb Code    52  app_uartsend.o(i.vcan_sendware)
    F6x8                                     0x08005a3c   Data         552  sj_oled.o(.constdata)
    F14x16_Idx                               0x08005c64   Data           7  sj_oled.o(.constdata)
    F14x16                                   0x08005c6b   Data          56  sj_oled.o(.constdata)
    __mathlib_zero                           0x08005dc8   Data           8  qnan.o(.constdata)
    __ctype_table                            0x08005df0   Data         129  ctype_o.o(.constdata)
    Region$$Table$$Base                      0x08005e78   Number         0  anon$$obj.o(Region$$Table)
    Region$$Table$$Limit                     0x08005e98   Number         0  anon$$obj.o(Region$$Table)
    MainStatus                               0x20000000   Data           1  main.o(.data)
    keyMode                                  0x20000016   Data           1  sj_key.o(.data)
    Bandstop_Filter_Parameter_30_98          0x2000001c   Data          24  sj_filter.o(.data)
    Bandstop_Filter_Parameter_30_94          0x20000034   Data          24  sj_filter.o(.data)
    Notch_Filter_Parameter_55hz              0x2000004c   Data          24  sj_filter.o(.data)
    Yaw                                      0x20000064   Data           8  sj_mpu9250.o(.data)
    temp                                     0x2000006c   Data           4  sj_mpu9250.o(.data)
    DistanceBuff                             0x20000088   Data           8  sj_uartmodule.o(.data)
    fusespeed                                0x20000090   Data           4  sj_uartmodule.o(.data)
    laserspeed                               0x20000094   Data           4  sj_uartmodule.o(.data)
    acczspeed                                0x20000098   Data           4  sj_uartmodule.o(.data)
    onlyacczspeed                            0x2000009c   Data           4  sj_uartmodule.o(.data)
    Cyber                                    0x200000b8   Data           8  app_dataget.o(.data)
    mpudata                                  0x20000118   Data          40  sj_mpu9250.o(.bss)
    Angle                                    0x20000140   Data          96  sj_mpu9250.o(.bss)
    Pitch                                    0x200001a0   Data          16  sj_mpu9250.o(.bss)
    Roll                                     0x200001b0   Data          16  sj_mpu9250.o(.bss)
    Accel_Parameter                          0x200001c0   Data          24  sj_mpu9250.o(.bss)
    Gyro_Parameter                           0x200001d8   Data          24  sj_mpu9250.o(.bss)
    gyro_filter_buf_1                        0x200001f0   Data          72  sj_mpu9250.o(.bss)
    gyro_filter_buf_2                        0x20000238   Data          72  sj_mpu9250.o(.bss)
    acc_filter_buf_1                         0x20000280   Data          72  sj_mpu9250.o(.bss)
    acc_filter_buf_2                         0x200002c8   Data          72  sj_mpu9250.o(.bss)
    bmpdata                                  0x20000310   Data          12  sj_bmp280.o(.bss)
    bmp280Cal                                0x2000031c   Data          52  sj_bmp280.o(.bss)
    remotedata                               0x20000364   Data          20  sj_uartmodule.o(.bss)
    RemoteBuff                               0x20000378   Data          30  sj_uartmodule.o(.bss)
    cameradata                               0x20000398   Data          16  sj_uartmodule.o(.bss)
    CameraStr                                0x200003a8   Data          30  sj_uartmodule.o(.bss)
    laserdata                                0x200003c8   Data          12  sj_uartmodule.o(.bss)
    Flow                                     0x200003d4   Data          16  sj_uartmodule.o(.bss)
    opticalflowdata                          0x200003e4   Data          32  sj_uartmodule.o(.bss)
    OpticalFlowBuff                          0x20000404   Data          30  sj_uartmodule.o(.bss)
    posturedata                              0x20000424   Data          72  app_dataget.o(.bss)
    navigationdata                           0x2000046c   Data         108  app_dataget.o(.bss)
    PitchAPid                                0x200004d8   Data          84  app_mcudeal.o(.bss)
    YawAPid                                  0x2000052c   Data          84  app_mcudeal.o(.bss)
    RollAPid                                 0x20000580   Data          84  app_mcudeal.o(.bss)
    PitchGPid                                0x200005d4   Data          84  app_mcudeal.o(.bss)
    YawGPid                                  0x20000628   Data          84  app_mcudeal.o(.bss)
    RollGPid                                 0x2000067c   Data          84  app_mcudeal.o(.bss)
    HighAPid                                 0x200006d0   Data          84  app_mcudeal.o(.bss)
    HighGPid                                 0x20000724   Data          84  app_mcudeal.o(.bss)
    HighCPid                                 0x20000778   Data          84  app_mcudeal.o(.bss)
    NavixGPid                                0x200007cc   Data          84  app_mcudeal.o(.bss)
    NaviyGPid                                0x20000820   Data          84  app_mcudeal.o(.bss)
    NavizGPid                                0x20000874   Data          84  app_mcudeal.o(.bss)
    PostureMot                               0x200008c8   Data          12  app_mcudeal.o(.bss)
    NavigationMot                            0x200008d4   Data          12  app_mcudeal.o(.bss)
    Motor                                    0x200008e0   Data          16  app_mcudeal.o(.bss)
    MotorPosi                                0x200008f0   Data          16  app_mcudeal.o(.bss)
    MotorNavi                                0x20000900   Data          16  app_mcudeal.o(.bss)
    senddata                                 0x20000910   Data          16  app_uartsend.o(.bss)
    __initial_sp                             0x20000d20   Data           0  startup_stm32f10x_hd.o(STACK)



==============================================================================

Memory Map of the image

  Image Entry point : 0x08000131

  Load Region LR_IROM1 (Base: 0x08000000, Size: 0x00005f7c, Max: 0x00080000, ABSOLUTE)

    Execution Region ER_IROM1 (Base: 0x08000000, Size: 0x00005e98, Max: 0x00080000, ABSOLUTE)

    Base Addr    Size         Type   Attr      Idx    E Section Name        Object

    0x08000000   0x00000130   Data   RO         4280    RESET               startup_stm32f10x_hd.o
    0x08000130   0x00000000   Code   RO         4329  * .ARM.Collect$$$$00000000  mc_w.l(entry.o)
    0x08000130   0x00000004   Code   RO         4416    .ARM.Collect$$$$00000001  mc_w.l(entry2.o)
    0x08000134   0x00000004   Code   RO         4419    .ARM.Collect$$$$00000004  mc_w.l(entry5.o)
    0x08000138   0x00000000   Code   RO         4421    .ARM.Collect$$$$00000008  mc_w.l(entry7b.o)
    0x08000138   0x00000000   Code   RO         4423    .ARM.Collect$$$$0000000A  mc_w.l(entry8b.o)
    0x08000138   0x00000008   Code   RO         4424    .ARM.Collect$$$$0000000B  mc_w.l(entry9a.o)
    0x08000140   0x00000000   Code   RO         4426    .ARM.Collect$$$$0000000D  mc_w.l(entry10a.o)
    0x08000140   0x00000000   Code   RO         4428    .ARM.Collect$$$$0000000F  mc_w.l(entry11a.o)
    0x08000140   0x00000004   Code   RO         4417    .ARM.Collect$$$$00002712  mc_w.l(entry2.o)
    0x08000144   0x00000024   Code   RO         4281    .text               startup_stm32f10x_hd.o
    0x08000168   0x00000062   Code   RO         4332    .text               mc_w.l(ldiv.o)
    0x080001ca   0x00000024   Code   RO         4334    .text               mc_w.l(memcpya.o)
    0x080001ee   0x0000000e   Code   RO         4336    .text               mc_w.l(strlen.o)
    0x080001fc   0x0000001a   Code   RO         4340    .text               mc_w.l(atoi.o)
    0x08000216   0x000000b0   Code   RO         4342    .text               mf_w.l(fadd.o)
    0x080002c6   0x00000064   Code   RO         4344    .text               mf_w.l(fmul.o)
    0x0800032a   0x0000007c   Code   RO         4346    .text               mf_w.l(fdiv.o)
    0x080003a6   0x0000014e   Code   RO         4348    .text               mf_w.l(dadd.o)
    0x080004f4   0x000000e4   Code   RO         4350    .text               mf_w.l(dmul.o)
    0x080005d8   0x000000de   Code   RO         4352    .text               mf_w.l(ddiv.o)
    0x080006b6   0x00000012   Code   RO         4354    .text               mf_w.l(fflti.o)
    0x080006c8   0x0000000a   Code   RO         4356    .text               mf_w.l(ffltui.o)
    0x080006d2   0x00000022   Code   RO         4358    .text               mf_w.l(dflti.o)
    0x080006f4   0x00000032   Code   RO         4360    .text               mf_w.l(ffixi.o)
    0x08000726   0x00000028   Code   RO         4362    .text               mf_w.l(ffixui.o)
    0x0800074e   0x0000003e   Code   RO         4364    .text               mf_w.l(dfixi.o)
    0x0800078c   0x00000026   Code   RO         4366    .text               mf_w.l(f2d.o)
    0x080007b2   0x00000002   PAD
    0x080007b4   0x00000030   Code   RO         4368    .text               mf_w.l(cdcmple.o)
    0x080007e4   0x00000030   Code   RO         4370    .text               mf_w.l(cdrcmple.o)
    0x08000814   0x00000038   Code   RO         4372    .text               mf_w.l(d2f.o)
    0x0800084c   0x00000014   Code   RO         4374    .text               mf_w.l(cfcmple.o)
    0x08000860   0x00000014   Code   RO         4376    .text               mf_w.l(cfrcmple.o)
    0x08000874   0x00000062   Code   RO         4430    .text               mc_w.l(uldiv.o)
    0x080008d6   0x0000001e   Code   RO         4432    .text               mc_w.l(llshl.o)
    0x080008f4   0x00000020   Code   RO         4434    .text               mc_w.l(llushr.o)
    0x08000914   0x00000024   Code   RO         4436    .text               mc_w.l(llsshr.o)
    0x08000938   0x00000070   Code   RO         4445    .text               mc_w.l(strtol.o)
    0x080009a8   0x00000000   Code   RO         4447    .text               mc_w.l(iusefp.o)
    0x080009a8   0x0000006e   Code   RO         4448    .text               mf_w.l(fepilogue.o)
    0x08000a16   0x0000003c   Code   RO         4450    .text               mf_w.l(frnd.o)
    0x08000a52   0x000000ba   Code   RO         4452    .text               mf_w.l(depilogue.o)
    0x08000b0c   0x0000002e   Code   RO         4454    .text               mf_w.l(dscalb.o)
    0x08000b3a   0x000000a2   Code   RO         4456    .text               mf_w.l(dsqrt.o)
    0x08000bdc   0x00000024   Code   RO         4458    .text               mc_w.l(init.o)
    0x08000c00   0x00000008   Code   RO         4460    .text               mc_w.l(ctype_o.o)
    0x08000c08   0x0000009e   Code   RO         4488    .text               mc_w.l(_strtoul.o)
    0x08000ca6   0x00000018   Code   RO         4490    .text               mf_w.l(fscalb.o)
    0x08000cbe   0x0000001c   Code   RO         4492    .text               mc_w.l(_chval.o)
    0x08000cda   0x000000c0   Code   RO          976    i.AnalysisRemoteData  sj_uartmodule.o
    0x08000d9a   0x00000002   PAD
    0x08000d9c   0x00000200   Code   RO          926    i.BMP280_Config     sj_bmp280.o
    0x08000f9c   0x00000094   Code   RO          927    i.BMP280_DataGet    sj_bmp280.o
    0x08001030   0x00000004   Code   RO          147    i.BusFault_Handler  stm32f10x_it.o
    0x08001034   0x000000f8   Code   RO          885    i.CalcPosiPidOut    sj_pid.o
    0x0800112c   0x000001a0   Code   RO         1113    i.ControlArithmeticDeal  app_mcudeal.o
    0x080012cc   0x00000002   Code   RO         1114    i.ControlArithmeticInit  app_mcudeal.o
    0x080012ce   0x00000002   PAD
    0x080012d0   0x000001cc   Code   RO          748    i.CountAngleGyro    sj_mpu9250.o
    0x0800149c   0x00000010   Code   RO         1056    i.CyberDataInit     app_dataget.o
    0x080014ac   0x0000008c   Code   RO          383    i.DEBUG_UART_Init   sj_uart.o
    0x08001538   0x00000058   Code   RO          977    i.DISTANCEDATA_DataGet  sj_uartmodule.o
    0x08001590   0x0000008c   Code   RO          384    i.DISTANCE_UART_Init  sj_uart.o
    0x0800161c   0x00000028   Code   RO         1179    i.DebugDataPart     app_showdebug.o
    0x08001644   0x00000002   Code   RO          148    i.DebugMon_Handler  stm32f10x_it.o
    0x08001646   0x0000004c   Code   RO          485    i.GENERAL_TIM_Mode_Config  sj_tim.o
    0x08001692   0x0000002a   Code   RO          486    i.GENERAL_TIM_NVIC_Config  sj_tim.o
    0x080016bc   0x00000116   Code   RO         1473    i.GPIO_Init         stm32f10x_gpio.o
    0x080017d2   0x00000012   Code   RO         1477    i.GPIO_ReadInputDataBit  stm32f10x_gpio.o
    0x080017e4   0x00000004   Code   RO         1480    i.GPIO_ResetBits    stm32f10x_gpio.o
    0x080017e8   0x00000004   Code   RO         1481    i.GPIO_SetBits      stm32f10x_gpio.o
    0x080017ec   0x000000e8   Code   RO          749    i.GetAccData        sj_mpu9250.o
    0x080018d4   0x000000f4   Code   RO          750    i.GetGyroData       sj_mpu9250.o
    0x080019c8   0x00000028   Code   RO          751    i.GetTempData       sj_mpu9250.o
    0x080019f0   0x00000004   Code   RO          149    i.HardFault_Handler  stm32f10x_it.o
    0x080019f4   0x00000028   Code   RO            1    i.HardWareInit      main.o
    0x08001a1c   0x00000044   Code   RO          810    i.I2C_SendACK       sj_iic.o
    0x08001a60   0x0000003c   Code   RO          811    i.IIC_Config        sj_iic.o
    0x08001a9c   0x00000030   Code   RO          812    i.IIC_start         sj_iic.o
    0x08001acc   0x00000034   Code   RO          813    i.IIC_stop          sj_iic.o
    0x08001b00   0x0000006c   Code   RO          267    i.KEY_Config        sj_key.o
    0x08001b6c   0x00000014   Code   RO          268    i.KeyChooseSpeed    sj_key.o
    0x08001b80   0x00000028   Code   RO          269    i.KeyScanfAll       sj_key.o
    0x08001ba8   0x0000001c   Code   RO          271    i.Key_AddTimeAfterLast  sj_key.o
    0x08001bc4   0x00000018   Code   RO          272    i.Key_Scanf         sj_key.o
    0x08001bdc   0x00000054   Code   RO          242    i.LED_Config        sj_led.o
    0x08001c30   0x000000d0   Code   RO          243    i.LED_Operate       sj_led.o
    0x08001d00   0x00000074   Code   RO          507    i.LPButterworth     sj_filter.o
    0x08001d74   0x00000088   Code   RO          752    i.MPU9250_Config    sj_mpu9250.o
    0x08001dfc   0x00000064   Code   RO          753    i.MPU9250_DataGet   sj_mpu9250.o
    0x08001e60   0x00000004   Code   RO          150    i.MemManage_Handler  stm32f10x_it.o
    0x08001e64   0x000000b0   Code   RO         1180    i.MenuDataChange    app_showdebug.o
    0x08001f14   0x00000020   Code   RO         1057    i.ModuleDataGet     app_dataget.o
    0x08001f34   0x00000020   Code   RO         1058    i.ModuleDataGetAndHandle  app_dataget.o
    0x08001f54   0x000001ec   Code   RO         1059    i.ModuleDataHandle  app_dataget.o
    0x08002140   0x00000014   Code   RO         1115    i.MotOutputLimit    app_mcudeal.o
    0x08002154   0x000000c8   Code   RO         1167    i.MotorPwmOutputControl  app_motorctrl.o
    0x0800221c   0x00000002   Code   RO          151    i.NMI_Handler       stm32f10x_it.o
    0x0800221e   0x00000002   PAD
    0x08002220   0x00000070   Code   RO         1254    i.NVIC_Init         misc.o
    0x08002290   0x00000014   Code   RO         1255    i.NVIC_PriorityGroupConfig  misc.o
    0x080022a4   0x00000078   Code   RO         1116    i.NavigationDataCal  app_mcudeal.o
    0x0800231c   0x00000038   Code   RO          531    i.OLED_Cls          sj_oled.o
    0x08002354   0x000000a0   Code   RO          532    i.OLED_Config       sj_oled.o
    0x080023f4   0x0000001a   Code   RO          533    i.OLED_DLY_ms       sj_oled.o
    0x0800240e   0x0000003a   Code   RO          534    i.OLED_Fill         sj_oled.o
    0x08002448   0x00000050   Code   RO          535    i.OLED_P6x8Char     sj_oled.o
    0x08002498   0x00000150   Code   RO          536    i.OLED_P6x8Float    sj_oled.o
    0x080025e8   0x0000009a   Code   RO          537    i.OLED_P6x8Int      sj_oled.o
    0x08002682   0x00000002   PAD
    0x08002684   0x0000006c   Code   RO          538    i.OLED_P6x8Str      sj_oled.o
    0x080026f0   0x0000005c   Code   RO          539    i.OLED_Pin_Init     sj_oled.o
    0x0800274c   0x00000024   Code   RO          541    i.OLED_Set_Pos      sj_oled.o
    0x08002770   0x00000060   Code   RO          542    i.OLED_WrCmd        sj_oled.o
    0x080027d0   0x00000060   Code   RO          543    i.OLED_WrDat        sj_oled.o
    0x08002830   0x00000134   Code   RO          978    i.OPTICALFLOW_DataGet  sj_uartmodule.o
    0x08002964   0x0000008c   Code   RO          385    i.OPTICALFLOW_UART_Init  sj_uart.o
    0x080029f0   0x00000060   Code   RO         1060    i.OffsetDataSet     app_dataget.o
    0x08002a50   0x00000010   Code   RO         1181    i.OledShowDebugFace  app_showdebug.o
    0x08002a60   0x00000354   Code   RO         1182    i.OledShowMessage   app_showdebug.o
    0x08002db4   0x0000000c   Code   RO          355    i.PWM_Config        sj_pwm.o
    0x08002dc0   0x0000004c   Code   RO          356    i.PWM_Operate       sj_pwm.o
    0x08002e0c   0x00000002   Code   RO          152    i.PendSV_Handler    stm32f10x_it.o
    0x08002e0e   0x00000002   PAD
    0x08002e10   0x00000104   Code   RO         1117    i.PidDataInit       app_mcudeal.o
    0x08002f14   0x00000084   Code   RO         1118    i.PostureDataCal    app_mcudeal.o
    0x08002f98   0x00000020   Code   RO         1583    i.RCC_APB1PeriphClockCmd  stm32f10x_rcc.o
    0x08002fb8   0x00000020   Code   RO         1585    i.RCC_APB2PeriphClockCmd  stm32f10x_rcc.o
    0x08002fd8   0x000000d4   Code   RO         1593    i.RCC_GetClocksFreq  stm32f10x_rcc.o
    0x080030ac   0x00000028   Code   RO          979    i.REMOTEDATA_DataGet  sj_uartmodule.o
    0x080030d4   0x00000088   Code   RO          386    i.REMOTE_UART_Init  sj_uart.o
    0x0800315c   0x00000062   Code   RO          980    i.RemoteDataCheck   sj_uartmodule.o
    0x080031be   0x00000002   PAD
    0x080031c0   0x00000044   Code   RO          814    i.SCCB_WaitAck      sj_iic.o
    0x08003204   0x00000002   Code   RO          153    i.SVC_Handler       stm32f10x_it.o
    0x08003206   0x00000002   PAD
    0x08003208   0x0000003c   Code   RO          273    i.ScanfKey          sj_key.o
    0x08003244   0x00000012   Code   RO          544    i.SetAddressingMode  sj_oled.o
    0x08003256   0x00000012   Code   RO          546    i.SetContrastControl  sj_oled.o
    0x08003268   0x00000064   Code   RO          889    i.SetPosiPidParm    sj_pid.o
    0x080032cc   0x0000000e   Code   RO          549    i.SetStartLine      sj_oled.o
    0x080032da   0x00000008   Code   RO         4244    i.SetSysClock       system_stm32f10x.o
    0x080032e2   0x00000002   PAD
    0x080032e4   0x000000e0   Code   RO         4245    i.SetSysClockTo72   system_stm32f10x.o
    0x080033c4   0x00000014   Code   RO          551    i.Set_Charge_Pump   sj_oled.o
    0x080033d8   0x00000014   Code   RO          552    i.Set_Common_Config  sj_oled.o
    0x080033ec   0x0000000e   Code   RO          553    i.Set_Common_Remap  sj_oled.o
    0x080033fa   0x00000002   PAD
    0x080033fc   0x00000100   Code   RO          508    i.Set_Cutoff_Frequency  sj_filter.o
    0x080034fc   0x00000012   Code   RO          554    i.Set_Display_Clock  sj_oled.o
    0x0800350e   0x00000012   Code   RO          555    i.Set_Display_Offset  sj_oled.o
    0x08003520   0x0000000e   Code   RO          556    i.Set_Display_On_Off  sj_oled.o
    0x0800352e   0x0000000e   Code   RO          557    i.Set_Entire_Display  sj_oled.o
    0x0800353c   0x0000000e   Code   RO          558    i.Set_Inverse_Display  sj_oled.o
    0x0800354a   0x00000012   Code   RO          559    i.Set_Multiplex_Ratio  sj_oled.o
    0x0800355c   0x00000012   Code   RO          561    i.Set_Precharge_Period  sj_oled.o
    0x0800356e   0x0000000e   Code   RO          562    i.Set_Segment_Remap  sj_oled.o
    0x0800357c   0x00000012   Code   RO          563    i.Set_VCOMH         sj_oled.o
    0x0800358e   0x00000018   Code   RO            2    i.SoftWareInit      main.o
    0x080035a6   0x00000002   Code   RO          154    i.SysTick_Handler   stm32f10x_it.o
    0x080035a8   0x00000060   Code   RO         4247    i.SystemInit        system_stm32f10x.o
    0x08003608   0x00000044   Code   RO          155    i.TIM2_IRQHandler   stm32f10x_it.o
    0x0800364c   0x00000060   Code   RO          357    i.TIM3_GPIO_Config  sj_pwm.o
    0x080036ac   0x00000090   Code   RO          358    i.TIM3_Mode_Config  sj_pwm.o
    0x0800373c   0x00000006   Code   RO         3458    i.TIM_ClearFlag     stm32f10x_tim.o
    0x08003742   0x00000006   Code   RO         3459    i.TIM_ClearITPendingBit  stm32f10x_tim.o
    0x08003748   0x00000018   Code   RO         3464    i.TIM_Cmd           stm32f10x_tim.o
    0x08003760   0x0000000c   Code   RO          487    i.TIM_Config        sj_tim.o
    0x0800376c   0x00000022   Code   RO         3485    i.TIM_GetITStatus   stm32f10x_tim.o
    0x0800378e   0x00000012   Code   RO         3489    i.TIM_ITConfig      stm32f10x_tim.o
    0x080037a0   0x00000098   Code   RO         3493    i.TIM_OC1Init       stm32f10x_tim.o
    0x08003838   0x00000012   Code   RO         3496    i.TIM_OC1PreloadConfig  stm32f10x_tim.o
    0x0800384a   0x00000002   PAD
    0x0800384c   0x000000a4   Code   RO         3498    i.TIM_OC2Init       stm32f10x_tim.o
    0x080038f0   0x0000001a   Code   RO         3501    i.TIM_OC2PreloadConfig  stm32f10x_tim.o
    0x0800390a   0x00000002   PAD
    0x0800390c   0x000000a0   Code   RO         3503    i.TIM_OC3Init       stm32f10x_tim.o
    0x080039ac   0x00000012   Code   RO         3506    i.TIM_OC3PreloadConfig  stm32f10x_tim.o
    0x080039be   0x00000002   PAD
    0x080039c0   0x0000007c   Code   RO         3508    i.TIM_OC4Init       stm32f10x_tim.o
    0x08003a3c   0x0000001a   Code   RO         3510    i.TIM_OC4PreloadConfig  stm32f10x_tim.o
    0x08003a56   0x00000002   PAD
    0x08003a58   0x000000a4   Code   RO         3535    i.TIM_TimeBaseInit  stm32f10x_tim.o
    0x08003afc   0x000000b4   Code   RO          156    i.UART4_IRQHandler  stm32f10x_it.o
    0x08003bb0   0x0000009a   Code   RO          387    i.UART_NVIC_Config  sj_uart.o
    0x08003c4a   0x00000002   PAD
    0x08003c4c   0x00000024   Code   RO          157    i.USART1_IRQHandler  stm32f10x_it.o
    0x08003c70   0x00000080   Code   RO          158    i.USART2_IRQHandler  stm32f10x_it.o
    0x08003cf0   0x000000c8   Code   RO          159    i.USART3_IRQHandler  stm32f10x_it.o
    0x08003db8   0x00000018   Code   RO         4000    i.USART_Cmd         stm32f10x_usart.o
    0x08003dd0   0x00000018   Code   RO          388    i.USART_Config      sj_uart.o
    0x08003de8   0x0000001a   Code   RO         4003    i.USART_GetFlagStatus  stm32f10x_usart.o
    0x08003e02   0x00000054   Code   RO         4004    i.USART_GetITStatus  stm32f10x_usart.o
    0x08003e56   0x0000004a   Code   RO         4006    i.USART_ITConfig    stm32f10x_usart.o
    0x08003ea0   0x000000d8   Code   RO         4007    i.USART_Init        stm32f10x_usart.o
    0x08003f78   0x0000000a   Code   RO         4014    i.USART_ReceiveData  stm32f10x_usart.o
    0x08003f82   0x00000008   Code   RO         4017    i.USART_SendData    stm32f10x_usart.o
    0x08003f8a   0x00000002   PAD
    0x08003f8c   0x00000038   Code   RO         1211    i.UartDataGetAndSend  app_uartsend.o
    0x08003fc4   0x00000004   Code   RO          160    i.UsageFault_Handler  stm32f10x_it.o
    0x08003fc8   0x00000028   Code   RO         4392    i.__ARM_fpclassify  m_ws.l(fpclassify.o)
    0x08003ff0   0x00000026   Code   RO         4394    i.__ARM_fpclassifyf  m_ws.l(fpclassifyf.o)
    0x08004016   0x00000002   PAD
    0x08004018   0x00000008   Code   RO         4438    i.__aeabi_errno_addr  mc_w.l(errno.o)
    0x08004020   0x000000aa   Code   RO         4410    i.__kernel_poly     m_ws.l(poly.o)
    0x080040ca   0x00000002   PAD
    0x080040cc   0x00000010   Code   RO         4378    i.__mathlib_dbl_divzero  m_ws.l(dunder.o)
    0x080040dc   0x00000006   Code   RO         4379    i.__mathlib_dbl_infnan  m_ws.l(dunder.o)
    0x080040e2   0x00000004   Code   RO         4380    i.__mathlib_dbl_infnan2  m_ws.l(dunder.o)
    0x080040e6   0x0000000c   Code   RO         4381    i.__mathlib_dbl_invalid  m_ws.l(dunder.o)
    0x080040f2   0x0000000e   Code   RO         4382    i.__mathlib_dbl_overflow  m_ws.l(dunder.o)
    0x08004100   0x00000010   Code   RO         4384    i.__mathlib_dbl_underflow  m_ws.l(dunder.o)
    0x08004110   0x00000006   Code   RO         4397    i.__mathlib_flt_infnan  m_ws.l(funder.o)
    0x08004116   0x00000008   Code   RO         4399    i.__mathlib_flt_invalid  m_ws.l(funder.o)
    0x0800411e   0x0000000a   Code   RO         4402    i.__mathlib_flt_underflow  m_ws.l(funder.o)
    0x08004128   0x00000168   Code   RO         4413    i.__mathlib_rredf2  m_ws.l(rredf.o)
    0x08004290   0x0000000e   Code   RO         4496    i.__scatterload_copy  mc_w.l(handlers.o)
    0x0800429e   0x00000002   Code   RO         4497    i.__scatterload_null  mc_w.l(handlers.o)
    0x080042a0   0x0000000e   Code   RO         4498    i.__scatterload_zeroinit  mc_w.l(handlers.o)
    0x080042ae   0x00000002   PAD
    0x080042b0   0x0000000c   Code   RO         4440    i.__set_errno       mc_w.l(errno.o)
    0x080042bc   0x00000220   Code   RO         4286    i.atan              m_ws.l(atan.o)
    0x080044dc   0x000001a0   Code   RO          928    i.bmp280CompensateP  sj_bmp280.o
    0x0800467c   0x00000120   Code   RO          929    i.bmp280CompensateT  sj_bmp280.o
    0x0800479c   0x00000048   Code   RO          930    i.bmp280GetPressure  sj_bmp280.o
    0x080047e4   0x0000005c   Code   RO          931    i.bmp280PressureToAltitude  sj_bmp280.o
    0x08004840   0x0000017c   Code   RO         4296    i.cosf              m_ws.l(cosf.o)
    0x080049bc   0x00000022   Code   RO          564    i.digits            sj_oled.o
    0x080049de   0x00000002   PAD
    0x080049e0   0x00000118   Code   RO          981    i.highspeeddatafuse  sj_uartmodule.o
    0x08004af8   0x0000004c   Code   RO          754    i.invSqrt           sj_mpu9250.o
    0x08004b44   0x00000054   Code   RO            3    i.main              main.o
    0x08004b98   0x00000014   Code   RO          565    i.my_power          sj_oled.o
    0x08004bac   0x000009b8   Code   RO         4304    i.pow               m_ws.l(pow.o)
    0x08005564   0x000000f8   Code   RO          932    i.presssureFilter   sj_bmp280.o
    0x0800565c   0x00000070   Code   RO          815    i.read_ch           sj_iic.o
    0x080056cc   0x00000050   Code   RO          816    i.send_ch           sj_iic.o
    0x0800571c   0x00000010   Code   RO          817    i.simiic_delay      sj_iic.o
    0x0800572c   0x0000004a   Code   RO          818    i.simiic_read_reg   sj_iic.o
    0x08005776   0x00000062   Code   RO          819    i.simiic_read_regs  sj_iic.o
    0x080057d8   0x0000002a   Code   RO          820    i.simiic_write_reg  sj_iic.o
    0x08005802   0x0000004c   Code   RO         4314    i.sqrt              m_ws.l(sqrt.o)
    0x0800584e   0x00000002   PAD
    0x08005850   0x00000174   Code   RO         4322    i.tanf              m_ws.l(tanf.o)
    0x080059c4   0x0000001e   Code   RO         1213    i.uart_putbuff      app_uartsend.o
    0x080059e2   0x0000001e   Code   RO         1214    i.uart_send_char    app_uartsend.o
    0x08005a00   0x0000003c   Code   RO         1215    i.vcan_sendware     app_uartsend.o
    0x08005a3c   0x00000267   Data   RO          566    .constdata          sj_oled.o
    0x08005ca3   0x00000005   PAD
    0x08005ca8   0x00000098   Data   RO         4287    .constdata          m_ws.l(atan.o)
    0x08005d40   0x00000088   Data   RO         4305    .constdata          m_ws.l(pow.o)
    0x08005dc8   0x00000008   Data   RO         4412    .constdata          m_ws.l(qnan.o)
    0x08005dd0   0x00000020   Data   RO         4414    .constdata          m_ws.l(rredf.o)
    0x08005df0   0x00000081   Data   RO         4461    .constdata          mc_w.l(ctype_o.o)
    0x08005e71   0x00000003   PAD
    0x08005e74   0x00000004   Data   RO         4462    .constdata          mc_w.l(ctype_o.o)
    0x08005e78   0x00000020   Data   RO         4494    Region$$Table       anon$$obj.o


    Execution Region RW_IRAM1 (Base: 0x20000000, Size: 0x00000d20, Max: 0x00010000, ABSOLUTE)

    Base Addr    Size         Type   Attr      Idx    E Section Name        Object

    0x20000000   0x00000001   Data   RW            4    .data               main.o
    0x20000001   0x00000003   PAD
    0x20000004   0x0000000c   Data   RW          162    .data               stm32f10x_it.o
    0x20000010   0x0000000a   Data   RW          275    .data               sj_key.o
    0x2000001a   0x00000002   PAD
    0x2000001c   0x00000048   Data   RW          509    .data               sj_filter.o
    0x20000064   0x0000000c   Data   RW          756    .data               sj_mpu9250.o
    0x20000070   0x00000018   Data   RW          934    .data               sj_bmp280.o
    0x20000088   0x00000030   Data   RW          984    .data               sj_uartmodule.o
    0x200000b8   0x00000008   Data   RW         1062    .data               app_dataget.o
    0x200000c0   0x00000004   Data   RW         1120    .data               app_mcudeal.o
    0x200000c4   0x00000008   Data   RW         1183    .data               app_showdebug.o
    0x200000cc   0x00000014   Data   RW         1613    .data               stm32f10x_rcc.o
    0x200000e0   0x00000004   Data   RW         4441    .data               mc_w.l(errno.o)
    0x200000e4   0x00000032   Zero   RW          161    .bss                stm32f10x_it.o
    0x20000116   0x00000002   PAD
    0x20000118   0x000001f8   Zero   RW          755    .bss                sj_mpu9250.o
    0x20000310   0x00000054   Zero   RW          933    .bss                sj_bmp280.o
    0x20000364   0x000000be   Zero   RW          982    .bss                sj_uartmodule.o
    0x20000422   0x00000002   PAD
    0x20000424   0x000000b4   Zero   RW         1061    .bss                app_dataget.o
    0x200004d8   0x00000438   Zero   RW         1119    .bss                app_mcudeal.o
    0x20000910   0x00000010   Zero   RW         1216    .bss                app_uartsend.o
    0x20000920   0x00000400   Zero   RW         4278    STACK               startup_stm32f10x_hd.o


==============================================================================

Image component sizes


      Code (inc. data)   RO Data    RW Data    ZI Data      Debug   Object Name

       668         70          0          8        180       3663   app_dataget.o
       950        148          0          4       1080       4544   app_mcudeal.o
       200         20          0          0          0        568   app_motorctrl.o
      1084        228          0          8          0       2699   app_showdebug.o
       176         26          0          0         16       3113   app_uartsend.o
         0          0          0          0          0         32   core_cm3.o
       148         10          0          1          0     256580   main.o
       132         22          0          0          0       1715   misc.o
      1776        114          0         24         84       7197   sj_bmp280.o
       372          8          0         72          0       2725   sj_filter.o
       718         32          0          0          0       6245   sj_iic.o
       280         32          0         10          0       5649   sj_key.o
       292         10          0          0          0       1199   sj_led.o
      1288        146          0         12        504       8390   sj_mpu9250.o
      1602         32        615          0          0      17679   sj_oled.o
       348         22          0          0          0       1822   sj_pid.o
       328         20          0          0          0       2151   sj_pwm.o
       130          0          0          0          0       1481   sj_tim.o
       734         32          0          0          0       3629   sj_uart.o
      1006         88          0         48        190       6729   sj_uartmodule.o
        36          8        304          0       1024        912   startup_stm32f10x_hd.o
       304          0          0          0          0       3920   stm32f10x_gpio.o
       638         70          0         12         50       6911   stm32f10x_it.o
       276         32          0         20          0       4690   stm32f10x_rcc.o
       940         92          0          0          0      10070   stm32f10x_tim.o
       442          6          0          0          0       6557   stm32f10x_usart.o
       328         28          0          0          0       2293   system_stm32f10x.o

    ----------------------------------------------------------------------
     15228       1296        956        224       3132     373163   Object Totals
         0          0         32          0          0          0   (incl. Generated)
        32          0          5          5          4          0   (incl. Padding)

    ----------------------------------------------------------------------

      Code (inc. data)   RO Data    RW Data    ZI Data      Debug   Library Member Name

       544         70        152          0          0        124   atan.o
       380         52          0          0          0        124   cosf.o
        68         10          0          0          0        408   dunder.o
        40          0          0          0          0         68   fpclassify.o
        38          0          0          0          0         68   fpclassifyf.o
        24          0          0          0          0        204   funder.o
       170          0          0          0          0         96   poly.o
      2488        190        136          0          0        300   pow.o
         0          0          8          0          0          0   qnan.o
       360         16         32          0          0         88   rredf.o
        76          0          0          0          0         84   sqrt.o
       372         58          0          0          0        124   tanf.o
        28          0          0          0          0         68   _chval.o
       158          0          0          0          0         92   _strtoul.o
        26          0          0          0          0         80   atoi.o
         8          4        133          0          0         68   ctype_o.o
         0          0          0          0          0          0   entry.o
         0          0          0          0          0          0   entry10a.o
         0          0          0          0          0          0   entry11a.o
         8          4          0          0          0          0   entry2.o
         4          0          0          0          0          0   entry5.o
         0          0          0          0          0          0   entry7b.o
         0          0          0          0          0          0   entry8b.o
         8          4          0          0          0          0   entry9a.o
        20         10          0          4          0        136   errno.o
        30          0          0          0          0          0   handlers.o
        36          8          0          0          0         68   init.o
         0          0          0          0          0          0   iusefp.o
        98          0          0          0          0         84   ldiv.o
        30          0          0          0          0         68   llshl.o
        36          0          0          0          0         68   llsshr.o
        32          0          0          0          0         68   llushr.o
        36          0          0          0          0         68   memcpya.o
        14          0          0          0          0         68   strlen.o
       112          0          0          0          0         88   strtol.o
        98          0          0          0          0         92   uldiv.o
        48          0          0          0          0         68   cdcmple.o
        48          0          0          0          0         68   cdrcmple.o
        20          0          0          0          0         68   cfcmple.o
        20          0          0          0          0         68   cfrcmple.o
        56          0          0          0          0         88   d2f.o
       334          0          0          0          0        148   dadd.o
       222          0          0          0          0        100   ddiv.o
       186          0          0          0          0        176   depilogue.o
        62          0          0          0          0         80   dfixi.o
        34          0          0          0          0         76   dflti.o
       228          0          0          0          0         96   dmul.o
        46          0          0          0          0         80   dscalb.o
       162          0          0          0          0        100   dsqrt.o
        38          0          0          0          0         68   f2d.o
       176          0          0          0          0        140   fadd.o
       124          0          0          0          0         88   fdiv.o
       110          0          0          0          0        168   fepilogue.o
        50          0          0          0          0         68   ffixi.o
        40          0          0          0          0         68   ffixui.o
        18          0          0          0          0         68   fflti.o
        10          0          0          0          0         68   ffltui.o
       100          0          0          0          0         76   fmul.o
        60          0          0          0          0         76   frnd.o
        24          0          0          0          0         68   fscalb.o

    ----------------------------------------------------------------------
      7568        426        464          4          0       4976   Library Totals
        10          0          3          0          0          0   (incl. Padding)

    ----------------------------------------------------------------------

      Code (inc. data)   RO Data    RW Data    ZI Data      Debug   Library Name

      4560        396        328          0          0       1688   m_ws.l
       782         30        133          4          0       1116   mc_w.l
      2216          0          0          0          0       2172   mf_w.l

    ----------------------------------------------------------------------
      7568        426        464          4          0       4976   Library Totals

    ----------------------------------------------------------------------

==============================================================================


      Code (inc. data)   RO Data    RW Data    ZI Data      Debug   

     22796       1722       1420        228       3132     367683   Grand Totals
     22796       1722       1420        228       3132     367683   ELF Image Totals
     22796       1722       1420        228          0          0   ROM Totals

==============================================================================

    Total RO  Size (Code + RO Data)                24216 (  23.65kB)
    Total RW  Size (RW Data + ZI Data)              3360 (   3.28kB)
    Total ROM Size (Code + RO Data + RW Data)      24444 (  23.87kB)

==============================================================================

