Component: ARM Compiler 5.05 update 2 (build 169) Tool: armlink [4d0f33]

==============================================================================

Section Cross References

    main.o(i.HardWareInit) refers to sj_oled.o(i.OLED_Config) for OLED_Config
    main.o(i.HardWareInit) refers to sj_key.o(i.KEY_Config) for KEY_Config
    main.o(i.HardWareInit) refers to sj_led.o(i.LED_Config) for LED_Config
    main.o(i.HardWareInit) refers to sj_led.o(i.LED_Operate) for LED_Operate
    main.o(i.HardWareInit) refers to sj_pwm.o(i.PWM_Config) for PWM_Config
    main.o(i.HardWareInit) refers to sj_iic.o(i.IIC_Config) for IIC_Config
    main.o(i.HardWareInit) refers to sj_mpu9250.o(i.MPU9250_Config) for MPU9250_Config
    main.o(i.HardWareInit) refers to sj_bmp280.o(i.BMP280_Config) for BMP280_Config
    main.o(i.SoftWareInit) refers to sj_tim.o(i.TIM_Config) for TIM_Config
    main.o(i.SoftWareInit) refers to sj_uart.o(i.USART_Config) for USART_Config
    main.o(i.SoftWareInit) refers to app_dataget.o(i.CyberDataInit) for CyberDataInit
    main.o(i.SoftWareInit) refers to app_mcudeal.o(i.PidDataInit) for PidDataInit
    main.o(i.main) refers to main.o(i.HardWareInit) for HardWareInit
    main.o(i.main) refers to main.o(i.SoftWareInit) for SoftWareInit
    main.o(i.main) refers to app_showdebug.o(i.OledShowDebugFace) for OledShowDebugFace
    main.o(i.main) refers to app_uartsend.o(i.UartDataGetAndSend) for UartDataGetAndSend
    main.o(i.main) refers to main.o(.data) for MainStatus
    stm32f10x_it.o(i.TIM2_IRQHandler) refers to stm32f10x_tim.o(i.TIM_GetITStatus) for TIM_GetITStatus
    stm32f10x_it.o(i.TIM2_IRQHandler) refers to sj_led.o(i.LED_Operate) for LED_Operate
    stm32f10x_it.o(i.TIM2_IRQHandler) refers to sj_key.o(i.Key_AddTimeAfterLast) for Key_AddTimeAfterLast
    stm32f10x_it.o(i.TIM2_IRQHandler) refers to app_dataget.o(i.ModuleDataGetAndHandle) for ModuleDataGetAndHandle
    stm32f10x_it.o(i.TIM2_IRQHandler) refers to app_mcudeal.o(i.ControlArithmeticDeal) for ControlArithmeticDeal
    stm32f10x_it.o(i.TIM2_IRQHandler) refers to app_motorctrl.o(i.MotorPwmOutputControl) for MotorPwmOutputControl
    stm32f10x_it.o(i.TIM2_IRQHandler) refers to stm32f10x_tim.o(i.TIM_ClearITPendingBit) for TIM_ClearITPendingBit
    stm32f10x_it.o(i.TIM2_IRQHandler) refers to app_dataget.o(.data) for Cyber
    stm32f10x_it.o(i.UART4_IRQHandler) refers to stm32f10x_usart.o(i.USART_GetITStatus) for USART_GetITStatus
    stm32f10x_it.o(i.UART4_IRQHandler) refers to sj_led.o(i.LED_Operate) for LED_Operate
    stm32f10x_it.o(i.UART4_IRQHandler) refers to stm32f10x_usart.o(i.USART_ReceiveData) for USART_ReceiveData
    stm32f10x_it.o(i.UART4_IRQHandler) refers to stm32f10x_it.o(.data) for i
    stm32f10x_it.o(i.UART4_IRQHandler) refers to stm32f10x_it.o(.bss) for rebuf
    stm32f10x_it.o(i.UART4_IRQHandler) refers to sj_uartmodule.o(.bss) for laserdata
    stm32f10x_it.o(i.UART4_IRQHandler) refers to sj_uartmodule.o(.data) for DistanceBuff
    stm32f10x_it.o(i.USART1_IRQHandler) refers to stm32f10x_usart.o(i.USART_GetITStatus) for USART_GetITStatus
    stm32f10x_it.o(i.USART1_IRQHandler) refers to stm32f10x_usart.o(i.USART_ReceiveData) for USART_ReceiveData
    stm32f10x_it.o(i.USART1_IRQHandler) refers to stm32f10x_usart.o(i.USART_SendData) for USART_SendData
    stm32f10x_it.o(i.USART2_IRQHandler) refers to stm32f10x_usart.o(i.USART_GetITStatus) for USART_GetITStatus
    stm32f10x_it.o(i.USART2_IRQHandler) refers to sj_led.o(i.LED_Operate) for LED_Operate
    stm32f10x_it.o(i.USART2_IRQHandler) refers to stm32f10x_usart.o(i.USART_ReceiveData) for USART_ReceiveData
    stm32f10x_it.o(i.USART2_IRQHandler) refers to memcpya.o(.text) for __aeabi_memcpy
    stm32f10x_it.o(i.USART2_IRQHandler) refers to stm32f10x_it.o(.bss) for rebuf
    stm32f10x_it.o(i.USART2_IRQHandler) refers to stm32f10x_it.o(.data) for i
    stm32f10x_it.o(i.USART2_IRQHandler) refers to sj_uartmodule.o(.bss) for remotedata
    stm32f10x_it.o(i.USART3_IRQHandler) refers to stm32f10x_usart.o(i.USART_GetITStatus) for USART_GetITStatus
    stm32f10x_it.o(i.USART3_IRQHandler) refers to sj_led.o(i.LED_Operate) for LED_Operate
    stm32f10x_it.o(i.USART3_IRQHandler) refers to stm32f10x_usart.o(i.USART_ReceiveData) for USART_ReceiveData
    stm32f10x_it.o(i.USART3_IRQHandler) refers to stm32f10x_it.o(.data) for rc_counter
    stm32f10x_it.o(i.USART3_IRQHandler) refers to sj_uartmodule.o(.bss) for Flow
    sj_iic.o(i.I2C_SendACK) refers to stm32f10x_gpio.o(i.GPIO_ResetBits) for GPIO_ResetBits
    sj_iic.o(i.I2C_SendACK) refers to sj_iic.o(i.iic_delay) for iic_delay
    sj_iic.o(i.I2C_SendACK) refers to stm32f10x_gpio.o(i.GPIO_SetBits) for GPIO_SetBits
    sj_iic.o(i.IIC_Config) refers to stm32f10x_rcc.o(i.RCC_APB2PeriphClockCmd) for RCC_APB2PeriphClockCmd
    sj_iic.o(i.IIC_Config) refers to stm32f10x_gpio.o(i.GPIO_Init) for GPIO_Init
    sj_iic.o(i.IIC_Config) refers to sj_iic.o(i.IIC_stop) for IIC_stop
[...]
    .ARM.Collect$$$$0000000B                 0x08000138   Section        8  entry9a.o(.ARM.Collect$$$$0000000B)
    .ARM.Collect$$$$0000000D                 0x08000140   Section        0  entry10a.o(.ARM.Collect$$$$0000000D)
    .ARM.Collect$$$$0000000F                 0x08000140   Section        0  entry11a.o(.ARM.Collect$$$$0000000F)
    .ARM.Collect$$$$00002712                 0x08000140   Section        4  entry2.o(.ARM.Collect$$$$00002712)
    __lit__00000000                          0x08000140   Data           4  entry2.o(.ARM.Collect$$$$00002712)
    .text                                    0x08000144   Section       36  startup_stm32f10x_hd.o(.text)
    .text                                    0x08000168   Section        0  memcpya.o(.text)
    .text                                    0x0800018c   Section        0  strlen.o(.text)
    .text                                    0x0800019a   Section        0  atoi.o(.text)
    .text                                    0x080001b4   Section        0  fadd.o(.text)
    .text                                    0x08000264   Section        0  fmul.o(.text)
    .text                                    0x080002c8   Section        0  fdiv.o(.text)
    .text                                    0x08000344   Section        0  dadd.o(.text)
    .text                                    0x08000492   Section        0  dmul.o(.text)
    .text                                    0x08000576   Section        0  ddiv.o(.text)
    .text                                    0x08000654   Section        0  fflti.o(.text)
    .text                                    0x08000666   Section        0  ffltui.o(.text)
    .text                                    0x08000670   Section        0  ffixi.o(.text)
    .text                                    0x080006a2   Section        0  ffixui.o(.text)
    .text                                    0x080006ca   Section        0  f2d.o(.text)
    .text                                    0x080006f0   Section       48  cdrcmple.o(.text)
    .text                                    0x08000720   Section        0  d2f.o(.text)
    .text                                    0x08000758   Section       20  cfcmple.o(.text)
    .text                                    0x0800076c   Section       20  cfrcmple.o(.text)
    .text                                    0x08000780   Section        0  llshl.o(.text)
    .text                                    0x0800079e   Section        0  llushr.o(.text)
    .text                                    0x080007be   Section        0  llsshr.o(.text)
    .text                                    0x080007e2   Section        0  strtol.o(.text)
    .text                                    0x08000852   Section        0  fepilogue.o(.text)
    .text                                    0x08000852   Section        0  iusefp.o(.text)
    .text                                    0x080008c0   Section        0  frnd.o(.text)
    .text                                    0x080008fc   Section        0  depilogue.o(.text)
    .text                                    0x080009b6   Section        0  dscalb.o(.text)
    .text                                    0x080009e4   Section        0  dsqrt.o(.text)
    .text                                    0x08000a88   Section       36  init.o(.text)
    .text                                    0x08000aac   Section        0  ctype_o.o(.text)
    .text                                    0x08000ab4   Section        0  _strtoul.o(.text)
    .text                                    0x08000b52   Section        0  fscalb.o(.text)
    .text                                    0x08000b6a   Section        0  _chval.o(.text)
    i.AnalysisRemoteData                     0x08000b86   Section        0  sj_uartmodule.o(i.AnalysisRemoteData)
    i.BMP280_Config                          0x08000c48   Section        0  sj_bmp280.o(i.BMP280_Config)
    i.BusFault_Handler                       0x08000e48   Section        0  stm32f10x_it.o(i.BusFault_Handler)
    i.CalcPosiPidOut                         0x08000e4c   Section        0  sj_pid.o(i.CalcPosiPidOut)
    i.ControlArithmeticDeal                  0x08000f38   Section        0  app_mcudeal.o(i.ControlArithmeticDeal)
    i.CountAngleGyro                         0x080010d8   Section        0  sj_mpu9250.o(i.CountAngleGyro)
    i.CyberDataInit                          0x080012a4   Section        0  app_dataget.o(i.CyberDataInit)
    i.DEBUG_UART_Init                        0x08001304   Section        0  sj_uart.o(i.DEBUG_UART_Init)
    i.DISTANCEDATA_DataGet                   0x08001390   Section        0  sj_uartmodule.o(i.DISTANCEDATA_DataGet)
    i.DISTANCE_UART_Init                     0x080013e8   Section        0  sj_uart.o(i.DISTANCE_UART_Init)
    i.DebugDataPart                          0x08001474   Section        0  app_showdebug.o(i.DebugDataPart)
    i.DebugMon_Handler                       0x0800149c   Section        0  stm32f10x_it.o(i.DebugMon_Handler)
    i.GENERAL_TIM_Mode_Config                0x0800149e   Section        0  sj_tim.o(i.GENERAL_TIM_Mode_Config)
    GENERAL_TIM_Mode_Config                  0x0800149f   Thumb Code    76  sj_tim.o(i.GENERAL_TIM_Mode_Config)
    i.GENERAL_TIM_NVIC_Config                0x080014ea   Section        0  sj_tim.o(i.GENERAL_TIM_NVIC_Config)
    GENERAL_TIM_NVIC_Config                  0x080014eb   Thumb Code    42  sj_tim.o(i.GENERAL_TIM_NVIC_Config)
    i.GPIO_Init                              0x08001514   Section        0  stm32f10x_gpio.o(i.GPIO_Init)
    i.GPIO_ReadInputDataBit                  0x0800162a   Section        0  stm32f10x_gpio.o(i.GPIO_ReadInputDataBit)
    i.GPIO_ResetBits                         0x0800163c   Section        0  stm32f10x_gpio.o(i.GPIO_ResetBits)
    i.GPIO_SetBits                           0x08001640   Section        0  stm32f10x_gpio.o(i.GPIO_SetBits)
    i.GetAccData                             0x08001644   Section        0  sj_mpu9250.o(i.GetAccData)
    i.GetGyroData                            0x0800172c   Section        0  sj_mpu9250.o(i.GetGyroData)
    i.GetTempData                            0x08001820   Section        0  sj_mpu9250.o(i.GetTempData)
    i.HardFault_Handler                      0x08001848   Section        0  stm32f10x_it.o(i.HardFault_Handler)
    i.HardWareInit                           0x0800184c   Section        0  main.o(i.HardWareInit)
    i.I2C_SendACK                            0x08001874   Section        0  sj_iic.o(i.I2C_SendACK)
    i.IIC_Config                             0x080018b8   Section        0  sj_iic.o(i.IIC_Config)
    i.IIC_start                              0x080018f4   Section        0  sj_iic.o(i.IIC_start)
    i.IIC_stop                               0x08001924   Section        0  sj_iic.o(i.IIC_stop)
    i.KEY_Config                             0x08001958   Section        0  sj_key.o(i.KEY_Config)
    i.KeyChooseSpeed                         0x080019c4   Section        0  sj_key.o(i.KeyChooseSpeed)
    KeyChooseSpeed                           0x080019c5   Thumb Code    14  sj_key.o(i.KeyChooseSpeed)
    i.KeyScanfAll                            0x080019d8   Section        0  sj_key.o(i.KeyScanfAll)
    i.Key_AddTimeAfterLast                   0x08001a00   Section        0  sj_key.o(i.Key_AddTimeAfterLast)
    i.Key_Scanf                              0x08001a1c   Section        0  sj_key.o(i.Key_Scanf)
    i.LED_Config                             0x08001a34   Section        0  sj_led.o(i.LED_Config)
    i.LED_Operate                            0x08001a88   Section        0  sj_led.o(i.LED_Operate)
    i.LPButterworth                          0x08001b58   Section        0  sj_filter.o(i.LPButterworth)
    i.MPU9250_Config                         0x08001bcc   Section        0  sj_mpu9250.o(i.MPU9250_Config)
    i.MPU9250_DataGet                        0x08001c54   Section        0  sj_mpu9250.o(i.MPU9250_DataGet)
    i.MemManage_Handler                      0x08001cb8   Section        0  stm32f10x_it.o(i.MemManage_Handler)
    i.MenuDataChange                         0x08001cbc   Section        0  app_showdebug.o(i.MenuDataChange)
    i.ModuleDataGetAndHandle                 0x08001d6c   Section        0  app_dataget.o(i.ModuleDataGetAndHandle)
    i.ModuleDataHandle                       0x08001d88   Section        0  app_dataget.o(i.ModuleDataHandle)
    i.MotorPwmOutputControl                  0x08001f70   Section        0  app_motorctrl.o(i.MotorPwmOutputControl)
    i.NMI_Handler                            0x08002038   Section        0  stm32f10x_it.o(i.NMI_Handler)
    i.NVIC_Init                              0x0800203c   Section        0  misc.o(i.NVIC_Init)
    i.NVIC_PriorityGroupConfig               0x080020ac   Section        0  misc.o(i.NVIC_PriorityGroupConfig)
    i.NavigationDataCal                      0x080020c0   Section        0  app_mcudeal.o(i.NavigationDataCal)
    i.OLED_Cls                               0x08002130   Section        0  sj_oled.o(i.OLED_Cls)
    i.OLED_Config                            0x08002168   Section        0  sj_oled.o(i.OLED_Config)
    i.OLED_DLY_ms                            0x08002208   Section        0  sj_oled.o(i.OLED_DLY_ms)
    i.OLED_Fill                              0x08002222   Section        0  sj_oled.o(i.OLED_Fill)
    i.OLED_P6x8Char                          0x0800225c   Section        0  sj_oled.o(i.OLED_P6x8Char)
    i.OLED_P6x8Float                         0x080022ac   Section        0  sj_oled.o(i.OLED_P6x8Float)
    i.OLED_P6x8Int                           0x080023fc   Section        0  sj_oled.o(i.OLED_P6x8Int)
    i.OLED_P6x8Str                           0x08002498   Section        0  sj_oled.o(i.OLED_P6x8Str)
    i.OLED_Pin_Init                          0x08002504   Section        0  sj_oled.o(i.OLED_Pin_Init)
    i.OLED_Set_Pos                           0x08002560   Section        0  sj_oled.o(i.OLED_Set_Pos)
    i.OLED_WrCmd                             0x08002584   Section        0  sj_oled.o(i.OLED_WrCmd)
    i.OLED_WrDat                             0x080025e4   Section        0  sj_oled.o(i.OLED_WrDat)
    i.OPTICALFLOW_DataGet                    0x08002644   Section        0  sj_uartmodule.o(i.OPTICALFLOW_DataGet)
    i.OPTICALFLOW_UART_Init                  0x08002778   Section        0  sj_uart.o(i.OPTICALFLOW_UART_Init)
    i.OffsetDataSet                          0x08002804   Section        0  app_dataget.o(i.OffsetDataSet)
    i.OledShowDebugFace                      0x08002864   Section        0  app_showdebug.o(i.OledShowDebugFace)
    i.OledShowMessage                        0x08002874   Section        0  app_showdebug.o(i.OledShowMessage)
    i.PWM_Config                             0x08002bc8   Section        0  sj_pwm.o(i.PWM_Config)
    i.PWM_Operate                            0x08002bd4   Section        0  sj_pwm.o(i.PWM_Operate)
    i.PendSV_Handler                         0x08002c0c   Section        0  stm32f10x_it.o(i.PendSV_Handler)
    i.PidDataInit                            0x08002c10   Section        0  app_mcudeal.o(i.PidDataInit)
    i.PostureDataCal                         0x08002da8   Section        0  app_mcudeal.o(i.PostureDataCal)
    i.RCC_APB1PeriphClockCmd                 0x08002e2c   Section        0  stm32f10x_rcc.o(i.RCC_APB1PeriphClockCmd)
    i.RCC_APB2PeriphClockCmd                 0x08002e4c   Section        0  stm32f10x_rcc.o(i.RCC_APB2PeriphClockCmd)
    i.RCC_GetClocksFreq                      0x08002e6c   Section        0  stm32f10x_rcc.o(i.RCC_GetClocksFreq)
    i.REMOTEDATA_DataGet                     0x08002f40   Section        0  sj_uartmodule.o(i.REMOTEDATA_DataGet)
    i.REMOTE_UART_Init                       0x08002f68   Section        0  sj_uart.o(i.REMOTE_UART_Init)
    i.RemoteDataCheck                        0x08002ff0   Section        0  sj_uartmodule.o(i.RemoteDataCheck)
    i.SCCB_WaitAck                           0x08003054   Section        0  sj_iic.o(i.SCCB_WaitAck)
    SCCB_WaitAck                             0x08003055   Thumb Code    64  sj_iic.o(i.SCCB_WaitAck)
    i.SVC_Handler                            0x08003098   Section        0  stm32f10x_it.o(i.SVC_Handler)
    i.ScanfKey                               0x0800309c   Section        0  sj_key.o(i.ScanfKey)
    i.SetAddressingMode                      0x080030d8   Section        0  sj_oled.o(i.SetAddressingMode)
    i.SetContrastControl                     0x080030ea   Section        0  sj_oled.o(i.SetContrastControl)
    i.SetPosiPidParm                         0x080030fc   Section        0  sj_pid.o(i.SetPosiPidParm)
    i.SetStartLine                           0x0800317c   Section        0  sj_oled.o(i.SetStartLine)
    i.SetSysClock                            0x0800318a   Section        0  system_stm32f10x.o(i.SetSysClock)
    SetSysClock                              0x0800318b   Thumb Code     8  system_stm32f10x.o(i.SetSysClock)
    i.SetSysClockTo72                        0x08003194   Section        0  system_stm32f10x.o(i.SetSysClockTo72)
    SetSysClockTo72                          0x08003195   Thumb Code   214  system_stm32f10x.o(i.SetSysClockTo72)
    i.Set_Charge_Pump                        0x08003274   Section        0  sj_oled.o(i.Set_Charge_Pump)
    i.Set_Common_Config                      0x08003288   Section        0  sj_oled.o(i.Set_Common_Config)
    i.Set_Common_Remap                       0x0800329c   Section        0  sj_oled.o(i.Set_Common_Remap)
    i.Set_Cutoff_Frequency                   0x080032ac   Section        0  sj_filter.o(i.Set_Cutoff_Frequency)
    i.Set_Display_Clock                      0x080033ac   Section        0  sj_oled.o(i.Set_Display_Clock)
    i.Set_Display_Offset                     0x080033be   Section        0  sj_oled.o(i.Set_Display_Offset)
    i.Set_Display_On_Off                     0x080033d0   Section        0  sj_oled.o(i.Set_Display_On_Off)
    i.Set_Entire_Display                     0x080033de   Section        0  sj_oled.o(i.Set_Entire_Display)
    i.Set_Inverse_Display                    0x080033ec   Section        0  sj_oled.o(i.Set_Inverse_Display)
    i.Set_Multiplex_Ratio                    0x080033fa   Section        0  sj_oled.o(i.Set_Multiplex_Ratio)
    i.Set_Precharge_Period                   0x0800340c   Section        0  sj_oled.o(i.Set_Precharge_Period)
    i.Set_Segment_Remap                      0x0800341e   Section        0  sj_oled.o(i.Set_Segment_Remap)
    i.Set_VCOMH                              0x0800342c   Section        0  sj_oled.o(i.Set_VCOMH)
    i.SoftWareInit                           0x0800343e   Section        0  main.o(i.SoftWareInit)
    i.SysTick_Handler                        0x08003452   Section        0  stm32f10x_it.o(i.SysTick_Handler)
    i.SystemInit                             0x08003454   Section        0  system_stm32f10x.o(i.SystemInit)
    i.TIM2_IRQHandler                        0x080034b4   Section        0  stm32f10x_it.o(i.TIM2_IRQHandler)
    i.TIM3_GPIO_Config                       0x080034f8   Section        0  sj_pwm.o(i.TIM3_GPIO_Config)
    TIM3_GPIO_Config                         0x080034f9   Thumb Code    88  sj_pwm.o(i.TIM3_GPIO_Config)
    i.TIM3_Mode_Config                       0x08003558   Section        0  sj_pwm.o(i.TIM3_Mode_Config)
    TIM3_Mode_Config                         0x08003559   Thumb Code   138  sj_pwm.o(i.TIM3_Mode_Config)
    i.TIM_ClearFlag                          0x080035e8   Section        0  stm32f10x_tim.o(i.TIM_ClearFlag)
    i.TIM_ClearITPendingBit                  0x080035ee   Section        0  stm32f10x_tim.o(i.TIM_ClearITPendingBit)
    i.TIM_Cmd                                0x080035f4   Section        0  stm32f10x_tim.o(i.TIM_Cmd)
    i.TIM_Config                             0x0800360c   Section        0  sj_tim.o(i.TIM_Config)
    i.TIM_GetITStatus                        0x08003618   Section        0  stm32f10x_tim.o(i.TIM_GetITStatus)
    i.TIM_ITConfig                           0x0800363a   Section        0  stm32f10x_tim.o(i.TIM_ITConfig)
    i.TIM_OC1Init                            0x0800364c   Section        0  stm32f10x_tim.o(i.TIM_OC1Init)
    i.TIM_OC1PreloadConfig                   0x080036e4   Section        0  stm32f10x_tim.o(i.TIM_OC1PreloadConfig)
    i.TIM_OC2Init                            0x080036f8   Section        0  stm32f10x_tim.o(i.TIM_OC2Init)
    i.TIM_OC2PreloadConfig                   0x0800379c   Section        0  stm32f10x_tim.o(i.TIM_OC2PreloadConfig)
    i.TIM_OC3Init                            0x080037b8   Section        0  stm32f10x_tim.o(i.TIM_OC3Init)
    i.TIM_OC3PreloadConfig                   0x08003858   Section        0  stm32f10x_tim.o(i.TIM_OC3PreloadConfig)
    i.TIM_OC4Init                            0x0800386c   Section        0  stm32f10x_tim.o(i.TIM_OC4Init)
    i.TIM_OC4PreloadConfig                   0x080038e8   Section        0  stm32f10x_tim.o(i.TIM_OC4PreloadConfig)
    i.TIM_TimeBaseInit                       0x08003904   Section        0  stm32f10x_tim.o(i.TIM_TimeBaseInit)
    i.UART4_IRQHandler                       0x080039a8   Section        0  stm32f10x_it.o(i.UART4_IRQHandler)
    i.UART_NVIC_Config                       0x08003a5c   Section        0  sj_uart.o(i.UART_NVIC_Config)
    UART_NVIC_Config                         0x08003a5d   Thumb Code   154  sj_uart.o(i.UART_NVIC_Config)
    i.USART1_IRQHandler                      0x08003af8   Section        0  stm32f10x_it.o(i.USART1_IRQHandler)
    i.USART2_IRQHandler                      0x08003b1c   Section        0  stm32f10x_it.o(i.USART2_IRQHandler)
    i.USART3_IRQHandler                      0x08003b9c   Section        0  stm32f10x_it.o(i.USART3_IRQHandler)
    i.USART_Cmd                              0x08003c64   Section        0  stm32f10x_usart.o(i.USART_Cmd)
    i.USART_Config                           0x08003c7c   Section        0  sj_uart.o(i.USART_Config)
    i.USART_GetFlagStatus                    0x08003c94   Section        0  stm32f10x_usart.o(i.USART_GetFlagStatus)
    i.USART_GetITStatus                      0x08003cae   Section        0  stm32f10x_usart.o(i.USART_GetITStatus)
    i.USART_ITConfig                         0x08003d02   Section        0  stm32f10x_usart.o(i.USART_ITConfig)
    i.USART_Init                             0x08003d4c   Section        0  stm32f10x_usart.o(i.USART_Init)
    i.USART_ReceiveData                      0x08003e24   Section        0  stm32f10x_usart.o(i.USART_ReceiveData)
    i.USART_SendData                         0x08003e2e   Section        0  stm32f10x_usart.o(i.USART_SendData)
    i.UartDataGetAndSend                     0x08003e38   Section        0  app_uartsend.o(i.UartDataGetAndSend)
    i.UsageFault_Handler                     0x08003e6c   Section        0  stm32f10x_it.o(i.UsageFault_Handler)
    i.__ARM_fpclassify                       0x08003e70   Section        0  fpclassify.o(i.__ARM_fpclassify)
    i.__ARM_fpclassifyf                      0x08003e98   Section        0  fpclassifyf.o(i.__ARM_fpclassifyf)
    i.__aeabi_errno_addr                     0x08003ec0   Section        0  errno.o(i.__aeabi_errno_addr)
    i.__kernel_poly                          0x08003ec8   Section        0  poly.o(i.__kernel_poly)
    i.__mathlib_dbl_infnan                   0x08003f72   Section        0  dunder.o(i.__mathlib_dbl_infnan)
    i.__mathlib_dbl_underflow                0x08003f78   Section        0  dunder.o(i.__mathlib_dbl_underflow)
    i.__mathlib_flt_infnan                   0x08003f88   Section        0  funder.o(i.__mathlib_flt_infnan)
    i.__mathlib_flt_invalid                  0x08003f8e   Section        0  funder.o(i.__mathlib_flt_invalid)
    i.__mathlib_flt_underflow                0x08003f96   Section        0  funder.o(i.__mathlib_flt_underflow)
    i.__mathlib_rredf2                       0x08003fa0   Section        0  rredf.o(i.__mathlib_rredf2)
    i.__scatterload_copy                     0x08004108   Section       14  handlers.o(i.__scatterload_copy)
    i.__scatterload_null                     0x08004116   Section        2  handlers.o(i.__scatterload_null)
    i.__scatterload_zeroinit                 0x08004118   Section       14  handlers.o(i.__scatterload_zeroinit)
    i.__set_errno                            0x08004128   Section        0  errno.o(i.__set_errno)
    i.atan                                   0x08004134   Section        0  atan.o(i.atan)
    i.cosf                                   0x08004354   Section        0  cosf.o(i.cosf)
    i.digits                                 0x080044d0   Section        0  sj_oled.o(i.digits)
    digits                                   0x080044d1   Thumb Code    34  sj_oled.o(i.digits)
    i.highspeeddatafuse                      0x080044f4   Section        0  sj_uartmodule.o(i.highspeeddatafuse)
    i.iic_delay                              0x0800460c   Section        0  sj_iic.o(i.iic_delay)
    i.iic_read_reg                           0x0800461c   Section        0  sj_iic.o(i.iic_read_reg)
    i.iic_read_regs                          0x08004666   Section        0  sj_iic.o(i.iic_read_regs)
    i.iic_write_reg                          0x080046c8   Section        0  sj_iic.o(i.iic_write_reg)
    i.invSqrt                                0x080046f4   Section        0  sj_math.o(i.invSqrt)
    i.main                                   0x08004740   Section        0  main.o(i.main)
    i.my_power                               0x08004794   Section        0  sj_oled.o(i.my_power)
    my_power                                 0x08004795   Thumb Code    20  sj_oled.o(i.my_power)
    i.rangelimitInt                          0x080047a8   Section        0  sj_math.o(i.rangelimitInt)
    i.read_ch                                0x080047bc   Section        0  sj_iic.o(i.read_ch)
    i.send_ch                                0x0800482c   Section        0  sj_iic.o(i.send_ch)
    i.sqrt                                   0x0800487c   Section        0  sqrt.o(i.sqrt)
    i.tanf                                   0x080048c8   Section        0  tanf.o(i.tanf)
    i.uart_putbuff                           0x08004a3c   Section        0  app_uartsend.o(i.uart_putbuff)
    i.uart_send_char                         0x08004a5a   Section        0  app_uartsend.o(i.uart_send_char)
    i.vcan_sendware                          0x08004a78   Section        0  app_uartsend.o(i.vcan_sendware)
    .constdata                               0x08004ab4   Section      615  sj_oled.o(.constdata)
    .constdata                               0x08004d20   Section      152  atan.o(.constdata)
    atanhi                                   0x08004d20   Data          32  atan.o(.constdata)
    atanlo                                   0x08004d40   Data          32  atan.o(.constdata)
    aTodd                                    0x08004d60   Data          40  atan.o(.constdata)
    aTeven                                   0x08004d88   Data          48  atan.o(.constdata)
    .constdata                               0x08004db8   Section       32  rredf.o(.constdata)
    twooverpi                                0x08004db8   Data          32  rredf.o(.constdata)
    .constdata                               0x08004dd8   Section      129  ctype_o.o(.constdata)
    .constdata                               0x08004e5c   Section        4  ctype_o.o(.constdata)
    table                                    0x08004e5c   Data           4  ctype_o.o(.constdata)
    .data                                    0x20000000   Section        1  main.o(.data)
    .data                                    0x20000004   Section       12  stm32f10x_it.o(.data)
    i                                        0x20000004   Data           4  stm32f10x_it.o(.data)
    i                                        0x20000008   Data           1  stm32f10x_it.o(.data)
    rc_counter                               0x2000000c   Data           4  stm32f10x_it.o(.data)
    .data                                    0x20000010   Section       72  sj_filter.o(.data)
    .data                                    0x20000058   Section       10  sj_key.o(.data)
    key                                      0x20000058   Data           6  sj_key.o(.data)
    delt                                     0x20000060   Data           2  sj_key.o(.data)
    .data                                    0x20000064   Section       12  sj_mpu9250.o(.data)
    .data                                    0x20000070   Section       24  sj_bmp280.o(.data)
    bmp280ID                                 0x20000070   Data           4  sj_bmp280.o(.data)
    bmp280RawPressure                        0x20000074   Data           4  sj_bmp280.o(.data)
    bmp280RawTemperature                     0x20000078   Data           4  sj_bmp280.o(.data)
    i                                        0x2000007c   Data           4  sj_bmp280.o(.data)
    t                                        0x20000080   Data           4  sj_bmp280.o(.data)
    p                                        0x20000084   Data           4  sj_bmp280.o(.data)
    .data                                    0x20000088   Section       48  sj_uartmodule.o(.data)
    last_laser                               0x200000a0   Data           4  sj_uartmodule.o(.data)
    last_laserspeed                          0x200000a4   Data           4  sj_uartmodule.o(.data)
    last_anglep                              0x200000a8   Data           4  sj_uartmodule.o(.data)
    last_angler                              0x200000ac   Data           4  sj_uartmodule.o(.data)
    last_deltax                              0x200000b0   Data           4  sj_uartmodule.o(.data)
    last_deltay                              0x200000b4   Data           4  sj_uartmodule.o(.data)
    .data                                    0x200000b8   Section        8  app_dataget.o(.data)
    .data                                    0x200000c0   Section        8  app_showdebug.o(.data)
    menus                                    0x200000c0   Data           4  app_showdebug.o(.data)
    lines                                    0x200000c4   Data           4  app_showdebug.o(.data)
    .data                                    0x200000c8   Section       20  stm32f10x_rcc.o(.data)
    APBAHBPrescTable                         0x200000c8   Data          16  stm32f10x_rcc.o(.data)
    ADCPrescTable                            0x200000d8   Data           4  stm32f10x_rcc.o(.data)
    .data                                    0x200000dc   Section        4  errno.o(.data)
    _errno                                   0x200000dc   Data           4  errno.o(.data)
    .bss                                     0x200000e0   Section       50  stm32f10x_it.o(.bss)
    rebuf                                    0x200000e0   Data          30  stm32f10x_it.o(.bss)
    rebuf                                    0x200000fe   Data          20  stm32f10x_it.o(.bss)
    .bss                                     0x20000114   Section      504  sj_mpu9250.o(.bss)
    .bss                                     0x2000030c   Section       84  sj_bmp280.o(.bss)
    filter_buf                               0x2000034c   Data          20  sj_bmp280.o(.bss)
    .bss                                     0x20000360   Section      190  sj_uartmodule.o(.bss)
    .bss                                     0x20000420   Section      180  app_dataget.o(.bss)
    .bss                                     0x200004d4   Section     1512  app_mcudeal.o(.bss)
    .bss                                     0x20000abc   Section       16  app_uartsend.o(.bss)
    STACK                                    0x20000ad0   Section     1024  startup_stm32f10x_hd.o(STACK)

    Global Symbols

    Symbol Name                              Value     Ov Type        Size  Object(Section)

    BuildAttributes$$THM_ISAv4$P$D$K$B$S$PE$A:L22UL41UL21$X:L11$S22US41US21$IEEE1$IW$USESV6$~STKCKD$USESV7$~SHL$OTIME$ROPI$IEEEX$EBA8$MICROLIB$REQ8$PRES8$EABIv2 0x00000000   Number         0  anon$$obj.o ABSOLUTE
    __ARM_use_no_argv                        0x00000000   Number         0  main.o ABSOLUTE
    __cpp_initialize__aeabi_                  - Undefined Weak Reference
    __cxa_finalize                            - Undefined Weak Reference
    __decompress                              - Undefined Weak Reference
    _clock_init                               - Undefined Weak Reference
    _microlib_exit                            - Undefined Weak Reference
    __Vectors_Size                           0x00000130   Number         0  startup_stm32f10x_hd.o ABSOLUTE
    __Vectors                                0x08000000   Data           4  startup_stm32f10x_hd.o(RESET)
    __Vectors_End                            0x08000130   Data           0  startup_stm32f10x_hd.o(RESET)
    __main                                   0x08000131   Thumb Code     0  entry.o(.ARM.Collect$$$$00000000)
    _main_stk                                0x08000131   Thumb Code     0  entry2.o(.ARM.Collect$$$$00000001)
    _main_scatterload                        0x08000135   Thumb Code     0  entry5.o(.ARM.Collect$$$$00000004)
    __main_after_scatterload                 0x08000139   Thumb Code     0  entry5.o(.ARM.Collect$$$$00000004)
    _main_clock                              0x08000139   Thumb Code     0  entry7b.o(.ARM.Collect$$$$00000008)
    _main_cpp_init                           0x08000139   Thumb Code     0  entry8b.o(.ARM.Collect$$$$0000000A)
    _main_init                               0x08000139   Thumb Code     0  entry9a.o(.ARM.Collect$$$$0000000B)
    __rt_final_cpp                           0x08000141   Thumb Code     0  entry10a.o(.ARM.Collect$$$$0000000D)
    __rt_final_exit                          0x08000141   Thumb Code     0  entry11a.o(.ARM.Collect$$$$0000000F)
    Reset_Handler                            0x08000145   Thumb Code     8  startup_stm32f10x_hd.o(.text)
    ADC1_2_IRQHandler                        0x0800015f   Thumb Code     0  startup_stm32f10x_hd.o(.text)
    ADC3_IRQHandler                          0x0800015f   Thumb Code     0  startup_stm32f10x_hd.o(.text)
    CAN1_RX1_IRQHandler                      0x0800015f   Thumb Code     0  startup_stm32f10x_hd.o(.text)
    CAN1_SCE_IRQHandler                      0x0800015f   Thumb Code     0  startup_stm32f10x_hd.o(.text)
    DMA1_Channel1_IRQHandler                 0x0800015f   Thumb Code     0  startup_stm32f10x_hd.o(.text)
    DMA1_Channel2_IRQHandler                 0x0800015f   Thumb Code     0  startup_stm32f10x_hd.o(.text)
    DMA1_Channel3_IRQHandler                 0x0800015f   Thumb Code     0  startup_stm32f10x_hd.o(.text)
    DMA1_Channel4_IRQHandler                 0x0800015f   Thumb Code     0  startup_stm32f10x_hd.o(.text)
    DMA1_Channel5_IRQHandler                 0x0800015f   Thumb Code     0  startup_stm32f10x_hd.o(.text)
    DMA1_Channel6_IRQHandler                 0x0800015f   Thumb Code     0  startup_stm32f10x_hd.o(.text)
    DMA1_Channel7_IRQHandler                 0x0800015f   Thumb Code     0  startup_stm32f10x_hd.o(.text)
    DMA2_Channel1_IRQHandler                 0x0800015f   Thumb Code     0  startup_stm32f10x_hd.o(.text)
    DMA2_Channel2_IRQHandler                 0x0800015f   Thumb Code     0  startup_stm32f10x_hd.o(.text)
    DMA2_Channel3_IRQHandler                 0x0800015f   Thumb Code     0  startup_stm32f10x_hd.o(.text)
    DMA2_Channel4_5_IRQHandler               0x0800015f   Thumb Code     0  startup_stm32f10x_hd.o(.text)
    EXTI0_IRQHandler                         0x0800015f   Thumb Code     0  startup_stm32f10x_hd.o(.text)
    EXTI15_10_IRQHandler                     0x0800015f   Thumb Code     0  startup_stm32f10x_hd.o(.text)
    EXTI1_IRQHandler                         0x0800015f   Thumb Code     0  startup_stm32f10x_hd.o(.text)
    EXTI2_IRQHandler                         0x0800015f   Thumb Code     0  startup_stm32f10x_hd.o(.text)
    EXTI3_IRQHandler                         0x0800015f   Thumb Code     0  startup_stm32f10x_hd.o(.text)
    EXTI4_IRQHandler                         0x0800015f   Thumb Code     0  startup_stm32f10x_hd.o(.text)
    EXTI9_5_IRQHandler                       0x0800015f   Thumb Code     0  startup_stm32f10x_hd.o(.text)
    FLASH_IRQHandler                         0x0800015f   Thumb Code     0  startup_stm32f10x_hd.o(.text)
    FSMC_IRQHandler                          0x0800015f   Thumb Code     0  startup_stm32f10x_hd.o(.text)
    I2C1_ER_IRQHandler                       0x0800015f   Thumb Code     0  startup_stm32f10x_hd.o(.text)
    I2C1_EV_IRQHandler                       0x0800015f   Thumb Code     0  startup_stm32f10x_hd.o(.text)
    I2C2_ER_IRQHandler                       0x0800015f   Thumb Code     0  startup_stm32f10x_hd.o(.text)
    I2C2_EV_IRQHandler                       0x0800015f   Thumb Code     0  startup_stm32f10x_hd.o(.text)
    PVD_IRQHandler                           0x0800015f   Thumb Code     0  startup_stm32f10x_hd.o(.text)
    RCC_IRQHandler                           0x0800015f   Thumb Code     0  startup_stm32f10x_hd.o(.text)
    RTCAlarm_IRQHandler                      0x0800015f   Thumb Code     0  startup_stm32f10x_hd.o(.text)
    RTC_IRQHandler                           0x0800015f   Thumb Code     0  startup_stm32f10x_hd.o(.text)
    SDIO_IRQHandler                          0x0800015f   Thumb Code     0  startup_stm32f10x_hd.o(.text)
    SPI1_IRQHandler                          0x0800015f   Thumb Code     0  startup_stm32f10x_hd.o(.text)
    SPI2_IRQHandler                          0x0800015f   Thumb Code     0  startup_stm32f10x_hd.o(.text)
    SPI3_IRQHandler                          0x0800015f   Thumb Code     0  startup_stm32f10x_hd.o(.text)
    TAMPER_IRQHandler                        0x0800015f   Thumb Code     0  startup_stm32f10x_hd.o(.text)
    TIM1_BRK_IRQHandler                      0x0800015f   Thumb Code     0  startup_stm32f10x_hd.o(.text)
    TIM1_CC_IRQHandler                       0x0800015f   Thumb Code     0  startup_stm32f10x_hd.o(.text)
    TIM1_TRG_COM_IRQHandler                  0x0800015f   Thumb Code     0  startup_stm32f10x_hd.o(.text)
    TIM1_UP_IRQHandler                       0x0800015f   Thumb Code     0  startup_stm32f10x_hd.o(.text)
    TIM3_IRQHandler                          0x0800015f   Thumb Code     0  startup_stm32f10x_hd.o(.text)
    TIM4_IRQHandler                          0x0800015f   Thumb Code     0  startup_stm32f10x_hd.o(.text)
    TIM5_IRQHandler                          0x0800015f   Thumb Code     0  startup_stm32f10x_hd.o(.text)
    TIM6_IRQHandler                          0x0800015f   Thumb Code     0  startup_stm32f10x_hd.o(.text)
    TIM7_IRQHandler                          0x0800015f   Thumb Code     0  startup_stm32f10x_hd.o(.text)
    TIM8_BRK_IRQHandler                      0x0800015f   Thumb Code     0  startup_stm32f10x_hd.o(.text)
    TIM8_CC_IRQHandler                       0x0800015f   Thumb Code     0  startup_stm32f10x_hd.o(.text)
    TIM8_TRG_COM_IRQHandler                  0x0800015f   Thumb Code     0  startup_stm32f10x_hd.o(.text)
    TIM8_UP_IRQHandler                       0x0800015f   Thumb Code     0  startup_stm32f10x_hd.o(.text)
    UART5_IRQHandler                         0x0800015f   Thumb Code     0  startup_stm32f10x_hd.o(.text)
    USBWakeUp_IRQHandler                     0x0800015f   Thumb Code     0  startup_stm32f10x_hd.o(.text)
    USB_HP_CAN1_TX_IRQHandler                0x0800015f   Thumb Code     0  startup_stm32f10x_hd.o(.text)
    USB_LP_CAN1_RX0_IRQHandler               0x0800015f   Thumb Code     0  startup_stm32f10x_hd.o(.text)
    WWDG_IRQHandler                          0x0800015f   Thumb Code     0  startup_stm32f10x_hd.o(.text)
    __aeabi_memcpy                           0x08000169   Thumb Code    36  memcpya.o(.text)
    __aeabi_memcpy4                          0x08000169   Thumb Code     0  memcpya.o(.text)
    __aeabi_memcpy8                          0x08000169   Thumb Code     0  memcpya.o(.text)
    strlen                                   0x0800018d   Thumb Code    14  strlen.o(.text)
    atoi                                     0x0800019b   Thumb Code    26  atoi.o(.text)
    __aeabi_fadd                             0x080001b5   Thumb Code   164  fadd.o(.text)
    __aeabi_fsub                             0x08000259   Thumb Code     6  fadd.o(.text)
    __aeabi_frsub                            0x0800025f   Thumb Code     6  fadd.o(.text)
    __aeabi_fmul                             0x08000265   Thumb Code   100  fmul.o(.text)
    __aeabi_fdiv                             0x080002c9   Thumb Code   124  fdiv.o(.text)
    __aeabi_dadd                             0x08000345   Thumb Code   322  dadd.o(.text)
    __aeabi_dsub                             0x08000487   Thumb Code     6  dadd.o(.text)
    __aeabi_drsub                            0x0800048d   Thumb Code     6  dadd.o(.text)
    __aeabi_dmul                             0x08000493   Thumb Code   228  dmul.o(.text)
    __aeabi_ddiv                             0x08000577   Thumb Code   222  ddiv.o(.text)
    __aeabi_i2f                              0x08000655   Thumb Code    18  fflti.o(.text)
    __aeabi_ui2f                             0x08000667   Thumb Code    10  ffltui.o(.text)
    __aeabi_f2iz                             0x08000671   Thumb Code    50  ffixi.o(.text)
    __aeabi_f2uiz                            0x080006a3   Thumb Code    40  ffixui.o(.text)
    __aeabi_f2d                              0x080006cb   Thumb Code    38  f2d.o(.text)
    __aeabi_cdrcmple                         0x080006f1   Thumb Code    48  cdrcmple.o(.text)
    __aeabi_d2f                              0x08000721   Thumb Code    56  d2f.o(.text)
    __aeabi_cfcmpeq                          0x08000759   Thumb Code     0  cfcmple.o(.text)
    __aeabi_cfcmple                          0x08000759   Thumb Code    20  cfcmple.o(.text)
    __aeabi_cfrcmple                         0x0800076d   Thumb Code    20  cfrcmple.o(.text)
    __aeabi_llsl                             0x08000781   Thumb Code    30  llshl.o(.text)
    _ll_shift_l                              0x08000781   Thumb Code     0  llshl.o(.text)
    __aeabi_llsr                             0x0800079f   Thumb Code    32  llushr.o(.text)
    _ll_ushift_r                             0x0800079f   Thumb Code     0  llushr.o(.text)
    __aeabi_lasr                             0x080007bf   Thumb Code    36  llsshr.o(.text)
    _ll_sshift_r                             0x080007bf   Thumb Code     0  llsshr.o(.text)
    strtol                                   0x080007e3   Thumb Code   112  strtol.o(.text)
    __I$use$fp                               0x08000853   Thumb Code     0  iusefp.o(.text)
    _float_round                             0x08000853   Thumb Code    18  fepilogue.o(.text)
    _float_epilogue                          0x08000865   Thumb Code    92  fepilogue.o(.text)
    _frnd                                    0x080008c1   Thumb Code    60  frnd.o(.text)
    _double_round                            0x080008fd   Thumb Code    30  depilogue.o(.text)
    _double_epilogue                         0x0800091b   Thumb Code   156  depilogue.o(.text)
    __ARM_scalbn                             0x080009b7   Thumb Code    46  dscalb.o(.text)
    scalbn                                   0x080009b7   Thumb Code     0  dscalb.o(.text)
    _dsqrt                                   0x080009e5   Thumb Code   162  dsqrt.o(.text)
    __scatterload                            0x08000a89   Thumb Code    28  init.o(.text)
    __scatterload_rt2                        0x08000a89   Thumb Code     0  init.o(.text)
    __rt_ctype_table                         0x08000aad   Thumb Code     4  ctype_o.o(.text)
    _strtoul                                 0x08000ab5   Thumb Code   158  _strtoul.o(.text)
    __ARM_scalbnf                            0x08000b53   Thumb Code    24  fscalb.o(.text)
    scalbnf                                  0x08000b53   Thumb Code     0  fscalb.o(.text)
    _chval                                   0x08000b6b   Thumb Code    28  _chval.o(.text)
    AnalysisRemoteData                       0x08000b87   Thumb Code   192  sj_uartmodule.o(i.AnalysisRemoteData)
    BMP280_Config                            0x08000c49   Thumb Code   490  sj_bmp280.o(i.BMP280_Config)
    BusFault_Handler                         0x08000e49   Thumb Code     4  stm32f10x_it.o(i.BusFault_Handler)
    CalcPosiPidOut                           0x08000e4d   Thumb Code   228  sj_pid.o(i.CalcPosiPidOut)
    ControlArithmeticDeal                    0x08000f39   Thumb Code   392  app_mcudeal.o(i.ControlArithmeticDeal)
    CountAngleGyro                           0x080010d9   Thumb Code   420  sj_mpu9250.o(i.CountAngleGyro)
    CyberDataInit                            0x080012a5   Thumb Code    82  app_dataget.o(i.CyberDataInit)
    DEBUG_UART_Init                          0x08001305   Thumb Code   132  sj_uart.o(i.DEBUG_UART_Init)
    DISTANCEDATA_DataGet                     0x08001391   Thumb Code    80  sj_uartmodule.o(i.DISTANCEDATA_DataGet)
    DISTANCE_UART_Init                       0x080013e9   Thumb Code   132  sj_uart.o(i.DISTANCE_UART_Init)
    DebugDataPart                            0x08001475   Thumb Code    36  app_showdebug.o(i.DebugDataPart)
    DebugMon_Handler                         0x0800149d   Thumb Code     2  stm32f10x_it.o(i.DebugMon_Handler)
    GPIO_Init                                0x08001515   Thumb Code   278  stm32f10x_gpio.o(i.GPIO_Init)
    GPIO_ReadInputDataBit                    0x0800162b   Thumb Code    18  stm32f10x_gpio.o(i.GPIO_ReadInputDataBit)
    GPIO_ResetBits                           0x0800163d   Thumb Code     4  stm32f10x_gpio.o(i.GPIO_ResetBits)
    GPIO_SetBits                             0x08001641   Thumb Code     4  stm32f10x_gpio.o(i.GPIO_SetBits)
    GetAccData                               0x08001645   Thumb Code   206  sj_mpu9250.o(i.GetAccData)
    GetGyroData                              0x0800172d   Thumb Code   218  sj_mpu9250.o(i.GetGyroData)
    GetTempData                              0x08001821   Thumb Code    34  sj_mpu9250.o(i.GetTempData)
    HardFault_Handler                        0x08001849   Thumb Code     4  stm32f10x_it.o(i.HardFault_Handler)
    HardWareInit                             0x0800184d   Thumb Code    40  main.o(i.HardWareInit)
    I2C_SendACK                              0x08001875   Thumb Code    62  sj_iic.o(i.I2C_SendACK)
    IIC_Config                               0x080018b9   Thumb Code    56  sj_iic.o(i.IIC_Config)
    IIC_start                                0x080018f5   Thumb Code    44  sj_iic.o(i.IIC_start)
    IIC_stop                                 0x08001925   Thumb Code    48  sj_iic.o(i.IIC_stop)
    KEY_Config                               0x08001959   Thumb Code   102  sj_key.o(i.KEY_Config)
    KeyScanfAll                              0x080019d9   Thumb Code    34  sj_key.o(i.KeyScanfAll)
    Key_AddTimeAfterLast                     0x08001a01   Thumb Code    24  sj_key.o(i.Key_AddTimeAfterLast)
    Key_Scanf                                0x08001a1d   Thumb Code    20  sj_key.o(i.Key_Scanf)
    LED_Config                               0x08001a35   Thumb Code    80  sj_led.o(i.LED_Config)
    LED_Operate                              0x08001a89   Thumb Code   202  sj_led.o(i.LED_Operate)
    LPButterworth                            0x08001b59   Thumb Code   116  sj_filter.o(i.LPButterworth)
    MPU9250_Config                           0x08001bcd   Thumb Code   116  sj_mpu9250.o(i.MPU9250_Config)
    MPU9250_DataGet                          0x08001c55   Thumb Code    74  sj_mpu9250.o(i.MPU9250_DataGet)
    MemManage_Handler                        0x08001cb9   Thumb Code     4  stm32f10x_it.o(i.MemManage_Handler)
    MenuDataChange                           0x08001cbd   Thumb Code   164  app_showdebug.o(i.MenuDataChange)
    ModuleDataGetAndHandle                   0x08001d6d   Thumb Code    22  app_dataget.o(i.ModuleDataGetAndHandle)
    ModuleDataHandle                         0x08001d89   Thumb Code   446  app_dataget.o(i.ModuleDataHandle)
    MotorPwmOutputControl                    0x08001f71   Thumb Code   180  app_motorctrl.o(i.MotorPwmOutputControl)
    NMI_Handler                              0x08002039   Thumb Code     2  stm32f10x_it.o(i.NMI_Handler)
    NVIC_Init                                0x0800203d   Thumb Code   100  misc.o(i.NVIC_Init)
    NVIC_PriorityGroupConfig                 0x080020ad   Thumb Code    10  misc.o(i.NVIC_PriorityGroupConfig)
    NavigationDataCal                        0x080020c1   Thumb Code    88  app_mcudeal.o(i.NavigationDataCal)
    OLED_Cls                                 0x08002131   Thumb Code    56  sj_oled.o(i.OLED_Cls)
    OLED_Config                              0x08002169   Thumb Code   154  sj_oled.o(i.OLED_Config)
    OLED_DLY_ms                              0x08002209   Thumb Code    26  sj_oled.o(i.OLED_DLY_ms)
    OLED_Fill                                0x08002223   Thumb Code    58  sj_oled.o(i.OLED_Fill)
    OLED_P6x8Char                            0x0800225d   Thumb Code    74  sj_oled.o(i.OLED_P6x8Char)
    OLED_P6x8Float                           0x080022ad   Thumb Code   336  sj_oled.o(i.OLED_P6x8Float)
    OLED_P6x8Int                             0x080023fd   Thumb Code   154  sj_oled.o(i.OLED_P6x8Int)
    OLED_P6x8Str                             0x08002499   Thumb Code   104  sj_oled.o(i.OLED_P6x8Str)
    OLED_Pin_Init                            0x08002505   Thumb Code    88  sj_oled.o(i.OLED_Pin_Init)
    OLED_Set_Pos                             0x08002561   Thumb Code    36  sj_oled.o(i.OLED_Set_Pos)
    OLED_WrCmd                               0x08002585   Thumb Code    90  sj_oled.o(i.OLED_WrCmd)
    OLED_WrDat                               0x080025e5   Thumb Code    90  sj_oled.o(i.OLED_WrDat)
    OPTICALFLOW_DataGet                      0x08002645   Thumb Code   272  sj_uartmodule.o(i.OPTICALFLOW_DataGet)
    OPTICALFLOW_UART_Init                    0x08002779   Thumb Code   132  sj_uart.o(i.OPTICALFLOW_UART_Init)
    OffsetDataSet                            0x08002805   Thumb Code    76  app_dataget.o(i.OffsetDataSet)
    OledShowDebugFace                        0x08002865   Thumb Code    16  app_showdebug.o(i.OledShowDebugFace)
    OledShowMessage                          0x08002875   Thumb Code   648  app_showdebug.o(i.OledShowMessage)
    PWM_Config                               0x08002bc9   Thumb Code    12  sj_pwm.o(i.PWM_Config)
    PWM_Operate                              0x08002bd5   Thumb Code    52  sj_pwm.o(i.PWM_Operate)
    PendSV_Handler                           0x08002c0d   Thumb Code     2  stm32f10x_it.o(i.PendSV_Handler)
    PidDataInit                              0x08002c11   Thumb Code   336  app_mcudeal.o(i.PidDataInit)
    PostureDataCal                           0x08002da9   Thumb Code   106  app_mcudeal.o(i.PostureDataCal)
    RCC_APB1PeriphClockCmd                   0x08002e2d   Thumb Code    26  stm32f10x_rcc.o(i.RCC_APB1PeriphClockCmd)
    RCC_APB2PeriphClockCmd                   0x08002e4d   Thumb Code    26  stm32f10x_rcc.o(i.RCC_APB2PeriphClockCmd)
    RCC_GetClocksFreq                        0x08002e6d   Thumb Code   192  stm32f10x_rcc.o(i.RCC_GetClocksFreq)
    REMOTEDATA_DataGet                       0x08002f41   Thumb Code    34  sj_uartmodule.o(i.REMOTEDATA_DataGet)
    REMOTE_UART_Init                         0x08002f69   Thumb Code   128  sj_uart.o(i.REMOTE_UART_Init)
    RemoteDataCheck                          0x08002ff1   Thumb Code    98  sj_uartmodule.o(i.RemoteDataCheck)
    SVC_Handler                              0x08003099   Thumb Code     2  stm32f10x_it.o(i.SVC_Handler)
    ScanfKey                                 0x0800309d   Thumb Code    54  sj_key.o(i.ScanfKey)
    SetAddressingMode                        0x080030d9   Thumb Code    18  sj_oled.o(i.SetAddressingMode)
    SetContrastControl                       0x080030eb   Thumb Code    18  sj_oled.o(i.SetContrastControl)
    SetPosiPidParm                           0x080030fd   Thumb Code   120  sj_pid.o(i.SetPosiPidParm)
    SetStartLine                             0x0800317d   Thumb Code    14  sj_oled.o(i.SetStartLine)
    Set_Charge_Pump                          0x08003275   Thumb Code    20  sj_oled.o(i.Set_Charge_Pump)
    Set_Common_Config                        0x08003289   Thumb Code    20  sj_oled.o(i.Set_Common_Config)
    Set_Common_Remap                         0x0800329d   Thumb Code    14  sj_oled.o(i.Set_Common_Remap)
    Set_Cutoff_Frequency                     0x080032ad   Thumb Code   248  sj_filter.o(i.Set_Cutoff_Frequency)
    Set_Display_Clock                        0x080033ad   Thumb Code    18  sj_oled.o(i.Set_Display_Clock)
    Set_Display_Offset                       0x080033bf   Thumb Code    18  sj_oled.o(i.Set_Display_Offset)
    Set_Display_On_Off                       0x080033d1   Thumb Code    14  sj_oled.o(i.Set_Display_On_Off)
    Set_Entire_Display                       0x080033df   Thumb Code    14  sj_oled.o(i.Set_Entire_Display)
    Set_Inverse_Display                      0x080033ed   Thumb Code    14  sj_oled.o(i.Set_Inverse_Display)
    Set_Multiplex_Ratio                      0x080033fb   Thumb Code    18  sj_oled.o(i.Set_Multiplex_Ratio)
    Set_Precharge_Period                     0x0800340d   Thumb Code    18  sj_oled.o(i.Set_Precharge_Period)
    Set_Segment_Remap                        0x0800341f   Thumb Code    14  sj_oled.o(i.Set_Segment_Remap)
    Set_VCOMH                                0x0800342d   Thumb Code    18  sj_oled.o(i.Set_VCOMH)
    SoftWareInit                             0x0800343f   Thumb Code    20  main.o(i.SoftWareInit)
    SysTick_Handler                          0x08003453   Thumb Code     2  stm32f10x_it.o(i.SysTick_Handler)
    SystemInit                               0x08003455   Thumb Code    78  system_stm32f10x.o(i.SystemInit)
    TIM2_IRQHandler                          0x080034b5   Thumb Code    64  stm32f10x_it.o(i.TIM2_IRQHandler)
    TIM_ClearFlag                            0x080035e9   Thumb Code     6  stm32f10x_tim.o(i.TIM_ClearFlag)
    TIM_ClearITPendingBit                    0x080035ef   Thumb Code     6  stm32f10x_tim.o(i.TIM_ClearITPendingBit)
    TIM_Cmd                                  0x080035f5   Thumb Code    24  stm32f10x_tim.o(i.TIM_Cmd)
    TIM_Config                               0x0800360d   Thumb Code    12  sj_tim.o(i.TIM_Config)
    TIM_GetITStatus                          0x08003619   Thumb Code    34  stm32f10x_tim.o(i.TIM_GetITStatus)
    TIM_ITConfig                             0x0800363b   Thumb Code    18  stm32f10x_tim.o(i.TIM_ITConfig)
    TIM_OC1Init                              0x0800364d   Thumb Code   132  stm32f10x_tim.o(i.TIM_OC1Init)
    TIM_OC1PreloadConfig                     0x080036e5   Thumb Code    18  stm32f10x_tim.o(i.TIM_OC1PreloadConfig)
    TIM_OC2Init                              0x080036f9   Thumb Code   154  stm32f10x_tim.o(i.TIM_OC2Init)
    TIM_OC2PreloadConfig                     0x0800379d   Thumb Code    26  stm32f10x_tim.o(i.TIM_OC2PreloadConfig)
    TIM_OC3Init                              0x080037b9   Thumb Code   150  stm32f10x_tim.o(i.TIM_OC3Init)
    TIM_OC3PreloadConfig                     0x08003859   Thumb Code    18  stm32f10x_tim.o(i.TIM_OC3PreloadConfig)
    TIM_OC4Init                              0x0800386d   Thumb Code   114  stm32f10x_tim.o(i.TIM_OC4Init)
    TIM_OC4PreloadConfig                     0x080038e9   Thumb Code    26  stm32f10x_tim.o(i.TIM_OC4PreloadConfig)
    TIM_TimeBaseInit                         0x08003905   Thumb Code   122  stm32f10x_tim.o(i.TIM_TimeBaseInit)
    UART4_IRQHandler                         0x080039a9   Thumb Code   160  stm32f10x_it.o(i.UART4_IRQHandler)
    USART1_IRQHandler                        0x08003af9   Thumb Code    32  stm32f10x_it.o(i.USART1_IRQHandler)
    USART2_IRQHandler                        0x08003b1d   Thumb Code   106  stm32f10x_it.o(i.USART2_IRQHandler)
    USART3_IRQHandler                        0x08003b9d   Thumb Code   180  stm32f10x_it.o(i.USART3_IRQHandler)
    USART_Cmd                                0x08003c65   Thumb Code    24  stm32f10x_usart.o(i.USART_Cmd)
    USART_Config                             0x08003c7d   Thumb Code    24  sj_uart.o(i.USART_Config)
    USART_GetFlagStatus                      0x08003c95   Thumb Code    26  stm32f10x_usart.o(i.USART_GetFlagStatus)
    USART_GetITStatus                        0x08003caf   Thumb Code    84  stm32f10x_usart.o(i.USART_GetITStatus)
    USART_ITConfig                           0x08003d03   Thumb Code    74  stm32f10x_usart.o(i.USART_ITConfig)
    USART_Init                               0x08003d4d   Thumb Code   210  stm32f10x_usart.o(i.USART_Init)
    USART_ReceiveData                        0x08003e25   Thumb Code    10  stm32f10x_usart.o(i.USART_ReceiveData)
    USART_SendData                           0x08003e2f   Thumb Code     8  stm32f10x_usart.o(i.USART_SendData)
    UartDataGetAndSend                       0x08003e39   Thumb Code    36  app_uartsend.o(i.UartDataGetAndSend)
    UsageFault_Handler                       0x08003e6d   Thumb Code     4  stm32f10x_it.o(i.UsageFault_Handler)
    __ARM_fpclassify                         0x08003e71   Thumb Code    40  fpclassify.o(i.__ARM_fpclassify)
    __ARM_fpclassifyf                        0x08003e99   Thumb Code    38  fpclassifyf.o(i.__ARM_fpclassifyf)
    __aeabi_errno_addr                       0x08003ec1   Thumb Code     4  errno.o(i.__aeabi_errno_addr)
    __rt_errno_addr                          0x08003ec1   Thumb Code     0  errno.o(i.__aeabi_errno_addr)
    __kernel_poly                            0x08003ec9   Thumb Code   170  poly.o(i.__kernel_poly)
    __mathlib_dbl_infnan                     0x08003f73   Thumb Code     6  dunder.o(i.__mathlib_dbl_infnan)
    __mathlib_dbl_underflow                  0x08003f79   Thumb Code    10  dunder.o(i.__mathlib_dbl_underflow)
    __mathlib_flt_infnan                     0x08003f89   Thumb Code     6  funder.o(i.__mathlib_flt_infnan)
    __mathlib_flt_invalid                    0x08003f8f   Thumb Code     8  funder.o(i.__mathlib_flt_invalid)
    __mathlib_flt_underflow                  0x08003f97   Thumb Code    10  funder.o(i.__mathlib_flt_underflow)
    __mathlib_rredf2                         0x08003fa1   Thumb Code   344  rredf.o(i.__mathlib_rredf2)
    __scatterload_copy                       0x08004109   Thumb Code    14  handlers.o(i.__scatterload_copy)
    __scatterload_null                       0x08004117   Thumb Code     2  handlers.o(i.__scatterload_null)
    __scatterload_zeroinit                   0x08004119   Thumb Code    14  handlers.o(i.__scatterload_zeroinit)
    __set_errno                              0x08004129   Thumb Code     6  errno.o(i.__set_errno)
    atan                                     0x08004135   Thumb Code   474  atan.o(i.atan)
    cosf                                     0x08004355   Thumb Code   328  cosf.o(i.cosf)
    highspeeddatafuse                        0x080044f5   Thumb Code   242  sj_uartmodule.o(i.highspeeddatafuse)
    iic_delay                                0x0800460d   Thumb Code    16  sj_iic.o(i.iic_delay)
    iic_read_reg                             0x0800461d   Thumb Code    74  sj_iic.o(i.iic_read_reg)
    iic_read_regs                            0x08004667   Thumb Code    98  sj_iic.o(i.iic_read_regs)
    iic_write_reg                            0x080046c9   Thumb Code    42  sj_iic.o(i.iic_write_reg)
    invSqrt                                  0x080046f5   Thumb Code    72  sj_math.o(i.invSqrt)
    main                                     0x08004741   Thumb Code    80  main.o(i.main)
    rangelimitInt                            0x080047a9   Thumb Code    20  sj_math.o(i.rangelimitInt)
    read_ch                                  0x080047bd   Thumb Code   106  sj_iic.o(i.read_ch)
    send_ch                                  0x0800482d   Thumb Code    76  sj_iic.o(i.send_ch)
    sqrt                                     0x0800487d   Thumb Code    76  sqrt.o(i.sqrt)
    tanf                                     0x080048c9   Thumb Code   314  tanf.o(i.tanf)
    uart_putbuff                             0x08004a3d   Thumb Code    30  app_uartsend.o(i.uart_putbuff)
    uart_send_char                           0x08004a5b   Thumb Code    30  app_uartsend.o(i.uart_send_char)
    vcan_sendware                            0x08004a79   Thumb Code    52  app_uartsend.o(i.vcan_sendware)
    F6x8                                     0x08004ab4   Data         552  sj_oled.o(.constdata)
    F14x16_Idx                               0x08004cdc   Data           7  sj_oled.o(.constdata)
    F14x16                                   0x08004ce3   Data          56  sj_oled.o(.constdata)
    __ctype_table                            0x08004dd8   Data         129  ctype_o.o(.constdata)
    Region$$Table$$Base                      0x08004e60   Number         0  anon$$obj.o(Region$$Table)
    Region$$Table$$Limit                     0x08004e80   Number         0  anon$$obj.o(Region$$Table)
    MainStatus                               0x20000000   Data           1  main.o(.data)
    Bandstop_Filter_Parameter_30_98          0x20000010   Data          24  sj_filter.o(.data)
    Bandstop_Filter_Parameter_30_94          0x20000028   Data          24  sj_filter.o(.data)
    Notch_Filter_Parameter_55hz              0x20000040   Data          24  sj_filter.o(.data)
    keyMode                                  0x2000005e   Data           1  sj_key.o(.data)
    Yaw                                      0x20000064   Data           8  sj_mpu9250.o(.data)
    temp                                     0x2000006c   Data           4  sj_mpu9250.o(.data)
    DistanceBuff                             0x20000088   Data           8  sj_uartmodule.o(.data)
    fusespeed                                0x20000090   Data           4  sj_uartmodule.o(.data)
    laserspeed                               0x20000094   Data           4  sj_uartmodule.o(.data)
    acczspeed                                0x20000098   Data           4  sj_uartmodule.o(.data)
    onlyacczspeed                            0x2000009c   Data           4  sj_uartmodule.o(.data)
    Cyber                                    0x200000b8   Data           8  app_dataget.o(.data)
    mpudata                                  0x20000114   Data          40  sj_mpu9250.o(.bss)
    Angle                                    0x2000013c   Data          96  sj_mpu9250.o(.bss)
    Pitch                                    0x2000019c   Data          16  sj_mpu9250.o(.bss)
    Roll                                     0x200001ac   Data          16  sj_mpu9250.o(.bss)
    Accel_Parameter                          0x200001bc   Data          24  sj_mpu9250.o(.bss)
    Gyro_Parameter                           0x200001d4   Data          24  sj_mpu9250.o(.bss)
    gyro_filter_buf_1                        0x200001ec   Data          72  sj_mpu9250.o(.bss)
    gyro_filter_buf_2                        0x20000234   Data          72  sj_mpu9250.o(.bss)
    acc_filter_buf_1                         0x2000027c   Data          72  sj_mpu9250.o(.bss)
    acc_filter_buf_2                         0x200002c4   Data          72  sj_mpu9250.o(.bss)
    bmpdata                                  0x2000030c   Data          12  sj_bmp280.o(.bss)
    bmp280Cal                                0x20000318   Data          52  sj_bmp280.o(.bss)
    remotedata                               0x20000360   Data          20  sj_uartmodule.o(.bss)
    RemoteBuff                               0x20000374   Data          30  sj_uartmodule.o(.bss)
    cameradata                               0x20000394   Data          16  sj_uartmodule.o(.bss)
    CameraStr                                0x200003a4   Data          30  sj_uartmodule.o(.bss)
    laserdata                                0x200003c4   Data          12  sj_uartmodule.o(.bss)
    Flow                                     0x200003d0   Data          16  sj_uartmodule.o(.bss)
    opticalflowdata                          0x200003e0   Data          32  sj_uartmodule.o(.bss)
    OpticalFlowBuff                          0x20000400   Data          30  sj_uartmodule.o(.bss)
    posturedata                              0x20000420   Data          72  app_dataget.o(.bss)
    navigationdata                           0x20000468   Data         108  app_dataget.o(.bss)
    PitchAPid                                0x200004d4   Data         120  app_mcudeal.o(.bss)
    YawAPid                                  0x2000054c   Data         120  app_mcudeal.o(.bss)
    RollAPid                                 0x200005c4   Data         120  app_mcudeal.o(.bss)
    PitchGPid                                0x2000063c   Data         120  app_mcudeal.o(.bss)
    YawGPid                                  0x200006b4   Data         120  app_mcudeal.o(.bss)
    RollGPid                                 0x2000072c   Data         120  app_mcudeal.o(.bss)
    HighAPid                                 0x200007a4   Data         120  app_mcudeal.o(.bss)
    HighGPid                                 0x2000081c   Data         120  app_mcudeal.o(.bss)
    HighCPid                                 0x20000894   Data         120  app_mcudeal.o(.bss)
    NavixGPid                                0x2000090c   Data         120  app_mcudeal.o(.bss)
    NaviyGPid                                0x20000984   Data         120  app_mcudeal.o(.bss)
    NavizGPid                                0x200009fc   Data         120  app_mcudeal.o(.bss)
    PostureMot                               0x20000a74   Data          12  app_mcudeal.o(.bss)
    NavigationMot                            0x20000a80   Data          12  app_mcudeal.o(.bss)
    MotorAll                                 0x20000a8c   Data          16  app_mcudeal.o(.bss)
    MotorPosi                                0x20000a9c   Data          16  app_mcudeal.o(.bss)
    MotorNavi                                0x20000aac   Data          16  app_mcudeal.o(.bss)
    senddata                                 0x20000abc   Data          16  app_uartsend.o(.bss)
    __initial_sp                             0x20000ed0   Data           0  startup_stm32f10x_hd.o(STACK)



==============================================================================

Memory Map of the image

  Image Entry point : 0x08000131

  Load Region LR_IROM1 (Base: 0x08000000, Size: 0x00004f60, Max: 0x00080000, ABSOLUTE)

    Execution Region ER_IROM1 (Base: 0x08000000, Size: 0x00004e80, Max: 0x00080000, ABSOLUTE)

    Base Addr    Size         Type   Attr      Idx    E Section Name        Object

    0x08000000   0x00000130   Data   RO         4240    RESET               startup_stm32f10x_hd.o
    0x08000130   0x00000000   Code   RO         4289  * .ARM.Collect$$$$00000000  mc_w.l(entry.o)
    0x08000130   0x00000004   Code   RO         4376    .ARM.Collect$$$$00000001  mc_w.l(entry2.o)
    0x08000134   0x00000004   Code   RO         4379    .ARM.Collect$$$$00000004  mc_w.l(entry5.o)
    0x08000138   0x00000000   Code   RO         4381    .ARM.Collect$$$$00000008  mc_w.l(entry7b.o)
    0x08000138   0x00000000   Code   RO         4383    .ARM.Collect$$$$0000000A  mc_w.l(entry8b.o)
    0x08000138   0x00000008   Code   RO         4384    .ARM.Collect$$$$0000000B  mc_w.l(entry9a.o)
    0x08000140   0x00000000   Code   RO         4386    .ARM.Collect$$$$0000000D  mc_w.l(entry10a.o)
    0x08000140   0x00000000   Code   RO         4388    .ARM.Collect$$$$0000000F  mc_w.l(entry11a.o)
    0x08000140   0x00000004   Code   RO         4377    .ARM.Collect$$$$00002712  mc_w.l(entry2.o)
    0x08000144   0x00000024   Code   RO         4241    .text               startup_stm32f10x_hd.o
    0x08000168   0x00000024   Code   RO         4294    .text               mc_w.l(memcpya.o)
    0x0800018c   0x0000000e   Code   RO         4296    .text               mc_w.l(strlen.o)
    0x0800019a   0x0000001a   Code   RO         4300    .text               mc_w.l(atoi.o)
    0x080001b4   0x000000b0   Code   RO         4302    .text               mf_w.l(fadd.o)
    0x08000264   0x00000064   Code   RO         4304    .text               mf_w.l(fmul.o)
    0x080002c8   0x0000007c   Code   RO         4306    .text               mf_w.l(fdiv.o)
    0x08000344   0x0000014e   Code   RO         4308    .text               mf_w.l(dadd.o)
    0x08000492   0x000000e4   Code   RO         4310    .text               mf_w.l(dmul.o)
    0x08000576   0x000000de   Code   RO         4312    .text               mf_w.l(ddiv.o)
    0x08000654   0x00000012   Code   RO         4314    .text               mf_w.l(fflti.o)
    0x08000666   0x0000000a   Code   RO         4316    .text               mf_w.l(ffltui.o)
    0x08000670   0x00000032   Code   RO         4320    .text               mf_w.l(ffixi.o)
    0x080006a2   0x00000028   Code   RO         4322    .text               mf_w.l(ffixui.o)
    0x080006ca   0x00000026   Code   RO         4326    .text               mf_w.l(f2d.o)
    0x080006f0   0x00000030   Code   RO         4330    .text               mf_w.l(cdrcmple.o)
    0x08000720   0x00000038   Code   RO         4332    .text               mf_w.l(d2f.o)
    0x08000758   0x00000014   Code   RO         4334    .text               mf_w.l(cfcmple.o)
    0x0800076c   0x00000014   Code   RO         4336    .text               mf_w.l(cfrcmple.o)
    0x08000780   0x0000001e   Code   RO         4392    .text               mc_w.l(llshl.o)
    0x0800079e   0x00000020   Code   RO         4394    .text               mc_w.l(llushr.o)
    0x080007be   0x00000024   Code   RO         4396    .text               mc_w.l(llsshr.o)
    0x080007e2   0x00000070   Code   RO         4405    .text               mc_w.l(strtol.o)
    0x08000852   0x00000000   Code   RO         4407    .text               mc_w.l(iusefp.o)
    0x08000852   0x0000006e   Code   RO         4408    .text               mf_w.l(fepilogue.o)
    0x080008c0   0x0000003c   Code   RO         4410    .text               mf_w.l(frnd.o)
    0x080008fc   0x000000ba   Code   RO         4412    .text               mf_w.l(depilogue.o)
    0x080009b6   0x0000002e   Code   RO         4414    .text               mf_w.l(dscalb.o)
    0x080009e4   0x000000a2   Code   RO         4416    .text               mf_w.l(dsqrt.o)
    0x08000a86   0x00000002   PAD
    0x08000a88   0x00000024   Code   RO         4418    .text               mc_w.l(init.o)
    0x08000aac   0x00000008   Code   RO         4420    .text               mc_w.l(ctype_o.o)
    0x08000ab4   0x0000009e   Code   RO         4448    .text               mc_w.l(_strtoul.o)
    0x08000b52   0x00000018   Code   RO         4450    .text               mf_w.l(fscalb.o)
    0x08000b6a   0x0000001c   Code   RO         4452    .text               mc_w.l(_chval.o)
    0x08000b86   0x000000c0   Code   RO          955    i.AnalysisRemoteData  sj_uartmodule.o
    0x08000c46   0x00000002   PAD
    0x08000c48   0x00000200   Code   RO          905    i.BMP280_Config     sj_bmp280.o
    0x08000e48   0x00000004   Code   RO          150    i.BusFault_Handler  stm32f10x_it.o
    0x08000e4c   0x000000ec   Code   RO          370    i.CalcPosiPidOut    sj_pid.o
    0x08000f38   0x000001a0   Code   RO         1086    i.ControlArithmeticDeal  app_mcudeal.o
    0x080010d8   0x000001cc   Code   RO          852    i.CountAngleGyro    sj_mpu9250.o
    0x080012a4   0x00000060   Code   RO         1035    i.CyberDataInit     app_dataget.o
    0x08001304   0x0000008c   Code   RO          535    i.DEBUG_UART_Init   sj_uart.o
    0x08001390   0x00000058   Code   RO          956    i.DISTANCEDATA_DataGet  sj_uartmodule.o
    0x080013e8   0x0000008c   Code   RO          536    i.DISTANCE_UART_Init  sj_uart.o
    0x08001474   0x00000028   Code   RO         1139    i.DebugDataPart     app_showdebug.o
    0x0800149c   0x00000002   Code   RO          151    i.DebugMon_Handler  stm32f10x_it.o
    0x0800149e   0x0000004c   Code   RO          613    i.GENERAL_TIM_Mode_Config  sj_tim.o
    0x080014ea   0x0000002a   Code   RO          614    i.GENERAL_TIM_NVIC_Config  sj_tim.o
    0x08001514   0x00000116   Code   RO         1433    i.GPIO_Init         stm32f10x_gpio.o
    0x0800162a   0x00000012   Code   RO         1437    i.GPIO_ReadInputDataBit  stm32f10x_gpio.o
    0x0800163c   0x00000004   Code   RO         1440    i.GPIO_ResetBits    stm32f10x_gpio.o
    0x08001640   0x00000004   Code   RO         1441    i.GPIO_SetBits      stm32f10x_gpio.o
    0x08001644   0x000000e8   Code   RO          853    i.GetAccData        sj_mpu9250.o
    0x0800172c   0x000000f4   Code   RO          854    i.GetGyroData       sj_mpu9250.o
    0x08001820   0x00000028   Code   RO          855    i.GetTempData       sj_mpu9250.o
    0x08001848   0x00000004   Code   RO          152    i.HardFault_Handler  stm32f10x_it.o
    0x0800184c   0x00000028   Code   RO            1    i.HardWareInit      main.o
    0x08001874   0x00000044   Code   RO          245    i.I2C_SendACK       sj_iic.o
    0x080018b8   0x0000003c   Code   RO          246    i.IIC_Config        sj_iic.o
    0x080018f4   0x00000030   Code   RO          247    i.IIC_start         sj_iic.o
    0x08001924   0x00000034   Code   RO          248    i.IIC_stop          sj_iic.o
    0x08001958   0x0000006c   Code   RO          419    i.KEY_Config        sj_key.o
    0x080019c4   0x00000014   Code   RO          420    i.KeyChooseSpeed    sj_key.o
    0x080019d8   0x00000028   Code   RO          421    i.KeyScanfAll       sj_key.o
    0x08001a00   0x0000001c   Code   RO          423    i.Key_AddTimeAfterLast  sj_key.o
    0x08001a1c   0x00000018   Code   RO          424    i.Key_Scanf         sj_key.o
    0x08001a34   0x00000054   Code   RO          394    i.LED_Config        sj_led.o
    0x08001a88   0x000000d0   Code   RO          395    i.LED_Operate       sj_led.o
    0x08001b58   0x00000074   Code   RO          346    i.LPButterworth     sj_filter.o
    0x08001bcc   0x00000088   Code   RO          856    i.MPU9250_Config    sj_mpu9250.o
    0x08001c54   0x00000064   Code   RO          857    i.MPU9250_DataGet   sj_mpu9250.o
    0x08001cb8   0x00000004   Code   RO          153    i.MemManage_Handler  stm32f10x_it.o
    0x08001cbc   0x000000b0   Code   RO         1140    i.MenuDataChange    app_showdebug.o
    0x08001d6c   0x0000001c   Code   RO         1036    i.ModuleDataGetAndHandle  app_dataget.o
    0x08001d88   0x000001e8   Code   RO         1037    i.ModuleDataHandle  app_dataget.o
    0x08001f70   0x000000c8   Code   RO         1127    i.MotorPwmOutputControl  app_motorctrl.o
    0x08002038   0x00000002   Code   RO          154    i.NMI_Handler       stm32f10x_it.o
    0x0800203a   0x00000002   PAD
    0x0800203c   0x00000070   Code   RO         1214    i.NVIC_Init         misc.o
    0x080020ac   0x00000014   Code   RO         1215    i.NVIC_PriorityGroupConfig  misc.o
    0x080020c0   0x00000070   Code   RO         1087    i.NavigationDataCal  app_mcudeal.o
    0x08002130   0x00000038   Code   RO          635    i.OLED_Cls          sj_oled.o
    0x08002168   0x000000a0   Code   RO          636    i.OLED_Config       sj_oled.o
    0x08002208   0x0000001a   Code   RO          637    i.OLED_DLY_ms       sj_oled.o
    0x08002222   0x0000003a   Code   RO          638    i.OLED_Fill         sj_oled.o
    0x0800225c   0x00000050   Code   RO          639    i.OLED_P6x8Char     sj_oled.o
    0x080022ac   0x00000150   Code   RO          640    i.OLED_P6x8Float    sj_oled.o
    0x080023fc   0x0000009a   Code   RO          641    i.OLED_P6x8Int      sj_oled.o
    0x08002496   0x00000002   PAD
    0x08002498   0x0000006c   Code   RO          642    i.OLED_P6x8Str      sj_oled.o
    0x08002504   0x0000005c   Code   RO          643    i.OLED_Pin_Init     sj_oled.o
    0x08002560   0x00000024   Code   RO          645    i.OLED_Set_Pos      sj_oled.o
    0x08002584   0x00000060   Code   RO          646    i.OLED_WrCmd        sj_oled.o
    0x080025e4   0x00000060   Code   RO          647    i.OLED_WrDat        sj_oled.o
    0x08002644   0x00000134   Code   RO          957    i.OPTICALFLOW_DataGet  sj_uartmodule.o
    0x08002778   0x0000008c   Code   RO          537    i.OPTICALFLOW_UART_Init  sj_uart.o
    0x08002804   0x00000060   Code   RO         1038    i.OffsetDataSet     app_dataget.o
    0x08002864   0x00000010   Code   RO         1141    i.OledShowDebugFace  app_showdebug.o
    0x08002874   0x00000354   Code   RO         1142    i.OledShowMessage   app_showdebug.o
    0x08002bc8   0x0000000c   Code   RO          507    i.PWM_Config        sj_pwm.o
    0x08002bd4   0x00000038   Code   RO          508    i.PWM_Operate       sj_pwm.o
    0x08002c0c   0x00000002   Code   RO          155    i.PendSV_Handler    stm32f10x_it.o
    0x08002c0e   0x00000002   PAD
    0x08002c10   0x00000198   Code   RO         1088    i.PidDataInit       app_mcudeal.o
    0x08002da8   0x00000084   Code   RO         1089    i.PostureDataCal    app_mcudeal.o
    0x08002e2c   0x00000020   Code   RO         1543    i.RCC_APB1PeriphClockCmd  stm32f10x_rcc.o
    0x08002e4c   0x00000020   Code   RO         1545    i.RCC_APB2PeriphClockCmd  stm32f10x_rcc.o
    0x08002e6c   0x000000d4   Code   RO         1553    i.RCC_GetClocksFreq  stm32f10x_rcc.o
    0x08002f40   0x00000028   Code   RO          958    i.REMOTEDATA_DataGet  sj_uartmodule.o
    0x08002f68   0x00000088   Code   RO          538    i.REMOTE_UART_Init  sj_uart.o
    0x08002ff0   0x00000062   Code   RO          959    i.RemoteDataCheck   sj_uartmodule.o
    0x08003052   0x00000002   PAD
    0x08003054   0x00000044   Code   RO          249    i.SCCB_WaitAck      sj_iic.o
    0x08003098   0x00000002   Code   RO          156    i.SVC_Handler       stm32f10x_it.o
    0x0800309a   0x00000002   PAD
    0x0800309c   0x0000003c   Code   RO          425    i.ScanfKey          sj_key.o
    0x080030d8   0x00000012   Code   RO          648    i.SetAddressingMode  sj_oled.o
    0x080030ea   0x00000012   Code   RO          650    i.SetContrastControl  sj_oled.o
    0x080030fc   0x00000080   Code   RO          372    i.SetPosiPidParm    sj_pid.o
    0x0800317c   0x0000000e   Code   RO          653    i.SetStartLine      sj_oled.o
    0x0800318a   0x00000008   Code   RO         4204    i.SetSysClock       system_stm32f10x.o
    0x08003192   0x00000002   PAD
    0x08003194   0x000000e0   Code   RO         4205    i.SetSysClockTo72   system_stm32f10x.o
    0x08003274   0x00000014   Code   RO          655    i.Set_Charge_Pump   sj_oled.o
    0x08003288   0x00000014   Code   RO          656    i.Set_Common_Config  sj_oled.o
    0x0800329c   0x0000000e   Code   RO          657    i.Set_Common_Remap  sj_oled.o
    0x080032aa   0x00000002   PAD
    0x080032ac   0x00000100   Code   RO          347    i.Set_Cutoff_Frequency  sj_filter.o
    0x080033ac   0x00000012   Code   RO          658    i.Set_Display_Clock  sj_oled.o
    0x080033be   0x00000012   Code   RO          659    i.Set_Display_Offset  sj_oled.o
    0x080033d0   0x0000000e   Code   RO          660    i.Set_Display_On_Off  sj_oled.o
    0x080033de   0x0000000e   Code   RO          661    i.Set_Entire_Display  sj_oled.o
    0x080033ec   0x0000000e   Code   RO          662    i.Set_Inverse_Display  sj_oled.o
    0x080033fa   0x00000012   Code   RO          663    i.Set_Multiplex_Ratio  sj_oled.o
    0x0800340c   0x00000012   Code   RO          665    i.Set_Precharge_Period  sj_oled.o
    0x0800341e   0x0000000e   Code   RO          666    i.Set_Segment_Remap  sj_oled.o
    0x0800342c   0x00000012   Code   RO          667    i.Set_VCOMH         sj_oled.o
    0x0800343e   0x00000014   Code   RO            2    i.SoftWareInit      main.o
    0x08003452   0x00000002   Code   RO          157    i.SysTick_Handler   stm32f10x_it.o
    0x08003454   0x00000060   Code   RO         4207    i.SystemInit        system_stm32f10x.o
    0x080034b4   0x00000044   Code   RO          158    i.TIM2_IRQHandler   stm32f10x_it.o
    0x080034f8   0x00000060   Code   RO          509    i.TIM3_GPIO_Config  sj_pwm.o
    0x08003558   0x00000090   Code   RO          510    i.TIM3_Mode_Config  sj_pwm.o
    0x080035e8   0x00000006   Code   RO         3418    i.TIM_ClearFlag     stm32f10x_tim.o
    0x080035ee   0x00000006   Code   RO         3419    i.TIM_ClearITPendingBit  stm32f10x_tim.o
    0x080035f4   0x00000018   Code   RO         3424    i.TIM_Cmd           stm32f10x_tim.o
    0x0800360c   0x0000000c   Code   RO          615    i.TIM_Config        sj_tim.o
    0x08003618   0x00000022   Code   RO         3445    i.TIM_GetITStatus   stm32f10x_tim.o
    0x0800363a   0x00000012   Code   RO         3449    i.TIM_ITConfig      stm32f10x_tim.o
    0x0800364c   0x00000098   Code   RO         3453    i.TIM_OC1Init       stm32f10x_tim.o
    0x080036e4   0x00000012   Code   RO         3456    i.TIM_OC1PreloadConfig  stm32f10x_tim.o
    0x080036f6   0x00000002   PAD
    0x080036f8   0x000000a4   Code   RO         3458    i.TIM_OC2Init       stm32f10x_tim.o
    0x0800379c   0x0000001a   Code   RO         3461    i.TIM_OC2PreloadConfig  stm32f10x_tim.o
    0x080037b6   0x00000002   PAD
    0x080037b8   0x000000a0   Code   RO         3463    i.TIM_OC3Init       stm32f10x_tim.o
    0x08003858   0x00000012   Code   RO         3466    i.TIM_OC3PreloadConfig  stm32f10x_tim.o
    0x0800386a   0x00000002   PAD
    0x0800386c   0x0000007c   Code   RO         3468    i.TIM_OC4Init       stm32f10x_tim.o
    0x080038e8   0x0000001a   Code   RO         3470    i.TIM_OC4PreloadConfig  stm32f10x_tim.o
    0x08003902   0x00000002   PAD
    0x08003904   0x000000a4   Code   RO         3495    i.TIM_TimeBaseInit  stm32f10x_tim.o
    0x080039a8   0x000000b4   Code   RO          159    i.UART4_IRQHandler  stm32f10x_it.o
    0x08003a5c   0x0000009a   Code   RO          539    i.UART_NVIC_Config  sj_uart.o
    0x08003af6   0x00000002   PAD
    0x08003af8   0x00000024   Code   RO          160    i.USART1_IRQHandler  stm32f10x_it.o
    0x08003b1c   0x00000080   Code   RO          161    i.USART2_IRQHandler  stm32f10x_it.o
    0x08003b9c   0x000000c8   Code   RO          162    i.USART3_IRQHandler  stm32f10x_it.o
    0x08003c64   0x00000018   Code   RO         3960    i.USART_Cmd         stm32f10x_usart.o
    0x08003c7c   0x00000018   Code   RO          540    i.USART_Config      sj_uart.o
    0x08003c94   0x0000001a   Code   RO         3963    i.USART_GetFlagStatus  stm32f10x_usart.o
    0x08003cae   0x00000054   Code   RO         3964    i.USART_GetITStatus  stm32f10x_usart.o
    0x08003d02   0x0000004a   Code   RO         3966    i.USART_ITConfig    stm32f10x_usart.o
    0x08003d4c   0x000000d8   Code   RO         3967    i.USART_Init        stm32f10x_usart.o
    0x08003e24   0x0000000a   Code   RO         3974    i.USART_ReceiveData  stm32f10x_usart.o
    0x08003e2e   0x00000008   Code   RO         3977    i.USART_SendData    stm32f10x_usart.o
    0x08003e36   0x00000002   PAD
    0x08003e38   0x00000034   Code   RO         1171    i.UartDataGetAndSend  app_uartsend.o
    0x08003e6c   0x00000004   Code   RO          163    i.UsageFault_Handler  stm32f10x_it.o
    0x08003e70   0x00000028   Code   RO         4352    i.__ARM_fpclassify  m_ws.l(fpclassify.o)
    0x08003e98   0x00000026   Code   RO         4354    i.__ARM_fpclassifyf  m_ws.l(fpclassifyf.o)
    0x08003ebe   0x00000002   PAD
    0x08003ec0   0x00000008   Code   RO         4398    i.__aeabi_errno_addr  mc_w.l(errno.o)
    0x08003ec8   0x000000aa   Code   RO         4370    i.__kernel_poly     m_ws.l(poly.o)
    0x08003f72   0x00000006   Code   RO         4339    i.__mathlib_dbl_infnan  m_ws.l(dunder.o)
    0x08003f78   0x00000010   Code   RO         4344    i.__mathlib_dbl_underflow  m_ws.l(dunder.o)
    0x08003f88   0x00000006   Code   RO         4357    i.__mathlib_flt_infnan  m_ws.l(funder.o)
    0x08003f8e   0x00000008   Code   RO         4359    i.__mathlib_flt_invalid  m_ws.l(funder.o)
    0x08003f96   0x0000000a   Code   RO         4362    i.__mathlib_flt_underflow  m_ws.l(funder.o)
    0x08003fa0   0x00000168   Code   RO         4373    i.__mathlib_rredf2  m_ws.l(rredf.o)
    0x08004108   0x0000000e   Code   RO         4456    i.__scatterload_copy  mc_w.l(handlers.o)
    0x08004116   0x00000002   Code   RO         4457    i.__scatterload_null  mc_w.l(handlers.o)
    0x08004118   0x0000000e   Code   RO         4458    i.__scatterload_zeroinit  mc_w.l(handlers.o)
    0x08004126   0x00000002   PAD
    0x08004128   0x0000000c   Code   RO         4400    i.__set_errno       mc_w.l(errno.o)
    0x08004134   0x00000220   Code   RO         4246    i.atan              m_ws.l(atan.o)
    0x08004354   0x0000017c   Code   RO         4256    i.cosf              m_ws.l(cosf.o)
    0x080044d0   0x00000022   Code   RO          668    i.digits            sj_oled.o
    0x080044f2   0x00000002   PAD
    0x080044f4   0x00000118   Code   RO          960    i.highspeeddatafuse  sj_uartmodule.o
    0x0800460c   0x00000010   Code   RO          250    i.iic_delay         sj_iic.o
    0x0800461c   0x0000004a   Code   RO          251    i.iic_read_reg      sj_iic.o
    0x08004666   0x00000062   Code   RO          252    i.iic_read_regs     sj_iic.o
    0x080046c8   0x0000002a   Code   RO          253    i.iic_write_reg     sj_iic.o
    0x080046f2   0x00000002   PAD
    0x080046f4   0x0000004c   Code   RO          322    i.invSqrt           sj_math.o
    0x08004740   0x00000054   Code   RO            3    i.main              main.o
    0x08004794   0x00000014   Code   RO          669    i.my_power          sj_oled.o
    0x080047a8   0x00000014   Code   RO          324    i.rangelimitInt     sj_math.o
    0x080047bc   0x00000070   Code   RO          254    i.read_ch           sj_iic.o
    0x0800482c   0x00000050   Code   RO          255    i.send_ch           sj_iic.o
    0x0800487c   0x0000004c   Code   RO         4274    i.sqrt              m_ws.l(sqrt.o)
    0x080048c8   0x00000174   Code   RO         4282    i.tanf              m_ws.l(tanf.o)
    0x08004a3c   0x0000001e   Code   RO         1173    i.uart_putbuff      app_uartsend.o
    0x08004a5a   0x0000001e   Code   RO         1174    i.uart_send_char    app_uartsend.o
    0x08004a78   0x0000003c   Code   RO         1175    i.vcan_sendware     app_uartsend.o
    0x08004ab4   0x00000267   Data   RO          670    .constdata          sj_oled.o
    0x08004d1b   0x00000005   PAD
    0x08004d20   0x00000098   Data   RO         4247    .constdata          m_ws.l(atan.o)
    0x08004db8   0x00000020   Data   RO         4374    .constdata          m_ws.l(rredf.o)
    0x08004dd8   0x00000081   Data   RO         4421    .constdata          mc_w.l(ctype_o.o)
    0x08004e59   0x00000003   PAD
    0x08004e5c   0x00000004   Data   RO         4422    .constdata          mc_w.l(ctype_o.o)
    0x08004e60   0x00000020   Data   RO         4454    Region$$Table       anon$$obj.o


    Execution Region RW_IRAM1 (Base: 0x20000000, Size: 0x00000ed0, Max: 0x00010000, ABSOLUTE)

    Base Addr    Size         Type   Attr      Idx    E Section Name        Object

    0x20000000   0x00000001   Data   RW            4    .data               main.o
    0x20000001   0x00000003   PAD
    0x20000004   0x0000000c   Data   RW          165    .data               stm32f10x_it.o
    0x20000010   0x00000048   Data   RW          348    .data               sj_filter.o
    0x20000058   0x0000000a   Data   RW          427    .data               sj_key.o
    0x20000062   0x00000002   PAD
    0x20000064   0x0000000c   Data   RW          859    .data               sj_mpu9250.o
    0x20000070   0x00000018   Data   RW          913    .data               sj_bmp280.o
    0x20000088   0x00000030   Data   RW          963    .data               sj_uartmodule.o
    0x200000b8   0x00000008   Data   RW         1040    .data               app_dataget.o
    0x200000c0   0x00000008   Data   RW         1143    .data               app_showdebug.o
    0x200000c8   0x00000014   Data   RW         1573    .data               stm32f10x_rcc.o
    0x200000dc   0x00000004   Data   RW         4401    .data               mc_w.l(errno.o)
    0x200000e0   0x00000032   Zero   RW          164    .bss                stm32f10x_it.o
    0x20000112   0x00000002   PAD
    0x20000114   0x000001f8   Zero   RW          858    .bss                sj_mpu9250.o
    0x2000030c   0x00000054   Zero   RW          912    .bss                sj_bmp280.o
    0x20000360   0x000000be   Zero   RW          961    .bss                sj_uartmodule.o
    0x2000041e   0x00000002   PAD
    0x20000420   0x000000b4   Zero   RW         1039    .bss                app_dataget.o
    0x200004d4   0x000005e8   Zero   RW         1090    .bss                app_mcudeal.o
    0x20000abc   0x00000010   Zero   RW         1176    .bss                app_uartsend.o
    0x20000acc   0x00000004   PAD
    0x20000ad0   0x00000400   Zero   RW         4238    STACK               startup_stm32f10x_hd.o


==============================================================================

Image component sizes


      Code (inc. data)   RO Data    RW Data    ZI Data      Debug   Object Name

       708         82          0          8        180       3215   app_dataget.o
      1068        146          0          0       1512       3646   app_mcudeal.o
       200         20          0          0          0        568   app_motorctrl.o
      1084        228          0          8          0       2699   app_showdebug.o
       172         24          0          0         16       3113   app_uartsend.o
         0          0          0          0          0         32   core_cm3.o
       144         10          0          1          0     256644   main.o
       132         22          0          0          0       1715   misc.o
       512         22          0         24         84       4493   sj_bmp280.o
       372          8          0         72          0       2721   sj_filter.o
       718         32          0          0          0       7185   sj_iic.o
       280         32          0         10          0       5641   sj_key.o
       292         10          0          0          0       1203   sj_led.o
        96          4          0          0          0       1150   sj_math.o
      1212        144          0         12        504       6884   sj_mpu9250.o
      1602         32        615          0          0      17679   sj_oled.o
       364         16          0          0          0       1690   sj_pid.o
       308         18          0          0          0       2135   sj_pwm.o
       130          0          0          0          0       1481   sj_tim.o
       734         32          0          0          0       3629   sj_uart.o
      1006         88          0         48        190       6729   sj_uartmodule.o
        36          8        304          0       1024        912   startup_stm32f10x_hd.o
       304          0          0          0          0       3920   stm32f10x_gpio.o
       638         70          0         12         50       6911   stm32f10x_it.o
       276         32          0         20          0       4690   stm32f10x_rcc.o
       940         92          0          0          0      10070   stm32f10x_tim.o
       442          6          0          0          0       6557   stm32f10x_usart.o
       328         28          0          0          0       2293   system_stm32f10x.o

    ----------------------------------------------------------------------
     14130       1206        956        220       3568     369605   Object Totals
         0          0         32          0          0          0   (incl. Generated)
        32          0          5          5          8          0   (incl. Padding)

    ----------------------------------------------------------------------

      Code (inc. data)   RO Data    RW Data    ZI Data      Debug   Library Member Name

       544         70        152          0          0        124   atan.o
       380         52          0          0          0        124   cosf.o
        22          6          0          0          0        136   dunder.o
        40          0          0          0          0         68   fpclassify.o
        38          0          0          0          0         68   fpclassifyf.o
        24          0          0          0          0        204   funder.o
       170          0          0          0          0         96   poly.o
       360         16         32          0          0         88   rredf.o
        76          0          0          0          0         84   sqrt.o
       372         58          0          0          0        124   tanf.o
        28          0          0          0          0         68   _chval.o
       158          0          0          0          0         92   _strtoul.o
        26          0          0          0          0         80   atoi.o
         8          4        133          0          0         68   ctype_o.o
         0          0          0          0          0          0   entry.o
         0          0          0          0          0          0   entry10a.o
         0          0          0          0          0          0   entry11a.o
         8          4          0          0          0          0   entry2.o
         4          0          0          0          0          0   entry5.o
         0          0          0          0          0          0   entry7b.o
         0          0          0          0          0          0   entry8b.o
         8          4          0          0          0          0   entry9a.o
        20         10          0          4          0        136   errno.o
        30          0          0          0          0          0   handlers.o
        36          8          0          0          0         68   init.o
         0          0          0          0          0          0   iusefp.o
        30          0          0          0          0         68   llshl.o
        36          0          0          0          0         68   llsshr.o
        32          0          0          0          0         68   llushr.o
        36          0          0          0          0         68   memcpya.o
        14          0          0          0          0         68   strlen.o
       112          0          0          0          0         88   strtol.o
        48          0          0          0          0         68   cdrcmple.o
        20          0          0          0          0         68   cfcmple.o
        20          0          0          0          0         68   cfrcmple.o
        56          0          0          0          0         88   d2f.o
       334          0          0          0          0        148   dadd.o
       222          0          0          0          0        100   ddiv.o
       186          0          0          0          0        176   depilogue.o
       228          0          0          0          0         96   dmul.o
        46          0          0          0          0         80   dscalb.o
       162          0          0          0          0        100   dsqrt.o
        38          0          0          0          0         68   f2d.o
       176          0          0          0          0        140   fadd.o
       124          0          0          0          0         88   fdiv.o
       110          0          0          0          0        168   fepilogue.o
        50          0          0          0          0         68   ffixi.o
        40          0          0          0          0         68   ffixui.o
        18          0          0          0          0         68   fflti.o
        10          0          0          0          0         68   ffltui.o
       100          0          0          0          0         76   fmul.o
        60          0          0          0          0         76   frnd.o
        24          0          0          0          0         68   fscalb.o

    ----------------------------------------------------------------------
      4690        232        320          4          0       4004   Library Totals
         6          0          3          0          0          0   (incl. Padding)

    ----------------------------------------------------------------------

      Code (inc. data)   RO Data    RW Data    ZI Data      Debug   Library Name

      2026        202        184          0          0       1116   m_ws.l
       586         30        133          4          0        940   mc_w.l
      2072          0          0          0          0       1948   mf_w.l

    ----------------------------------------------------------------------
      4690        232        320          4          0       4004   Library Totals

    ----------------------------------------------------------------------

==============================================================================


      Code (inc. data)   RO Data    RW Data    ZI Data      Debug   

     18820       1438       1276        224       3568     364089   Grand Totals
     18820       1438       1276        224       3568     364089   ELF Image Totals
     18820       1438       1276        224          0          0   ROM Totals

==============================================================================

    Total RO  Size (Code + RO Data)                20096 (  19.63kB)
    Total RW  Size (RW Data + ZI Data)              3792 (   3.70kB)
    Total ROM Size (Code + RO Data + RW Data)      20320 (  19.84kB)

==============================================================================

